WARNING: A terminally deprecated method in sun.misc.Unsafe has been called
WARNING: sun.misc.Unsafe::staticFieldBase has been called by com.google.inject.internal.aop.HiddenClassDefiner (file:/C:/Program%20Files/Maven/lib/guice-5.1.0-classes.jar)
WARNING: Please consider reporting this to the maintainers of class com.google.inject.internal.aop.HiddenClassDefiner
WARNING: sun.misc.Unsafe::staticFieldBase will be removed in a future release
[INFO] Scanning for projects...
[INFO] 
[INFO] --------------< org.fugazi:selenium-automation-shop-app >---------------
[INFO] Building selenium-automation-shop-app 1.0-SNAPSHOT
[INFO]   from pom.xml
[INFO] --------------------------------[ jar ]---------------------------------
[INFO] 
[INFO] --- clean:3.2.0:clean (default-clean) @ selenium-automation-shop-app ---
[INFO] Deleting C:\Douglas\Automation\Proyectos\Selenium\AI\selenium-automation-shop-app\target
[INFO] 
[INFO] --- resources:3.3.1:resources (default-resources) @ selenium-automation-shop-app ---
[INFO] Copying 0 resource from src\main\resources to target\classes
[INFO] 
[INFO] --- compiler:3.12.1:compile (default-compile) @ selenium-automation-shop-app ---
[INFO] Recompiling the module because of changed source code.
[INFO] Compiling 1 source file with javac [debug target 21] to target\classes
[WARNING] location of system modules is not set in conjunction with -source 21
  not setting the location of system modules may lead to class files that cannot run on JDK 21
    --release 21 is recommended instead of -source 21 -target 21 because it sets the location of system modules automatically
[INFO] 
[INFO] --- resources:3.3.1:testResources (default-testResources) @ selenium-automation-shop-app ---
[INFO] Copying 4 resources from src\test\resources to target\test-classes
[INFO] 
[INFO] --- compiler:3.12.1:testCompile (default-testCompile) @ selenium-automation-shop-app ---
[INFO] Recompiling the module because of changed dependency.
[INFO] Compiling 42 source files with javac [debug target 21] to target\test-classes
[WARNING] location of system modules is not set in conjunction with -source 21
  not setting the location of system modules may lead to class files that cannot run on JDK 21
    --release 21 is recommended instead of -source 21 -target 21 because it sets the location of system modules automatically
[INFO] 
[INFO] --- surefire:3.2.5:test (default-test) @ selenium-automation-shop-app ---
[INFO] Using auto detected provider org.apache.maven.surefire.junitplatform.JUnitPlatformProvider
[INFO] 
[INFO] -------------------------------------------------------
[INFO]  T E S T S
[INFO] -------------------------------------------------------
[INFO] Running org.fugazi.tests.AddToCartTest
[INFO] Running org.fugazi.tests.AccessibilityTest
[WARNING] Tests run: 7, Failures: 0, Errors: 0, Skipped: 7, Time elapsed: 0.009 s -- in org.fugazi.tests.AccessibilityTest
[ForkJoinPool-1-worker-6] INFO org.fugazi.tests.AddToCartTest - === Setting up test ===
[INFO] Running org.fugazi.tests.AuthenticationRedirectTest
[ForkJoinPool-1-worker-7] INFO org.fugazi.tests.AddToCartTest - === Setting up test ===
[ForkJoinPool-1-worker-2] INFO org.fugazi.tests.AddToCartTest - === Setting up test ===
[ForkJoinPool-1-worker-4] INFO org.fugazi.tests.AddToCartTest - === Setting up test ===
[ForkJoinPool-1-worker-5] INFO org.fugazi.tests.AddToCartTest - === Setting up test ===
[ForkJoinPool-1-worker-1] INFO org.fugazi.tests.AddToCartTest - === Setting up test ===
[ForkJoinPool-1-worker-3] INFO org.fugazi.tests.AddToCartTest - === Setting up test ===
[ForkJoinPool-1-worker-6] INFO org.fugazi.config.ConfigurationManager - Configuration loaded - URL: https://music-tech-shop.vercel.app, Browser: CHROME, Headless: true
[ForkJoinPool-1-worker-1] INFO org.fugazi.factory.WebDriverFactory - Creating CHROME driver (headless: true)
[ForkJoinPool-1-worker-6] INFO org.fugazi.factory.WebDriverFactory - Creating CHROME driver (headless: true)
[ForkJoinPool-1-worker-7] INFO org.fugazi.factory.WebDriverFactory - Creating CHROME driver (headless: true)
[ForkJoinPool-1-worker-3] INFO org.fugazi.factory.WebDriverFactory - Creating CHROME driver (headless: true)
[ForkJoinPool-1-worker-2] INFO org.fugazi.factory.WebDriverFactory - Creating CHROME driver (headless: true)
[ForkJoinPool-1-worker-4] INFO org.fugazi.factory.WebDriverFactory - Creating CHROME driver (headless: true)
[ForkJoinPool-1-worker-5] INFO org.fugazi.factory.WebDriverFactory - Creating CHROME driver (headless: true)
[ForkJoinPool-2-worker-2] INFO org.fugazi.tests.AuthenticationRedirectTest - === Setting up test ===
[ForkJoinPool-2-worker-3] INFO org.fugazi.tests.AuthenticationRedirectTest - === Setting up test ===
[ForkJoinPool-2-worker-1] INFO org.fugazi.tests.AuthenticationRedirectTest - === Setting up test ===
[ForkJoinPool-2-worker-2] INFO org.fugazi.config.ConfigurationManager - Configuration loaded - URL: https://music-tech-shop.vercel.app, Browser: CHROME, Headless: true
[ForkJoinPool-2-worker-2] INFO org.fugazi.factory.WebDriverFactory - Creating CHROME driver (headless: true)
[ForkJoinPool-2-worker-1] INFO org.fugazi.factory.WebDriverFactory - Creating CHROME driver (headless: true)
[ForkJoinPool-2-worker-3] INFO org.fugazi.factory.WebDriverFactory - Creating CHROME driver (headless: true)
ene 26, 2026 10:57:08 A. M. org.openqa.selenium.devtools.CdpVersionFinder findNearestMatch
ADVERTENCIA: Unable to find CDP implementation matching 144
ene 26, 2026 10:57:08 A. M. org.openqa.selenium.devtools.CdpVersionFinder findNearestMatch
ADVERTENCIA: Unable to find CDP implementation matching 144
ene 26, 2026 10:57:08 A. M. org.openqa.selenium.chromium.ChromiumDriver lambda$new$5
ADVERTENCIA: Unable to find version of CDP to use for 144.0.7559.96. You may need to include a dependency on a specific version of the CDP using something similar to `org.seleniumhq.selenium:selenium-devtools-v86:4.27.0` where the version ("v86") matches the version of the chromium-based browser you're using and the version number of the artifact is the same as Selenium's.
ene 26, 2026 10:57:08 A. M. org.openqa.selenium.chromium.ChromiumDriver lambda$new$5
ADVERTENCIA: Unable to find version of CDP to use for 144.0.7559.96. You may need to include a dependency on a specific version of the CDP using something similar to `org.seleniumhq.selenium:selenium-devtools-v86:4.27.0` where the version ("v86") matches the version of the chromium-based browser you're using and the version number of the artifact is the same as Selenium's.
ene 26, 2026 10:57:09 A. M. org.openqa.selenium.devtools.CdpVersionFinder findNearestMatch
ADVERTENCIA: Unable to find CDP implementation matching 144
ene 26, 2026 10:57:09 A. M. org.openqa.selenium.chromium.ChromiumDriver lambda$new$5
ADVERTENCIA: Unable to find version of CDP to use for 144.0.7559.96. You may need to include a dependency on a specific version of the CDP using something similar to `org.seleniumhq.selenium:selenium-devtools-v86:4.27.0` where the version ("v86") matches the version of the chromium-based browser you're using and the version number of the artifact is the same as Selenium's.
ene 26, 2026 10:57:09 A. M. org.openqa.selenium.devtools.CdpVersionFinder findNearestMatch
ADVERTENCIA: Unable to find CDP implementation matching 144
ene 26, 2026 10:57:09 A. M. org.openqa.selenium.chromium.ChromiumDriver lambda$new$5
ADVERTENCIA: Unable to find version of CDP to use for 144.0.7559.96. You may need to include a dependency on a specific version of the CDP using something similar to `org.seleniumhq.selenium:selenium-devtools-v86:4.27.0` where the version ("v86") matches the version of the chromium-based browser you're using and the version number of the artifact is the same as Selenium's.
ene 26, 2026 10:57:09 A. M. org.openqa.selenium.devtools.CdpVersionFinder findNearestMatch
ADVERTENCIA: Unable to find CDP implementation matching 144
ene 26, 2026 10:57:09 A. M. org.openqa.selenium.devtools.CdpVersionFinder findNearestMatch
ADVERTENCIA: Unable to find CDP implementation matching 144
ene 26, 2026 10:57:09 A. M. org.openqa.selenium.chromium.ChromiumDriver lambda$new$5
ADVERTENCIA: Unable to find version of CDP to use for 144.0.7559.96. You may need to include a dependency on a specific version of the CDP using something similar to `org.seleniumhq.selenium:selenium-devtools-v86:4.27.0` where the version ("v86") matches the version of the chromium-based browser you're using and the version number of the artifact is the same as Selenium's.
ene 26, 2026 10:57:09 A. M. org.openqa.selenium.chromium.ChromiumDriver lambda$new$5
ADVERTENCIA: Unable to find version of CDP to use for 144.0.7559.96. You may need to include a dependency on a specific version of the CDP using something similar to `org.seleniumhq.selenium:selenium-devtools-v86:4.27.0` where the version ("v86") matches the version of the chromium-based browser you're using and the version number of the artifact is the same as Selenium's.
ene 26, 2026 10:57:09 A. M. org.openqa.selenium.devtools.CdpVersionFinder findNearestMatch
ADVERTENCIA: Unable to find CDP implementation matching 144
ene 26, 2026 10:57:09 A. M. org.openqa.selenium.chromium.ChromiumDriver lambda$new$5
ADVERTENCIA: Unable to find version of CDP to use for 144.0.7559.96. You may need to include a dependency on a specific version of the CDP using something similar to `org.seleniumhq.selenium:selenium-devtools-v86:4.27.0` where the version ("v86") matches the version of the chromium-based browser you're using and the version number of the artifact is the same as Selenium's.
ene 26, 2026 10:57:09 A. M. org.openqa.selenium.devtools.CdpVersionFinder findNearestMatch
ADVERTENCIA: Unable to find CDP implementation matching 144
ene 26, 2026 10:57:09 A. M. org.openqa.selenium.chromium.ChromiumDriver lambda$new$5
ADVERTENCIA: Unable to find version of CDP to use for 144.0.7559.96. You may need to include a dependency on a specific version of the CDP using something similar to `org.seleniumhq.selenium:selenium-devtools-v86:4.27.0` where the version ("v86") matches the version of the chromium-based browser you're using and the version number of the artifact is the same as Selenium's.
ene 26, 2026 10:57:09 A. M. org.openqa.selenium.devtools.CdpVersionFinder findNearestMatch
ADVERTENCIA: Unable to find CDP implementation matching 144
ene 26, 2026 10:57:09 A. M. org.openqa.selenium.chromium.ChromiumDriver lambda$new$5
ADVERTENCIA: Unable to find version of CDP to use for 144.0.7559.96. You may need to include a dependency on a specific version of the CDP using something similar to `org.seleniumhq.selenium:selenium-devtools-v86:4.27.0` where the version ("v86") matches the version of the chromium-based browser you're using and the version number of the artifact is the same as Selenium's.
ene 26, 2026 10:57:10 A. M. org.openqa.selenium.devtools.CdpVersionFinder findNearestMatch
ADVERTENCIA: Unable to find CDP implementation matching 144
ene 26, 2026 10:57:10 A. M. org.openqa.selenium.chromium.ChromiumDriver lambda$new$5
ADVERTENCIA: Unable to find version of CDP to use for 144.0.7559.96. You may need to include a dependency on a specific version of the CDP using something similar to `org.seleniumhq.selenium:selenium-devtools-v86:4.27.0` where the version ("v86") matches the version of the chromium-based browser you're using and the version number of the artifact is the same as Selenium's.
[ForkJoinPool-1-worker-3] INFO org.fugazi.tests.AddToCartTest - Successfully navigated to base URL
[ForkJoinPool-1-worker-3] INFO org.fugazi.tests.AddToCartTest - Test setup completed - Browser: CHROME, URL: https://music-tech-shop.vercel.app
[ForkJoinPool-1-worker-3] INFO org.fugazi.pages.HomePage - Clicking on first product
[ForkJoinPool-1-worker-1] INFO org.fugazi.tests.AddToCartTest - Successfully navigated to base URL
[ForkJoinPool-1-worker-1] INFO org.fugazi.tests.AddToCartTest - Test setup completed - Browser: CHROME, URL: https://music-tech-shop.vercel.app
[ForkJoinPool-1-worker-1] INFO org.fugazi.pages.HomePage - Clicking on first product
[ForkJoinPool-1-worker-7] INFO org.fugazi.tests.AddToCartTest - Successfully navigated to base URL
[ForkJoinPool-1-worker-7] INFO org.fugazi.tests.AddToCartTest - Test setup completed - Browser: CHROME, URL: https://music-tech-shop.vercel.app
[ForkJoinPool-2-worker-3] INFO org.fugazi.tests.AuthenticationRedirectTest - Successfully navigated to base URL
[ForkJoinPool-1-worker-2] INFO org.fugazi.tests.AddToCartTest - Successfully navigated to base URL
[ForkJoinPool-2-worker-3] INFO org.fugazi.tests.AuthenticationRedirectTest - Test setup completed - Browser: CHROME, URL: https://music-tech-shop.vercel.app
[ForkJoinPool-1-worker-2] INFO org.fugazi.tests.AddToCartTest - Test setup completed - Browser: CHROME, URL: https://music-tech-shop.vercel.app
[ForkJoinPool-1-worker-7] INFO org.fugazi.pages.HomePage - Clicking on first product
[ForkJoinPool-1-worker-4] INFO org.fugazi.tests.AddToCartTest - Successfully navigated to base URL
[ForkJoinPool-1-worker-4] INFO org.fugazi.tests.AddToCartTest - Test setup completed - Browser: CHROME, URL: https://music-tech-shop.vercel.app
[ForkJoinPool-1-worker-5] INFO org.fugazi.tests.AddToCartTest - Successfully navigated to base URL
[ForkJoinPool-1-worker-5] INFO org.fugazi.tests.AddToCartTest - Test setup completed - Browser: CHROME, URL: https://music-tech-shop.vercel.app
[ForkJoinPool-1-worker-5] INFO org.fugazi.pages.HomePage - Clicking on first product
[ForkJoinPool-1-worker-6] INFO org.fugazi.tests.AddToCartTest - Successfully navigated to base URL
[ForkJoinPool-1-worker-6] INFO org.fugazi.tests.AddToCartTest - Test setup completed - Browser: CHROME, URL: https://music-tech-shop.vercel.app
[ForkJoinPool-1-worker-6] INFO org.fugazi.pages.HomePage - Clicking on first product
[ForkJoinPool-2-worker-2] INFO org.fugazi.tests.AuthenticationRedirectTest - Successfully navigated to base URL
[ForkJoinPool-2-worker-2] INFO org.fugazi.tests.AuthenticationRedirectTest - Test setup completed - Browser: CHROME, URL: https://music-tech-shop.vercel.app
[ForkJoinPool-2-worker-1] INFO org.fugazi.tests.AuthenticationRedirectTest - Successfully navigated to base URL
[ForkJoinPool-2-worker-1] INFO org.fugazi.tests.AuthenticationRedirectTest - Test setup completed - Browser: CHROME, URL: https://music-tech-shop.vercel.app
[ForkJoinPool-2-worker-1] INFO org.fugazi.pages.LoginPage - Logging in with customer credentials
[ForkJoinPool-2-worker-1] INFO org.fugazi.pages.LoginPage - Logging in with email: user@test.com
[ForkJoinPool-1-worker-2] INFO org.fugazi.pages.HomePage - Found 4 featured products
[ForkJoinPool-1-worker-2] INFO org.fugazi.pages.HomePage - Clicking on product at index: 2
[ForkJoinPool-1-worker-4] INFO org.fugazi.pages.HomePage - Found 4 featured products
[ForkJoinPool-1-worker-4] INFO org.fugazi.pages.HomePage - Clicking on first product
[ForkJoinPool-1-worker-5] INFO org.fugazi.pages.ProductDetailPage - Clicking add to cart button and waiting for confirmation
[ForkJoinPool-1-worker-5] INFO org.fugazi.pages.ProductDetailPage - Add to cart action completed
[ForkJoinPool-1-worker-7] INFO org.fugazi.pages.ProductDetailPage - Clicking add to cart button and waiting for confirmation
[ForkJoinPool-1-worker-2] INFO org.fugazi.pages.ProductDetailPage - Clicking add to cart button and waiting for confirmation
[ForkJoinPool-1-worker-4] INFO org.fugazi.pages.ProductDetailPage - Clicking add to cart button and waiting for confirmation
[ForkJoinPool-1-worker-6] INFO org.fugazi.pages.ProductDetailPage - Clicking add to cart button and waiting for confirmation
[ForkJoinPool-2-worker-3] INFO org.fugazi.tests.AuthenticationRedirectTest - === Tearing down test ===
[ForkJoinPool-2-worker-2] INFO org.fugazi.tests.AuthenticationRedirectTest - === Tearing down test ===
[ForkJoinPool-1-worker-1] INFO org.fugazi.tests.AddToCartTest - Add to cart button is displayed and enabled
[ForkJoinPool-1-worker-1] INFO org.fugazi.tests.AddToCartTest - === Tearing down test ===
[ForkJoinPool-1-worker-3] INFO org.fugazi.tests.AddToCartTest - Product info: Title='Casio CZ-101 Vintage Synthesizer', Price='$899.99', Description length=66
[ForkJoinPool-1-worker-3] INFO org.fugazi.tests.AddToCartTest - === Tearing down test ===
[ForkJoinPool-1-worker-6] INFO org.fugazi.pages.ProductDetailPage - Add to cart action completed
[ForkJoinPool-1-worker-6] INFO org.fugazi.tests.AddToCartTest - Successfully clicked add to cart for product: 'Casio CZ-101 Vintage Synthesizer'
[ForkJoinPool-1-worker-6] INFO org.fugazi.tests.AddToCartTest - === Tearing down test ===
[ForkJoinPool-1-worker-4] INFO org.fugazi.pages.ProductDetailPage - Add to cart action completed
[ForkJoinPool-1-worker-4] INFO org.fugazi.tests.AddToCartTest - Added first product: 'Casio CZ-101 Vintage Synthesizer'
[ForkJoinPool-1-worker-7] INFO org.fugazi.pages.ProductDetailPage - Add to cart action completed
[ForkJoinPool-1-worker-7] INFO org.fugazi.tests.AddToCartTest - First add to cart click for: 'Casio CZ-101 Vintage Synthesizer'
[ForkJoinPool-1-worker-2] INFO org.fugazi.pages.ProductDetailPage - Add to cart action completed
[ForkJoinPool-1-worker-2] INFO org.fugazi.tests.AddToCartTest - Added product from index 2: 'PreSonus Studio 24c', now at: https://music-tech-shop.vercel.app/login?redirect=/products/30
[ForkJoinPool-1-worker-2] INFO org.fugazi.tests.AddToCartTest - === Tearing down test ===
[ForkJoinPool-1-worker-4] INFO org.fugazi.pages.HomePage - Clicking on product at index: 1
[ForkJoinPool-2-worker-2] INFO org.fugazi.tests.AuthenticationRedirectTest - Test teardown completed
[ForkJoinPool-2-worker-2] ERROR org.fugazi.listeners.AllureTestListener - ? Test FAILED: AuthenticationRedirectTest.shouldPreserveRedirectParameterWhenNavigatingToLoginFromCart - Reason: 
Multiple Failures (1 failure)
-- failure 1 --
[URL should contain redirect parameter] 
Expecting actual:
  "https://music-tech-shop.vercel.app/cart"
to contain:
  "redirect=/cart" 
at AuthenticationRedirectTest.lambda$shouldPreserveRedirectParameterWhenNavigatingToLoginFromCart$0(AuthenticationRedirectTest.java:65)
[ForkJoinPool-2-worker-2] WARN org.fugazi.listeners.AllureTestListener - Cannot capture screenshot: WebDriver is not available
[ForkJoinPool-1-worker-6] INFO org.fugazi.tests.AddToCartTest - Test teardown completed
[ForkJoinPool-1-worker-6] INFO org.fugazi.listeners.AllureTestListener - ? Test PASSED: AddToCartTest.shouldClickAddToCartButtonSuccessfully
[ForkJoinPool-1-worker-3] INFO org.fugazi.tests.AddToCartTest - Test teardown completed
[ForkJoinPool-1-worker-3] INFO org.fugazi.listeners.AllureTestListener - ? Test PASSED: AddToCartTest.shouldDisplayProductInformationBeforeAddingToCart
[ForkJoinPool-1-worker-2] INFO org.fugazi.tests.AddToCartTest - Test teardown completed
[ForkJoinPool-1-worker-2] INFO org.fugazi.listeners.AllureTestListener - ? Test PASSED: AddToCartTest.shouldAddProductsFromDifferentIndices
[ForkJoinPool-1-worker-1] INFO org.fugazi.tests.AddToCartTest - Test teardown completed
[ForkJoinPool-1-worker-1] INFO org.fugazi.listeners.AllureTestListener - ? Test PASSED: AddToCartTest.shouldDisplayAddToCartButtonOnProductDetailPage
[ForkJoinPool-2-worker-3] INFO org.fugazi.tests.AuthenticationRedirectTest - Test teardown completed
[ForkJoinPool-2-worker-3] ERROR org.fugazi.listeners.AllureTestListener - ? Test FAILED: AuthenticationRedirectTest.shouldRedirectToLoginWhenUnauthenticatedUserAccessesCart - Reason: 
Multiple Failures (2 failures)
-- failure 1 --
[URL should contain /login] 
Expecting actual:
  "https://music-tech-shop.vercel.app/cart"
to contain:
  "/login" 
at AuthenticationRedirectTest.lambda$shouldRedirectToLoginWhenUnauthenticatedUserAccessesCart$0(AuthenticationRedirectTest.java:35)
-- failure 2 --
[URL should contain redirect=/cart parameter] 
Expecting actual:
  "https://music-tech-shop.vercel.app/cart"
to contain:
  "redirect=/cart" 
at AuthenticationRedirectTest.lambda$shouldRedirectToLoginWhenUnauthenticatedUserAccessesCart$0(AuthenticationRedirectTest.java:39)
[ForkJoinPool-2-worker-3] WARN org.fugazi.listeners.AllureTestListener - Cannot capture screenshot: WebDriver is not available
[ForkJoinPool-1-worker-5] INFO org.fugazi.pages.HomePage - Found 4 featured products
[ForkJoinPool-1-worker-5] INFO org.fugazi.tests.AddToCartTest - Added 'Casio CZ-101 Vintage Synthesizer' and successfully returned to home page
[ForkJoinPool-1-worker-5] INFO org.fugazi.tests.AddToCartTest - === Tearing down test ===
[ForkJoinPool-1-worker-4] INFO org.fugazi.pages.ProductDetailPage - Clicking add to cart button and waiting for confirmation
[ForkJoinPool-1-worker-4] INFO org.fugazi.pages.ProductDetailPage - Add to cart action completed
[ForkJoinPool-1-worker-4] INFO org.fugazi.tests.AddToCartTest - Added second product: 'Adam Audio A7X Studio Monitors (Pair)'
[ForkJoinPool-1-worker-4] INFO org.fugazi.tests.AddToCartTest - Successfully added 2 products: 'Casio CZ-101 Vintage Synthesizer' and 'Adam Audio A7X Studio Monitors (Pair)'
[ForkJoinPool-1-worker-4] INFO org.fugazi.tests.AddToCartTest - === Tearing down test ===
[ForkJoinPool-1-worker-5] INFO org.fugazi.tests.AddToCartTest - Test teardown completed
[ForkJoinPool-1-worker-5] INFO org.fugazi.listeners.AllureTestListener - ? Test PASSED: AddToCartTest.shouldBeAbleToContinueShoppingAfterAddingToCart
[ForkJoinPool-1-worker-4] INFO org.fugazi.tests.AddToCartTest - Test teardown completed
[ForkJoinPool-1-worker-4] INFO org.fugazi.listeners.AllureTestListener - ? Test PASSED: AddToCartTest.shouldBeAbleToAddMultipleDifferentProducts
[ForkJoinPool-1-worker-7] INFO org.fugazi.tests.AddToCartTest - Page navigated after first add to cart - second click not possible
[ForkJoinPool-1-worker-7] INFO org.fugazi.tests.AddToCartTest - === Tearing down test ===
[ForkJoinPool-1-worker-7] INFO org.fugazi.tests.AddToCartTest - Test teardown completed
[ForkJoinPool-1-worker-7] INFO org.fugazi.listeners.AllureTestListener - ? Test PASSED: AddToCartTest.shouldBeAbleToClickAddToCartMultipleTimes
[INFO] Tests run: 7, Failures: 0, Errors: 0, Skipped: 0, Time elapsed: 13.17 s -- in org.fugazi.tests.AddToCartTest
[INFO] Running org.fugazi.tests.CartOperationsTest
[ForkJoinPool-2-worker-2] INFO org.fugazi.tests.CartOperationsTest - === Setting up test ===
[ForkJoinPool-2-worker-2] INFO org.fugazi.factory.WebDriverFactory - Creating CHROME driver (headless: true)
[ForkJoinPool-2-worker-8] INFO org.fugazi.tests.CartOperationsTest - === Setting up test ===
[ForkJoinPool-2-worker-8] INFO org.fugazi.factory.WebDriverFactory - Creating CHROME driver (headless: true)
[ForkJoinPool-2-worker-1] INFO org.fugazi.tests.CartOperationsTest - === Setting up test ===
[ForkJoinPool-2-worker-1] INFO org.fugazi.factory.WebDriverFactory - Creating CHROME driver (headless: true)
[ForkJoinPool-2-worker-5] INFO org.fugazi.tests.CartOperationsTest - === Setting up test ===
[ForkJoinPool-2-worker-5] INFO org.fugazi.factory.WebDriverFactory - Creating CHROME driver (headless: true)
[ForkJoinPool-2-worker-6] INFO org.fugazi.tests.CartOperationsTest - === Setting up test ===
[ForkJoinPool-2-worker-6] INFO org.fugazi.factory.WebDriverFactory - Creating CHROME driver (headless: true)
[ForkJoinPool-2-worker-7] INFO org.fugazi.tests.CartOperationsTest - === Setting up test ===
[ForkJoinPool-2-worker-7] INFO org.fugazi.factory.WebDriverFactory - Creating CHROME driver (headless: true)
[ForkJoinPool-2-worker-9] INFO org.fugazi.tests.CartOperationsTest - === Setting up test ===
[ForkJoinPool-2-worker-9] INFO org.fugazi.factory.WebDriverFactory - Creating CHROME driver (headless: true)
[ForkJoinPool-2-worker-4] INFO org.fugazi.tests.CartOperationsTest - === Setting up test ===
[ForkJoinPool-2-worker-4] INFO org.fugazi.factory.WebDriverFactory - Creating CHROME driver (headless: true)
[ForkJoinPool-2-worker-10] INFO org.fugazi.tests.CartOperationsTest - === Setting up test ===
[ForkJoinPool-2-worker-10] INFO org.fugazi.factory.WebDriverFactory - Creating CHROME driver (headless: true)
[ForkJoinPool-2-worker-3] INFO org.fugazi.tests.CartOperationsTest - === Setting up test ===
[ForkJoinPool-2-worker-3] INFO org.fugazi.factory.WebDriverFactory - Creating CHROME driver (headless: true)
ene 26, 2026 10:57:21 A. M. org.openqa.selenium.devtools.CdpVersionFinder findNearestMatch
ADVERTENCIA: Unable to find CDP implementation matching 144
ene 26, 2026 10:57:21 A. M. org.openqa.selenium.chromium.ChromiumDriver lambda$new$5
ADVERTENCIA: Unable to find version of CDP to use for 144.0.7559.96. You may need to include a dependency on a specific version of the CDP using something similar to `org.seleniumhq.selenium:selenium-devtools-v86:4.27.0` where the version ("v86") matches the version of the chromium-based browser you're using and the version number of the artifact is the same as Selenium's.
ene 26, 2026 10:57:21 A. M. org.openqa.selenium.devtools.CdpVersionFinder findNearestMatch
ADVERTENCIA: Unable to find CDP implementation matching 144
ene 26, 2026 10:57:21 A. M. org.openqa.selenium.devtools.CdpVersionFinder findNearestMatch
ADVERTENCIA: Unable to find CDP implementation matching 144
ene 26, 2026 10:57:21 A. M. org.openqa.selenium.chromium.ChromiumDriver lambda$new$5
ADVERTENCIA: Unable to find version of CDP to use for 144.0.7559.96. You may need to include a dependency on a specific version of the CDP using something similar to `org.seleniumhq.selenium:selenium-devtools-v86:4.27.0` where the version ("v86") matches the version of the chromium-based browser you're using and the version number of the artifact is the same as Selenium's.
ene 26, 2026 10:57:21 A. M. org.openqa.selenium.chromium.ChromiumDriver lambda$new$5
ADVERTENCIA: Unable to find version of CDP to use for 144.0.7559.96. You may need to include a dependency on a specific version of the CDP using something similar to `org.seleniumhq.selenium:selenium-devtools-v86:4.27.0` where the version ("v86") matches the version of the chromium-based browser you're using and the version number of the artifact is the same as Selenium's.
ene 26, 2026 10:57:21 A. M. org.openqa.selenium.devtools.CdpVersionFinder findNearestMatch
ADVERTENCIA: Unable to find CDP implementation matching 144
ene 26, 2026 10:57:21 A. M. org.openqa.selenium.chromium.ChromiumDriver lambda$new$5
ADVERTENCIA: Unable to find version of CDP to use for 144.0.7559.96. You may need to include a dependency on a specific version of the CDP using something similar to `org.seleniumhq.selenium:selenium-devtools-v86:4.27.0` where the version ("v86") matches the version of the chromium-based browser you're using and the version number of the artifact is the same as Selenium's.
ene 26, 2026 10:57:21 A. M. org.openqa.selenium.devtools.CdpVersionFinder findNearestMatch
ADVERTENCIA: Unable to find CDP implementation matching 144
ene 26, 2026 10:57:21 A. M. org.openqa.selenium.chromium.ChromiumDriver lambda$new$5
ADVERTENCIA: Unable to find version of CDP to use for 144.0.7559.96. You may need to include a dependency on a specific version of the CDP using something similar to `org.seleniumhq.selenium:selenium-devtools-v86:4.27.0` where the version ("v86") matches the version of the chromium-based browser you're using and the version number of the artifact is the same as Selenium's.
ene 26, 2026 10:57:21 A. M. org.openqa.selenium.devtools.CdpVersionFinder findNearestMatch
ADVERTENCIA: Unable to find CDP implementation matching 144
ene 26, 2026 10:57:21 A. M. org.openqa.selenium.chromium.ChromiumDriver lambda$new$5
ADVERTENCIA: Unable to find version of CDP to use for 144.0.7559.96. You may need to include a dependency on a specific version of the CDP using something similar to `org.seleniumhq.selenium:selenium-devtools-v86:4.27.0` where the version ("v86") matches the version of the chromium-based browser you're using and the version number of the artifact is the same as Selenium's.
ene 26, 2026 10:57:21 A. M. org.openqa.selenium.devtools.CdpVersionFinder findNearestMatch
ADVERTENCIA: Unable to find CDP implementation matching 144
ene 26, 2026 10:57:21 A. M. org.openqa.selenium.chromium.ChromiumDriver lambda$new$5
ADVERTENCIA: Unable to find version of CDP to use for 144.0.7559.96. You may need to include a dependency on a specific version of the CDP using something similar to `org.seleniumhq.selenium:selenium-devtools-v86:4.27.0` where the version ("v86") matches the version of the chromium-based browser you're using and the version number of the artifact is the same as Selenium's.
ene 26, 2026 10:57:22 A. M. org.openqa.selenium.devtools.CdpVersionFinder findNearestMatch
ADVERTENCIA: Unable to find CDP implementation matching 144
ene 26, 2026 10:57:22 A. M. org.openqa.selenium.chromium.ChromiumDriver lambda$new$5
ADVERTENCIA: Unable to find version of CDP to use for 144.0.7559.96. You may need to include a dependency on a specific version of the CDP using something similar to `org.seleniumhq.selenium:selenium-devtools-v86:4.27.0` where the version ("v86") matches the version of the chromium-based browser you're using and the version number of the artifact is the same as Selenium's.
[ForkJoinPool-2-worker-1] INFO org.fugazi.tests.AuthenticationRedirectTest - === Tearing down test ===
ene 26, 2026 10:57:22 A. M. org.openqa.selenium.devtools.CdpVersionFinder findNearestMatch
ADVERTENCIA: Unable to find CDP implementation matching 144
ene 26, 2026 10:57:22 A. M. org.openqa.selenium.devtools.CdpVersionFinder findNearestMatch
ADVERTENCIA: Unable to find CDP implementation matching 144
ene 26, 2026 10:57:22 A. M. org.openqa.selenium.chromium.ChromiumDriver lambda$new$5
ADVERTENCIA: Unable to find version of CDP to use for 144.0.7559.96. You may need to include a dependency on a specific version of the CDP using something similar to `org.seleniumhq.selenium:selenium-devtools-v86:4.27.0` where the version ("v86") matches the version of the chromium-based browser you're using and the version number of the artifact is the same as Selenium's.
ene 26, 2026 10:57:22 A. M. org.openqa.selenium.chromium.ChromiumDriver lambda$new$5
ADVERTENCIA: Unable to find version of CDP to use for 144.0.7559.96. You may need to include a dependency on a specific version of the CDP using something similar to `org.seleniumhq.selenium:selenium-devtools-v86:4.27.0` where the version ("v86") matches the version of the chromium-based browser you're using and the version number of the artifact is the same as Selenium's.
[ForkJoinPool-2-worker-1] INFO org.fugazi.tests.CartOperationsTest - Successfully navigated to base URL
[ForkJoinPool-2-worker-1] INFO org.fugazi.tests.CartOperationsTest - Test setup completed - Browser: CHROME, URL: https://music-tech-shop.vercel.app
[ForkJoinPool-2-worker-1] INFO org.fugazi.tests.CartOperationsTest - === Setting up test ===
[ForkJoinPool-2-worker-1] INFO org.fugazi.tests.CartOperationsTest - Step 1: Navigating to login page
[ForkJoinPool-2-worker-1] INFO org.fugazi.tests.AuthenticationRedirectTest - Test teardown completed
[ForkJoinPool-2-worker-1] ERROR org.fugazi.listeners.AllureTestListener - ? Test FAILED: AuthenticationRedirectTest.shouldNotRedirectToLoginWhenUserIsAlreadyAuthenticated - Reason: Expected condition failed: waiting for visibility of element located by By.cssSelector: [data-testid='login-email-input'] (tried for 10 second(s) with 500 milliseconds interval)
Build info: version: '4.27.0', revision: 'd6e718d134'
System info: os.name: 'Windows 11', os.arch: 'amd64', os.version: '10.0', java.version: '25'
Driver info: org.openqa.selenium.chrome.ChromeDriver
Capabilities {acceptInsecureCerts: false, browserName: chrome, browserVersion: 144.0.7559.96, chrome: {chromedriverVersion: 144.0.7559.96 (d7b80622cfab..., userDataDir: C:\Users\dougl\AppData\Loca...}, fedcm:accounts: true, goog:chromeOptions: {debuggerAddress: localhost:54992}, goog:processID: 48176, networkConnectionEnabled: false, pageLoadStrategy: normal, platformName: windows, proxy: Proxy(), se:cdp: ws://localhost:54992/devtoo..., se:cdpVersion: 144.0.7559.96, setWindowRect: true, strictFileInteractability: false, timeouts: {implicit: 0, pageLoad: 300000, script: 30000}, unhandledPromptBehavior: dismiss and notify, webauthn:extension:credBlob: true, webauthn:extension:largeBlob: true, webauthn:extension:minPinLength: true, webauthn:extension:prf: true, webauthn:virtualAuthenticators: true}
Session ID: efc1ab492ac609f1e30775bd7df8045a
[ForkJoinPool-2-worker-1] WARN org.fugazi.listeners.AllureTestListener - Cannot capture screenshot: WebDriver is not available
[ERROR] Tests run: 3, Failures: 2, Errors: 1, Skipped: 0, Time elapsed: 16.46 s <<< FAILURE! -- in org.fugazi.tests.AuthenticationRedirectTest
[ERROR] org.fugazi.tests.AuthenticationRedirectTest.shouldPreserveRedirectParameterWhenNavigatingToLoginFromCart -- Time elapsed: 7.923 s <<< FAILURE!
org.assertj.core.error.AssertJMultipleFailuresError: 

Multiple Failures (1 failure)
-- failure 1 --
[URL should contain redirect parameter] 
Expecting actual:
  "https://music-tech-shop.vercel.app/cart"
to contain:
  "redirect=/cart" 
at AuthenticationRedirectTest.lambda$shouldPreserveRedirectParameterWhenNavigatingToLoginFromCart$0(AuthenticationRedirectTest.java:65)
	at org.fugazi.tests.AuthenticationRedirectTest.shouldPreserveRedirectParameterWhenNavigatingToLoginFromCart(AuthenticationRedirectTest.java:62)
	at java.base/java.lang.reflect.Method.invoke(Method.java:565)
	at java.base/java.util.concurrent.ForkJoinTask.doExec(ForkJoinTask.java:511)
	at java.base/java.util.concurrent.ForkJoinPool$WorkQueue.topLevelExec(ForkJoinPool.java:1450)
	at java.base/java.util.concurrent.ForkJoinPool.runWorker(ForkJoinPool.java:2019)
	at java.base/java.util.concurrent.ForkJoinWorkerThread.run(ForkJoinWorkerThread.java:187)

[ERROR] org.fugazi.tests.AuthenticationRedirectTest.shouldRedirectToLoginWhenUnauthenticatedUserAccessesCart -- Time elapsed: 8.698 s <<< FAILURE!
org.assertj.core.error.AssertJMultipleFailuresError: 

Multiple Failures (2 failures)
-- failure 1 --
[URL should contain /login] 
Expecting actual:
  "https://music-tech-shop.vercel.app/cart"
to contain:
  "/login" 
at AuthenticationRedirectTest.lambda$shouldRedirectToLoginWhenUnauthenticatedUserAccessesCart$0(AuthenticationRedirectTest.java:35)
-- failure 2 --
[URL should contain redirect=/cart parameter] 
Expecting actual:
  "https://music-tech-shop.vercel.app/cart"
to contain:
  "redirect=/cart" 
at AuthenticationRedirectTest.lambda$shouldRedirectToLoginWhenUnauthenticatedUserAccessesCart$0(AuthenticationRedirectTest.java:39)
	at org.fugazi.tests.AuthenticationRedirectTest.shouldRedirectToLoginWhenUnauthenticatedUserAccessesCart(AuthenticationRedirectTest.java:30)
	at java.base/java.lang.reflect.Method.invoke(Method.java:565)
	at java.base/java.util.concurrent.ForkJoinTask.doExec(ForkJoinTask.java:511)
	at java.base/java.util.concurrent.ForkJoinPool$WorkQueue.topLevelExec(ForkJoinPool.java:1450)
	at java.base/java.util.concurrent.ForkJoinPool.runWorker(ForkJoinPool.java:2019)
	at java.base/java.util.concurrent.ForkJoinWorkerThread.run(ForkJoinWorkerThread.java:187)

[ERROR] org.fugazi.tests.AuthenticationRedirectTest.shouldNotRedirectToLoginWhenUserIsAlreadyAuthenticated -- Time elapsed: 16.42 s <<< ERROR!
org.openqa.selenium.TimeoutException: 
Expected condition failed: waiting for visibility of element located by By.cssSelector: [data-testid='login-email-input'] (tried for 10 second(s) with 500 milliseconds interval)
Build info: version: '4.27.0', revision: 'd6e718d134'
System info: os.name: 'Windows 11', os.arch: 'amd64', os.version: '10.0', java.version: '25'
Driver info: org.openqa.selenium.chrome.ChromeDriver
Capabilities {acceptInsecureCerts: false, browserName: chrome, browserVersion: 144.0.7559.96, chrome: {chromedriverVersion: 144.0.7559.96 (d7b80622cfab..., userDataDir: C:\Users\dougl\AppData\Loca...}, fedcm:accounts: true, goog:chromeOptions: {debuggerAddress: localhost:54992}, goog:processID: 48176, networkConnectionEnabled: false, pageLoadStrategy: normal, platformName: windows, proxy: Proxy(), se:cdp: ws://localhost:54992/devtoo..., se:cdpVersion: 144.0.7559.96, setWindowRect: true, strictFileInteractability: false, timeouts: {implicit: 0, pageLoad: 300000, script: 30000}, unhandledPromptBehavior: dismiss and notify, webauthn:extension:credBlob: true, webauthn:extension:largeBlob: true, webauthn:extension:minPinLength: true, webauthn:extension:prf: true, webauthn:virtualAuthenticators: true}
Session ID: efc1ab492ac609f1e30775bd7df8045a
	at org.openqa.selenium.support.ui.WebDriverWait.timeoutException(WebDriverWait.java:84)
	at org.openqa.selenium.support.ui.FluentWait.until(FluentWait.java:228)
	at org.fugazi.pages.BasePage.waitForVisibility(BasePage.java:49)
	at org.fugazi.pages.BasePage.type(BasePage.java:153)
	at org.fugazi.pages.LoginPage.login(LoginPage.java:117)
	at org.fugazi.pages.LoginPage.loginWithCustomerAccount(LoginPage.java:181)
	at org.fugazi.tests.AuthenticationRedirectTest.shouldNotRedirectToLoginWhenUserIsAlreadyAuthenticated(AuthenticationRedirectTest.java:82)
	at java.base/java.lang.reflect.Method.invoke(Method.java:565)
	at java.base/java.util.concurrent.ForkJoinTask.doExec(ForkJoinTask.java:511)
	at java.base/java.util.concurrent.ForkJoinPool$WorkQueue.tryRemoveAndExec(ForkJoinPool.java:1490)
	at java.base/java.util.concurrent.ForkJoinPool.helpJoin(ForkJoinPool.java:2248)
	at java.base/java.util.concurrent.ForkJoinTask.awaitDone(ForkJoinTask.java:499)
	at java.base/java.util.concurrent.ForkJoinTask.join(ForkJoinTask.java:666)
	at java.base/java.util.concurrent.ForkJoinTask.doExec(ForkJoinTask.java:511)
	at java.base/java.util.concurrent.ForkJoinPool$WorkQueue.topLevelExec(ForkJoinPool.java:1450)
	at java.base/java.util.concurrent.ForkJoinPool.runWorker(ForkJoinPool.java:2019)
	at java.base/java.util.concurrent.ForkJoinWorkerThread.run(ForkJoinWorkerThread.java:187)

[INFO] Running org.fugazi.tests.CartPersistenceTest
[ForkJoinPool-2-worker-5] INFO org.fugazi.tests.CartOperationsTest - Successfully navigated to base URL
[ForkJoinPool-2-worker-5] INFO org.fugazi.tests.CartOperationsTest - Test setup completed - Browser: CHROME, URL: https://music-tech-shop.vercel.app
[ForkJoinPool-2-worker-5] INFO org.fugazi.tests.CartOperationsTest - === Setting up test ===
[ForkJoinPool-2-worker-5] INFO org.fugazi.tests.CartOperationsTest - Step 1: Navigating to login page
[ForkJoinPool-3-worker-1] INFO org.fugazi.tests.CartPersistenceTest - === Setting up test ===
[ForkJoinPool-3-worker-5] INFO org.fugazi.tests.CartPersistenceTest - === Setting up test ===
[ForkJoinPool-3-worker-3] INFO org.fugazi.tests.CartPersistenceTest - === Setting up test ===
[ForkJoinPool-3-worker-1] INFO org.fugazi.factory.WebDriverFactory - Creating CHROME driver (headless: true)
[ForkJoinPool-3-worker-5] INFO org.fugazi.factory.WebDriverFactory - Creating CHROME driver (headless: true)
[ForkJoinPool-3-worker-2] INFO org.fugazi.tests.CartPersistenceTest - === Setting up test ===
[ForkJoinPool-3-worker-3] INFO org.fugazi.factory.WebDriverFactory - Creating CHROME driver (headless: true)
[ForkJoinPool-3-worker-4] INFO org.fugazi.tests.CartPersistenceTest - === Setting up test ===
[ForkJoinPool-3-worker-2] INFO org.fugazi.factory.WebDriverFactory - Creating CHROME driver (headless: true)
[ForkJoinPool-3-worker-4] INFO org.fugazi.factory.WebDriverFactory - Creating CHROME driver (headless: true)
[ForkJoinPool-2-worker-5] INFO org.fugazi.pages.LoginPage - Logging in with customer credentials
[ForkJoinPool-2-worker-5] INFO org.fugazi.pages.LoginPage - Logging in with email: user@test.com
[ForkJoinPool-2-worker-9] INFO org.fugazi.tests.CartOperationsTest - Successfully navigated to base URL
[ForkJoinPool-2-worker-9] INFO org.fugazi.tests.CartOperationsTest - Test setup completed - Browser: CHROME, URL: https://music-tech-shop.vercel.app
[ForkJoinPool-2-worker-9] INFO org.fugazi.tests.CartOperationsTest - === Setting up test ===
[ForkJoinPool-2-worker-9] INFO org.fugazi.tests.CartOperationsTest - Step 1: Navigating to login page
[ForkJoinPool-2-worker-3] INFO org.fugazi.tests.CartOperationsTest - Successfully navigated to base URL
[ForkJoinPool-2-worker-3] INFO org.fugazi.tests.CartOperationsTest - Test setup completed - Browser: CHROME, URL: https://music-tech-shop.vercel.app
[ForkJoinPool-2-worker-3] INFO org.fugazi.tests.CartOperationsTest - === Setting up test ===
[ForkJoinPool-2-worker-3] INFO org.fugazi.tests.CartOperationsTest - Step 1: Navigating to login page
[ForkJoinPool-2-worker-7] INFO org.fugazi.tests.CartOperationsTest - Successfully navigated to base URL
[ForkJoinPool-2-worker-7] INFO org.fugazi.tests.CartOperationsTest - Test setup completed - Browser: CHROME, URL: https://music-tech-shop.vercel.app
[ForkJoinPool-2-worker-7] INFO org.fugazi.tests.CartOperationsTest - === Setting up test ===
[ForkJoinPool-2-worker-7] INFO org.fugazi.tests.CartOperationsTest - Step 1: Navigating to login page
[ForkJoinPool-2-worker-3] INFO org.fugazi.pages.LoginPage - Logging in with customer credentials
[ForkJoinPool-2-worker-3] INFO org.fugazi.pages.LoginPage - Logging in with email: user@test.com
[ForkJoinPool-2-worker-4] INFO org.fugazi.tests.CartOperationsTest - Successfully navigated to base URL
[ForkJoinPool-2-worker-4] INFO org.fugazi.tests.CartOperationsTest - Test setup completed - Browser: CHROME, URL: https://music-tech-shop.vercel.app
[ForkJoinPool-2-worker-4] INFO org.fugazi.tests.CartOperationsTest - === Setting up test ===
[ForkJoinPool-2-worker-4] INFO org.fugazi.tests.CartOperationsTest - Step 1: Navigating to login page
[ForkJoinPool-2-worker-4] INFO org.fugazi.pages.LoginPage - Logging in with customer credentials
[ForkJoinPool-2-worker-4] INFO org.fugazi.pages.LoginPage - Logging in with email: user@test.com
[ForkJoinPool-2-worker-8] INFO org.fugazi.tests.CartOperationsTest - Successfully navigated to base URL
[ForkJoinPool-2-worker-8] INFO org.fugazi.tests.CartOperationsTest - Test setup completed - Browser: CHROME, URL: https://music-tech-shop.vercel.app
[ForkJoinPool-2-worker-8] INFO org.fugazi.tests.CartOperationsTest - === Setting up test ===
[ForkJoinPool-2-worker-8] INFO org.fugazi.tests.CartOperationsTest - Step 1: Navigating to login page
[ForkJoinPool-2-worker-6] INFO org.fugazi.tests.CartOperationsTest - Successfully navigated to base URL
[ForkJoinPool-2-worker-6] INFO org.fugazi.tests.CartOperationsTest - Test setup completed - Browser: CHROME, URL: https://music-tech-shop.vercel.app
[ForkJoinPool-2-worker-6] INFO org.fugazi.tests.CartOperationsTest - === Setting up test ===
[ForkJoinPool-2-worker-6] INFO org.fugazi.tests.CartOperationsTest - Step 1: Navigating to login page
[ForkJoinPool-2-worker-2] INFO org.fugazi.tests.CartOperationsTest - Successfully navigated to base URL
[ForkJoinPool-2-worker-2] INFO org.fugazi.tests.CartOperationsTest - Test setup completed - Browser: CHROME, URL: https://music-tech-shop.vercel.app
[ForkJoinPool-2-worker-2] INFO org.fugazi.tests.CartOperationsTest - === Setting up test ===
[ForkJoinPool-2-worker-2] INFO org.fugazi.tests.CartOperationsTest - Step 1: Navigating to login page
[ForkJoinPool-2-worker-10] INFO org.fugazi.tests.CartOperationsTest - Successfully navigated to base URL
[ForkJoinPool-2-worker-10] INFO org.fugazi.tests.CartOperationsTest - Test setup completed - Browser: CHROME, URL: https://music-tech-shop.vercel.app
[ForkJoinPool-2-worker-10] INFO org.fugazi.tests.CartOperationsTest - === Setting up test ===
[ForkJoinPool-2-worker-10] INFO org.fugazi.tests.CartOperationsTest - Step 1: Navigating to login page
[ForkJoinPool-2-worker-1] INFO org.fugazi.pages.LoginPage - Logging in with customer credentials
[ForkJoinPool-2-worker-1] INFO org.fugazi.pages.LoginPage - Logging in with email: user@test.com
ene 26, 2026 10:57:26 A. M. org.openqa.selenium.devtools.CdpVersionFinder findNearestMatch
ADVERTENCIA: Unable to find CDP implementation matching 144
ene 26, 2026 10:57:26 A. M. org.openqa.selenium.chromium.ChromiumDriver lambda$new$5
ADVERTENCIA: Unable to find version of CDP to use for 144.0.7559.96. You may need to include a dependency on a specific version of the CDP using something similar to `org.seleniumhq.selenium:selenium-devtools-v86:4.27.0` where the version ("v86") matches the version of the chromium-based browser you're using and the version number of the artifact is the same as Selenium's.
ene 26, 2026 10:57:26 A. M. org.openqa.selenium.devtools.CdpVersionFinder findNearestMatch
ADVERTENCIA: Unable to find CDP implementation matching 144
ene 26, 2026 10:57:26 A. M. org.openqa.selenium.chromium.ChromiumDriver lambda$new$5
ADVERTENCIA: Unable to find version of CDP to use for 144.0.7559.96. You may need to include a dependency on a specific version of the CDP using something similar to `org.seleniumhq.selenium:selenium-devtools-v86:4.27.0` where the version ("v86") matches the version of the chromium-based browser you're using and the version number of the artifact is the same as Selenium's.
ene 26, 2026 10:57:26 A. M. org.openqa.selenium.devtools.CdpVersionFinder findNearestMatch
ADVERTENCIA: Unable to find CDP implementation matching 144
ene 26, 2026 10:57:26 A. M. org.openqa.selenium.devtools.CdpVersionFinder findNearestMatch
ADVERTENCIA: Unable to find CDP implementation matching 144
ene 26, 2026 10:57:26 A. M. org.openqa.selenium.chromium.ChromiumDriver lambda$new$5
ADVERTENCIA: Unable to find version of CDP to use for 144.0.7559.96. You may need to include a dependency on a specific version of the CDP using something similar to `org.seleniumhq.selenium:selenium-devtools-v86:4.27.0` where the version ("v86") matches the version of the chromium-based browser you're using and the version number of the artifact is the same as Selenium's.
ene 26, 2026 10:57:26 A. M. org.openqa.selenium.chromium.ChromiumDriver lambda$new$5
ADVERTENCIA: Unable to find version of CDP to use for 144.0.7559.96. You may need to include a dependency on a specific version of the CDP using something similar to `org.seleniumhq.selenium:selenium-devtools-v86:4.27.0` where the version ("v86") matches the version of the chromium-based browser you're using and the version number of the artifact is the same as Selenium's.
ene 26, 2026 10:57:26 A. M. org.openqa.selenium.devtools.CdpVersionFinder findNearestMatch
ADVERTENCIA: Unable to find CDP implementation matching 144
ene 26, 2026 10:57:26 A. M. org.openqa.selenium.chromium.ChromiumDriver lambda$new$5
ADVERTENCIA: Unable to find version of CDP to use for 144.0.7559.96. You may need to include a dependency on a specific version of the CDP using something similar to `org.seleniumhq.selenium:selenium-devtools-v86:4.27.0` where the version ("v86") matches the version of the chromium-based browser you're using and the version number of the artifact is the same as Selenium's.
[ForkJoinPool-2-worker-1] INFO org.fugazi.pages.LoginPage - Login successful - redirected to: https://music-tech-shop.vercel.app/
[ForkJoinPool-2-worker-1] INFO org.fugazi.tests.CartOperationsTest - Login completed successfully - URL: https://music-tech-shop.vercel.app/
[ForkJoinPool-2-worker-1] INFO org.fugazi.tests.CartOperationsTest - Step 2: Adding product to cart
[ForkJoinPool-2-worker-1] INFO org.fugazi.pages.HomePage - Clicking on first product
[ForkJoinPool-2-worker-6] INFO org.fugazi.pages.LoginPage - Logging in with customer credentials
[ForkJoinPool-2-worker-8] INFO org.fugazi.pages.LoginPage - Logging in with customer credentials
[ForkJoinPool-2-worker-8] INFO org.fugazi.pages.LoginPage - Logging in with email: user@test.com
[ForkJoinPool-2-worker-6] INFO org.fugazi.pages.LoginPage - Logging in with email: user@test.com
[ForkJoinPool-2-worker-10] INFO org.fugazi.pages.LoginPage - Logging in with customer credentials
[ForkJoinPool-2-worker-10] INFO org.fugazi.pages.LoginPage - Logging in with email: user@test.com
[ForkJoinPool-2-worker-2] INFO org.fugazi.pages.LoginPage - Logging in with customer credentials
[ForkJoinPool-2-worker-2] INFO org.fugazi.pages.LoginPage - Logging in with email: user@test.com
[ForkJoinPool-3-worker-3] INFO org.fugazi.tests.CartPersistenceTest - Successfully navigated to base URL
[ForkJoinPool-3-worker-3] INFO org.fugazi.tests.CartPersistenceTest - Test setup completed - Browser: CHROME, URL: https://music-tech-shop.vercel.app
[ForkJoinPool-3-worker-3] INFO org.fugazi.tests.CartPersistenceTest - === Setting up CartPersistenceTest ===
[ForkJoinPool-3-worker-3] INFO org.fugazi.tests.CartPersistenceTest - Performing login with customer account
[ForkJoinPool-3-worker-5] INFO org.fugazi.tests.CartPersistenceTest - Successfully navigated to base URL
[ForkJoinPool-3-worker-5] INFO org.fugazi.tests.CartPersistenceTest - Test setup completed - Browser: CHROME, URL: https://music-tech-shop.vercel.app
[ForkJoinPool-3-worker-5] INFO org.fugazi.tests.CartPersistenceTest - === Setting up CartPersistenceTest ===
[ForkJoinPool-3-worker-5] INFO org.fugazi.tests.CartPersistenceTest - Performing login with customer account
[ForkJoinPool-3-worker-3] INFO org.fugazi.pages.LoginPage - Logging in with customer credentials
[ForkJoinPool-3-worker-3] INFO org.fugazi.pages.LoginPage - Logging in with email: user@test.com
[ForkJoinPool-3-worker-5] INFO org.fugazi.pages.LoginPage - Logging in with customer credentials
[ForkJoinPool-3-worker-5] INFO org.fugazi.pages.LoginPage - Logging in with email: user@test.com
[ForkJoinPool-3-worker-4] INFO org.fugazi.tests.CartPersistenceTest - Successfully navigated to base URL
[ForkJoinPool-3-worker-4] INFO org.fugazi.tests.CartPersistenceTest - Test setup completed - Browser: CHROME, URL: https://music-tech-shop.vercel.app
[ForkJoinPool-3-worker-4] INFO org.fugazi.tests.CartPersistenceTest - === Setting up CartPersistenceTest ===
[ForkJoinPool-3-worker-4] INFO org.fugazi.tests.CartPersistenceTest - Performing login with customer account
[ForkJoinPool-2-worker-4] INFO org.fugazi.pages.LoginPage - Login successful - redirected to: https://music-tech-shop.vercel.app/
[ForkJoinPool-2-worker-4] INFO org.fugazi.tests.CartOperationsTest - Login completed successfully - URL: https://music-tech-shop.vercel.app/
[ForkJoinPool-2-worker-4] INFO org.fugazi.tests.CartOperationsTest - Step 2: Adding product to cart
[ForkJoinPool-3-worker-2] INFO org.fugazi.tests.CartPersistenceTest - Successfully navigated to base URL
[ForkJoinPool-3-worker-2] INFO org.fugazi.tests.CartPersistenceTest - Test setup completed - Browser: CHROME, URL: https://music-tech-shop.vercel.app
[ForkJoinPool-3-worker-2] INFO org.fugazi.tests.CartPersistenceTest - === Setting up CartPersistenceTest ===
[ForkJoinPool-3-worker-2] INFO org.fugazi.tests.CartPersistenceTest - Performing login with customer account
[ForkJoinPool-3-worker-1] INFO org.fugazi.tests.CartPersistenceTest - Successfully navigated to base URL
[ForkJoinPool-3-worker-1] INFO org.fugazi.tests.CartPersistenceTest - Test setup completed - Browser: CHROME, URL: https://music-tech-shop.vercel.app
[ForkJoinPool-3-worker-1] INFO org.fugazi.tests.CartPersistenceTest - === Setting up CartPersistenceTest ===
[ForkJoinPool-3-worker-1] INFO org.fugazi.tests.CartPersistenceTest - Performing login with customer account
[ForkJoinPool-2-worker-4] INFO org.fugazi.pages.HomePage - Clicking on first product
[ForkJoinPool-2-worker-7] INFO org.fugazi.pages.LoginPage - Logging in with customer credentials
[ForkJoinPool-2-worker-7] INFO org.fugazi.pages.LoginPage - Logging in with email: user@test.com
[ForkJoinPool-2-worker-9] INFO org.fugazi.pages.LoginPage - Logging in with customer credentials
[ForkJoinPool-2-worker-9] INFO org.fugazi.pages.LoginPage - Logging in with email: user@test.com
[ForkJoinPool-2-worker-5] INFO org.fugazi.pages.LoginPage - Login successful - redirected to: https://music-tech-shop.vercel.app/
[ForkJoinPool-2-worker-5] INFO org.fugazi.tests.CartOperationsTest - Login completed successfully - URL: https://music-tech-shop.vercel.app/
[ForkJoinPool-2-worker-5] INFO org.fugazi.tests.CartOperationsTest - Step 2: Adding product to cart
[ForkJoinPool-3-worker-4] INFO org.fugazi.pages.LoginPage - Logging in with customer credentials
[ForkJoinPool-2-worker-5] INFO org.fugazi.pages.HomePage - Clicking on first product
[ForkJoinPool-3-worker-4] INFO org.fugazi.pages.LoginPage - Logging in with email: user@test.com
[ForkJoinPool-2-worker-1] INFO org.fugazi.pages.ProductDetailPage - Clicking add to cart button
[ForkJoinPool-2-worker-8] INFO org.fugazi.pages.LoginPage - Login successful - redirected to: https://music-tech-shop.vercel.app/
[ForkJoinPool-2-worker-8] INFO org.fugazi.tests.CartOperationsTest - Login completed successfully - URL: https://music-tech-shop.vercel.app/
[ForkJoinPool-2-worker-8] INFO org.fugazi.tests.CartOperationsTest - Step 2: Adding product to cart
[ForkJoinPool-2-worker-6] INFO org.fugazi.pages.LoginPage - Login successful - redirected to: https://music-tech-shop.vercel.app/
[ForkJoinPool-2-worker-6] INFO org.fugazi.tests.CartOperationsTest - Login completed successfully - URL: https://music-tech-shop.vercel.app/
[ForkJoinPool-3-worker-2] INFO org.fugazi.pages.LoginPage - Logging in with customer credentials
[ForkJoinPool-2-worker-6] INFO org.fugazi.tests.CartOperationsTest - Step 2: Adding product to cart
[ForkJoinPool-3-worker-2] INFO org.fugazi.pages.LoginPage - Logging in with email: user@test.com
[ForkJoinPool-2-worker-2] INFO org.fugazi.pages.LoginPage - Login successful - redirected to: https://music-tech-shop.vercel.app/
[ForkJoinPool-2-worker-10] INFO org.fugazi.pages.LoginPage - Login successful - redirected to: https://music-tech-shop.vercel.app/
[ForkJoinPool-2-worker-2] INFO org.fugazi.tests.CartOperationsTest - Login completed successfully - URL: https://music-tech-shop.vercel.app/
[ForkJoinPool-2-worker-2] INFO org.fugazi.tests.CartOperationsTest - Step 2: Adding product to cart
[ForkJoinPool-2-worker-10] INFO org.fugazi.tests.CartOperationsTest - Login completed successfully - URL: https://music-tech-shop.vercel.app/
[ForkJoinPool-2-worker-10] INFO org.fugazi.tests.CartOperationsTest - Step 2: Adding product to cart
[ForkJoinPool-2-worker-1] INFO org.fugazi.tests.CartOperationsTest - Step 3: Navigating to cart
[ForkJoinPool-2-worker-1] INFO org.fugazi.pages.components.HeaderComponent - Clicking on cart icon
[ForkJoinPool-2-worker-7] INFO org.fugazi.pages.LoginPage - Login successful - redirected to: https://music-tech-shop.vercel.app/
[ForkJoinPool-2-worker-7] INFO org.fugazi.tests.CartOperationsTest - Login completed successfully - URL: https://music-tech-shop.vercel.app/
[ForkJoinPool-2-worker-7] INFO org.fugazi.tests.CartOperationsTest - Step 2: Adding product to cart
[ForkJoinPool-2-worker-8] INFO org.fugazi.pages.HomePage - Clicking on first product
[ForkJoinPool-2-worker-4] INFO org.fugazi.pages.ProductDetailPage - Clicking add to cart button
[ForkJoinPool-2-worker-6] INFO org.fugazi.pages.HomePage - Clicking on first product
[ForkJoinPool-2-worker-7] INFO org.fugazi.pages.HomePage - Clicking on first product
[ForkJoinPool-2-worker-10] INFO org.fugazi.pages.HomePage - Clicking on first product
[ForkJoinPool-2-worker-2] INFO org.fugazi.pages.HomePage - Clicking on first product
[ForkJoinPool-2-worker-5] INFO org.fugazi.pages.ProductDetailPage - Clicking add to cart button
[ForkJoinPool-2-worker-3] INFO org.fugazi.pages.LoginPage - Login successful - redirected to: https://music-tech-shop.vercel.app/
[ForkJoinPool-2-worker-9] INFO org.fugazi.pages.LoginPage - Login successful - redirected to: https://music-tech-shop.vercel.app/
[ForkJoinPool-2-worker-4] INFO org.fugazi.tests.CartOperationsTest - Step 3: Navigating to cart
[ForkJoinPool-2-worker-4] INFO org.fugazi.pages.components.HeaderComponent - Clicking on cart icon
[ForkJoinPool-2-worker-3] INFO org.fugazi.tests.CartOperationsTest - Login completed successfully - URL: https://music-tech-shop.vercel.app/
[ForkJoinPool-2-worker-3] INFO org.fugazi.tests.CartOperationsTest - Step 2: Adding product to cart
[ForkJoinPool-2-worker-9] INFO org.fugazi.tests.CartOperationsTest - Login completed successfully - URL: https://music-tech-shop.vercel.app/
[ForkJoinPool-2-worker-9] INFO org.fugazi.tests.CartOperationsTest - Step 2: Adding product to cart
[ForkJoinPool-2-worker-8] INFO org.fugazi.pages.ProductDetailPage - Clicking add to cart button
[ForkJoinPool-2-worker-3] INFO org.fugazi.pages.HomePage - Clicking on first product
[ForkJoinPool-2-worker-6] INFO org.fugazi.pages.ProductDetailPage - Clicking add to cart button
[ForkJoinPool-2-worker-2] INFO org.fugazi.pages.ProductDetailPage - Clicking add to cart button
[ForkJoinPool-2-worker-10] INFO org.fugazi.pages.ProductDetailPage - Clicking add to cart button
[ForkJoinPool-2-worker-5] INFO org.fugazi.tests.CartOperationsTest - Step 3: Navigating to cart
[ForkJoinPool-2-worker-5] INFO org.fugazi.pages.components.HeaderComponent - Clicking on cart icon
[ForkJoinPool-2-worker-7] INFO org.fugazi.pages.ProductDetailPage - Clicking add to cart button
[ForkJoinPool-2-worker-9] INFO org.fugazi.pages.HomePage - Clicking on first product
[ForkJoinPool-3-worker-1] INFO org.fugazi.pages.LoginPage - Logging in with customer credentials
[ForkJoinPool-3-worker-1] INFO org.fugazi.pages.LoginPage - Logging in with email: user@test.com
[ForkJoinPool-2-worker-8] INFO org.fugazi.tests.CartOperationsTest - Step 3: Navigating to cart
[ForkJoinPool-2-worker-8] INFO org.fugazi.pages.components.HeaderComponent - Clicking on cart icon
[ForkJoinPool-2-worker-2] INFO org.fugazi.tests.CartOperationsTest - Step 3: Navigating to cart
[ForkJoinPool-2-worker-2] INFO org.fugazi.pages.components.HeaderComponent - Clicking on cart icon
[ForkJoinPool-2-worker-6] INFO org.fugazi.tests.CartOperationsTest - Step 3: Navigating to cart
[ForkJoinPool-2-worker-6] INFO org.fugazi.pages.components.HeaderComponent - Clicking on cart icon
[ForkJoinPool-2-worker-10] INFO org.fugazi.tests.CartOperationsTest - Step 3: Navigating to cart
[ForkJoinPool-2-worker-10] INFO org.fugazi.pages.components.HeaderComponent - Clicking on cart icon
[ForkJoinPool-2-worker-7] INFO org.fugazi.tests.CartOperationsTest - Step 3: Navigating to cart
[ForkJoinPool-2-worker-7] INFO org.fugazi.pages.components.HeaderComponent - Clicking on cart icon
[ForkJoinPool-3-worker-4] INFO org.fugazi.pages.LoginPage - Login successful - redirected to: https://music-tech-shop.vercel.app/
[ForkJoinPool-3-worker-4] INFO org.fugazi.tests.CartPersistenceTest - Login completed
[ForkJoinPool-2-worker-3] INFO org.fugazi.pages.ProductDetailPage - Clicking add to cart button
[ForkJoinPool-3-worker-4] INFO org.fugazi.pages.HomePage - Clicking on first product
[ForkJoinPool-2-worker-9] INFO org.fugazi.pages.ProductDetailPage - Clicking add to cart button
[ForkJoinPool-2-worker-3] INFO org.fugazi.tests.CartOperationsTest - Step 3: Navigating to cart
[ForkJoinPool-2-worker-3] INFO org.fugazi.pages.components.HeaderComponent - Clicking on cart icon
[ForkJoinPool-2-worker-9] INFO org.fugazi.tests.CartOperationsTest - Step 3: Navigating to cart
[ForkJoinPool-2-worker-9] INFO org.fugazi.pages.components.HeaderComponent - Clicking on cart icon
[ForkJoinPool-3-worker-2] INFO org.fugazi.pages.LoginPage - Login successful - redirected to: https://music-tech-shop.vercel.app/
[ForkJoinPool-3-worker-2] INFO org.fugazi.tests.CartPersistenceTest - Login completed
[ForkJoinPool-3-worker-4] INFO org.fugazi.pages.ProductDetailPage - Clicking add to cart button and waiting for confirmation
[ForkJoinPool-3-worker-1] INFO org.fugazi.pages.LoginPage - Login successful - redirected to: https://music-tech-shop.vercel.app/
[ForkJoinPool-3-worker-1] INFO org.fugazi.tests.CartPersistenceTest - Login completed
[ForkJoinPool-3-worker-2] INFO org.fugazi.pages.HomePage - Clicking on first product
[ForkJoinPool-3-worker-5] INFO org.fugazi.pages.LoginPage - Login successful - redirected to: https://music-tech-shop.vercel.app/
[ForkJoinPool-3-worker-5] INFO org.fugazi.tests.CartPersistenceTest - Login completed
[ForkJoinPool-3-worker-1] INFO org.fugazi.pages.HomePage - Clicking on first product
[ForkJoinPool-3-worker-3] INFO org.fugazi.pages.LoginPage - Login successful - redirected to: https://music-tech-shop.vercel.app/
[ForkJoinPool-3-worker-3] INFO org.fugazi.tests.CartPersistenceTest - Login completed
[ForkJoinPool-3-worker-4] INFO org.fugazi.pages.ProductDetailPage - Add to cart action completed
[ForkJoinPool-3-worker-4] INFO org.fugazi.pages.components.HeaderComponent - Clicking on cart icon
[ForkJoinPool-3-worker-3] INFO org.fugazi.pages.HomePage - Clicking on first product
[ForkJoinPool-2-worker-1] INFO org.fugazi.tests.CartOperationsTest - Test setup completed - Browser: CHROME, URL: https://music-tech-shop.vercel.app/cart
[ForkJoinPool-3-worker-2] INFO org.fugazi.pages.ProductDetailPage - Clicking add to cart button and waiting for confirmation
[ForkJoinPool-2-worker-1] INFO org.fugazi.tests.CartOperationsTest - First item quantity: 1
[ForkJoinPool-2-worker-1] INFO org.fugazi.tests.CartOperationsTest - === Tearing down test ===
[ForkJoinPool-3-worker-1] INFO org.fugazi.pages.ProductDetailPage - Clicking add to cart button and waiting for confirmation
[ForkJoinPool-3-worker-3] INFO org.fugazi.pages.ProductDetailPage - Clicking add to cart button and waiting for confirmation
[ForkJoinPool-3-worker-2] INFO org.fugazi.pages.ProductDetailPage - Add to cart action completed
[ForkJoinPool-3-worker-2] INFO org.fugazi.pages.components.HeaderComponent - Clicking on cart icon
[ForkJoinPool-3-worker-1] INFO org.fugazi.pages.ProductDetailPage - Add to cart action completed
[ForkJoinPool-3-worker-1] INFO org.fugazi.pages.components.HeaderComponent - Clicking on cart icon
[ForkJoinPool-3-worker-3] INFO org.fugazi.pages.ProductDetailPage - Add to cart action completed
[ForkJoinPool-3-worker-3] INFO org.fugazi.pages.components.HeaderComponent - Clicking on cart icon
[ForkJoinPool-2-worker-4] INFO org.fugazi.tests.CartOperationsTest - Test setup completed - Browser: CHROME, URL: https://music-tech-shop.vercel.app/cart
[ForkJoinPool-2-worker-5] INFO org.fugazi.tests.CartOperationsTest - Test setup completed - Browser: CHROME, URL: https://music-tech-shop.vercel.app/cart
[ForkJoinPool-2-worker-1] INFO org.fugazi.tests.CartOperationsTest - Test teardown completed
[ForkJoinPool-2-worker-1] INFO org.fugazi.listeners.AllureTestListener - ? Test PASSED: CartOperationsTest.shouldDisplayItemQuantity
[ForkJoinPool-2-worker-8] INFO org.fugazi.tests.CartOperationsTest - Test setup completed - Browser: CHROME, URL: https://music-tech-shop.vercel.app/cart
[ForkJoinPool-2-worker-8] INFO org.fugazi.pages.CartPage - Clicking continue shopping / navigating back to products
[ForkJoinPool-2-worker-5] INFO org.fugazi.tests.CartOperationsTest - Cart items: [Casio CZ-101 Vintage Synthesizer]
[ForkJoinPool-2-worker-5] INFO org.fugazi.tests.CartOperationsTest - === Tearing down test ===
[ForkJoinPool-2-worker-2] INFO org.fugazi.tests.CartOperationsTest - Test setup completed - Browser: CHROME, URL: https://music-tech-shop.vercel.app/cart
[ForkJoinPool-2-worker-2] INFO org.fugazi.pages.CartPage - Cart has 1 items
[ForkJoinPool-2-worker-2] INFO org.fugazi.pages.CartPage - Clearing all items from cart
[ForkJoinPool-2-worker-2] INFO org.fugazi.pages.CartPage - Cart has 1 items
[ForkJoinPool-2-worker-2] INFO org.fugazi.pages.CartPage - Removing item at index 0
[ForkJoinPool-2-worker-2] INFO org.fugazi.pages.CartPage - Clicked remove button for item at index 0
[ForkJoinPool-2-worker-6] INFO org.fugazi.tests.CartOperationsTest - Test setup completed - Browser: CHROME, URL: https://music-tech-shop.vercel.app/cart
[ForkJoinPool-2-worker-6] INFO org.fugazi.tests.CartOperationsTest - === Tearing down test ===
[ForkJoinPool-2-worker-10] INFO org.fugazi.tests.CartOperationsTest - Test setup completed - Browser: CHROME, URL: https://music-tech-shop.vercel.app/cart
[ForkJoinPool-2-worker-7] INFO org.fugazi.tests.CartOperationsTest - Test setup completed - Browser: CHROME, URL: https://music-tech-shop.vercel.app/cart
[ForkJoinPool-2-worker-7] INFO org.fugazi.pages.CartPage - Clicking continue shopping / navigating back to products
[ForkJoinPool-2-worker-10] INFO org.fugazi.pages.CartPage - Cart has 1 items
[ForkJoinPool-2-worker-10] INFO org.fugazi.pages.CartPage - Removing item at index 0
[ForkJoinPool-2-worker-10] INFO org.fugazi.pages.CartPage - Clicked remove button for item at index 0
[ForkJoinPool-2-worker-5] INFO org.fugazi.tests.CartOperationsTest - Test teardown completed
[ForkJoinPool-2-worker-5] INFO org.fugazi.listeners.AllureTestListener - ? Test PASSED: CartOperationsTest.shouldDisplayItemNamesInCart
[ForkJoinPool-2-worker-3] INFO org.fugazi.tests.CartOperationsTest - Test setup completed - Browser: CHROME, URL: https://music-tech-shop.vercel.app/cart
[ForkJoinPool-2-worker-9] INFO org.fugazi.tests.CartOperationsTest - Test setup completed - Browser: CHROME, URL: https://music-tech-shop.vercel.app/cart
[ForkJoinPool-2-worker-9] INFO org.fugazi.pages.CartPage - Cart has 1 items
[ForkJoinPool-2-worker-9] INFO org.fugazi.pages.CartPage - Cart has 1 items
[ForkJoinPool-2-worker-9] INFO org.fugazi.tests.CartOperationsTest - Cart items persisted after refresh: 1
[ForkJoinPool-2-worker-9] INFO org.fugazi.tests.CartOperationsTest - === Tearing down test ===
[ForkJoinPool-3-worker-5] INFO org.fugazi.pages.CartPage - Cart has 0 items
[ForkJoinPool-3-worker-4] INFO org.fugazi.pages.CartPage - Cart has 1 items
[ForkJoinPool-2-worker-6] INFO org.fugazi.tests.CartOperationsTest - Test teardown completed
[ForkJoinPool-2-worker-6] INFO org.fugazi.listeners.AllureTestListener - ? Test PASSED: CartOperationsTest.shouldDisplayCheckoutButtonWhenCartHasItems
[ForkJoinPool-2-worker-9] INFO org.fugazi.tests.CartOperationsTest - Test teardown completed
[ForkJoinPool-2-worker-9] INFO org.fugazi.listeners.AllureTestListener - ? Test PASSED: CartOperationsTest.shouldMaintainCartItemsAfterPageRefresh
[ForkJoinPool-3-worker-2] INFO org.fugazi.pages.CartPage - Cart has 1 items
[ForkJoinPool-3-worker-1] INFO org.fugazi.pages.CartPage - Cart has 1 items
[ForkJoinPool-3-worker-1] INFO org.fugazi.pages.CartPage - Cart has 1 items
[ForkJoinPool-3-worker-1] INFO org.fugazi.tests.CartPersistenceTest - Cart session verified - Items: 1
[ForkJoinPool-3-worker-1] INFO org.fugazi.tests.CartPersistenceTest - === Tearing down test ===
[ForkJoinPool-2-worker-4] INFO org.fugazi.pages.CartPage - Cart has 1 items
[ForkJoinPool-3-worker-1] INFO org.fugazi.tests.CartPersistenceTest - Test teardown completed
[ForkJoinPool-3-worker-1] INFO org.fugazi.listeners.AllureTestListener - ? Test PASSED: CartPersistenceTest.shouldPreserveCartAfterBrowserRestart
[ForkJoinPool-3-worker-3] INFO org.fugazi.tests.CartPersistenceTest - Cart quantities preserved after refresh
[ForkJoinPool-3-worker-3] INFO org.fugazi.tests.CartPersistenceTest - === Tearing down test ===
[ForkJoinPool-2-worker-8] INFO org.fugazi.tests.CartOperationsTest - === Tearing down test ===
[ForkJoinPool-3-worker-3] INFO org.fugazi.tests.CartPersistenceTest - Test teardown completed
[ForkJoinPool-3-worker-3] INFO org.fugazi.listeners.AllureTestListener - ? Test PASSED: CartPersistenceTest.shouldPreserveCartQuantitiesAfterPageRefresh
[ForkJoinPool-2-worker-2] INFO org.fugazi.pages.CartPage - Cart has 0 items
[ForkJoinPool-2-worker-2] INFO org.fugazi.pages.CartPage - Cart cleared successfully
[ForkJoinPool-2-worker-10] INFO org.fugazi.pages.CartPage - Cart has 0 items
[ForkJoinPool-2-worker-8] INFO org.fugazi.tests.CartOperationsTest - Test teardown completed
[ForkJoinPool-2-worker-8] INFO org.fugazi.listeners.AllureTestListener - ? Test PASSED: CartOperationsTest.shouldNavigateBackToShoppingWhenClickingContinueShopping
[ForkJoinPool-2-worker-3] INFO org.fugazi.pages.CartPage - Cart has 1 items
[ForkJoinPool-3-worker-5] INFO org.fugazi.pages.CartPage - Cart has 0 items
[ForkJoinPool-3-worker-5] INFO org.fugazi.tests.CartPersistenceTest - Empty cart state handled correctly
[ForkJoinPool-3-worker-5] INFO org.fugazi.tests.CartPersistenceTest - === Tearing down test ===
[ForkJoinPool-3-worker-5] INFO org.fugazi.tests.CartPersistenceTest - Test teardown completed
[ForkJoinPool-3-worker-5] INFO org.fugazi.listeners.AllureTestListener - ? Test PASSED: CartPersistenceTest.shouldHandleCartWithNoItemsGracefully
[ForkJoinPool-3-worker-4] INFO org.fugazi.pages.CartPage - Cart has 1 items
[ForkJoinPool-3-worker-4] INFO org.fugazi.pages.CartPage - Cart has 1 items
[ForkJoinPool-2-worker-4] INFO org.fugazi.pages.CartPage - Cart has 1 items
[ForkJoinPool-2-worker-4] INFO org.fugazi.tests.CartOperationsTest - Cart total: $989.99 (value: 989.99)
[ForkJoinPool-2-worker-4] INFO org.fugazi.tests.CartOperationsTest - === Tearing down test ===
[ForkJoinPool-3-worker-2] INFO org.fugazi.pages.CartPage - Cart has 1 items
[ForkJoinPool-3-worker-2] INFO org.fugazi.tests.CartPersistenceTest - Cart state maintained across navigation - Items: 1
[ForkJoinPool-3-worker-2] INFO org.fugazi.tests.CartPersistenceTest - === Tearing down test ===
[ForkJoinPool-2-worker-4] INFO org.fugazi.tests.CartOperationsTest - Test teardown completed
[ForkJoinPool-2-worker-4] INFO org.fugazi.listeners.AllureTestListener - ? Test PASSED: CartOperationsTest.shouldDisplayCartTotal
[ForkJoinPool-3-worker-2] INFO org.fugazi.tests.CartPersistenceTest - Test teardown completed
[ForkJoinPool-3-worker-2] INFO org.fugazi.listeners.AllureTestListener - ? Test PASSED: CartPersistenceTest.shouldMaintainCartStateAcrossNavigation
[ForkJoinPool-2-worker-2] INFO org.fugazi.pages.CartPage - Cart has 0 items
[ForkJoinPool-2-worker-2] INFO org.fugazi.tests.CartOperationsTest - Removed all 1 items from cart
[ForkJoinPool-2-worker-2] INFO org.fugazi.tests.CartOperationsTest - === Tearing down test ===
[ForkJoinPool-2-worker-10] INFO org.fugazi.pages.CartPage - Cart has 0 items
[ForkJoinPool-2-worker-10] INFO org.fugazi.tests.CartOperationsTest - Removed item. Cart count: 1 -> 0
[ForkJoinPool-2-worker-10] INFO org.fugazi.tests.CartOperationsTest - === Tearing down test ===
[ForkJoinPool-2-worker-2] INFO org.fugazi.tests.CartOperationsTest - Test teardown completed
[ForkJoinPool-2-worker-2] INFO org.fugazi.listeners.AllureTestListener - ? Test PASSED: CartOperationsTest.shouldShowEmptyCartMessageAfterRemovingAllItems
[ForkJoinPool-2-worker-7] INFO org.fugazi.pages.HomePage - Found 16 featured products
[ForkJoinPool-2-worker-7] INFO org.fugazi.pages.HomePage - Clicking on product at index: 1
[ForkJoinPool-2-worker-10] INFO org.fugazi.tests.CartOperationsTest - Test teardown completed
[ForkJoinPool-2-worker-10] INFO org.fugazi.listeners.AllureTestListener - ? Test PASSED: CartOperationsTest.shouldRemoveItemFromCart
[ForkJoinPool-2-worker-3] INFO org.fugazi.pages.CartPage - Cart has 1 items
[ForkJoinPool-2-worker-3] INFO org.fugazi.pages.CartPage - Cart has 1 items
[ForkJoinPool-2-worker-3] INFO org.fugazi.tests.CartOperationsTest - Cart has items (checkout page with modal/sidebar)
[ForkJoinPool-2-worker-3] INFO org.fugazi.pages.CartPage - Cart has 1 items
[ForkJoinPool-2-worker-3] INFO org.fugazi.tests.CartOperationsTest - Cart title: Checkout
[ForkJoinPool-2-worker-3] INFO org.fugazi.tests.CartOperationsTest - === Tearing down test ===
[ForkJoinPool-2-worker-3] INFO org.fugazi.tests.CartOperationsTest - Test teardown completed
[ForkJoinPool-2-worker-3] INFO org.fugazi.listeners.AllureTestListener - ? Test PASSED: CartOperationsTest.shouldDisplayCartItems
[ForkJoinPool-3-worker-4] INFO org.fugazi.pages.CartPage - Cart has 1 items
[ForkJoinPool-3-worker-4] INFO org.fugazi.tests.CartPersistenceTest - === Tearing down test ===
[ForkJoinPool-3-worker-4] INFO org.fugazi.tests.CartPersistenceTest - Test teardown completed
[ForkJoinPool-3-worker-4] ERROR org.fugazi.listeners.AllureTestListener - ? Test FAILED: CartPersistenceTest.shouldPreserveCartItemsAfterPageRefresh - Reason: 
Multiple Failures (1 failure)
-- failure 1 --
[Cart items should be preserved] 
Expecting actual:
  []
to contain exactly (and in same order):
  ["Casio CZ-101 Vintage Synthesizer"]
but could not find the following elements:
  ["Casio CZ-101 Vintage Synthesizer"]
at CartPersistenceTest.lambda$shouldPreserveCartItemsAfterPageRefresh$0(CartPersistenceTest.java:88)
[ForkJoinPool-3-worker-4] WARN org.fugazi.listeners.AllureTestListener - Cannot capture screenshot: WebDriver is not available
[ERROR] Tests run: 5, Failures: 1, Errors: 0, Skipped: 0, Time elapsed: 28.51 s <<< FAILURE! -- in org.fugazi.tests.CartPersistenceTest
[ERROR] org.fugazi.tests.CartPersistenceTest.shouldPreserveCartItemsAfterPageRefresh -- Time elapsed: 28.49 s <<< FAILURE!
org.assertj.core.error.AssertJMultipleFailuresError: 

Multiple Failures (1 failure)
-- failure 1 --
[Cart items should be preserved] 
Expecting actual:
  []
to contain exactly (and in same order):
  ["Casio CZ-101 Vintage Synthesizer"]
but could not find the following elements:
  ["Casio CZ-101 Vintage Synthesizer"]
at CartPersistenceTest.lambda$shouldPreserveCartItemsAfterPageRefresh$0(CartPersistenceTest.java:88)
	at org.fugazi.tests.CartPersistenceTest.shouldPreserveCartItemsAfterPageRefresh(CartPersistenceTest.java:81)
	at java.base/java.lang.reflect.Method.invoke(Method.java:565)
	at java.base/java.util.concurrent.ForkJoinTask.doExec(ForkJoinTask.java:511)
	at java.base/java.util.concurrent.ForkJoinPool$WorkQueue.topLevelExec(ForkJoinPool.java:1450)
	at java.base/java.util.concurrent.ForkJoinPool.runWorker(ForkJoinPool.java:2019)
	at java.base/java.util.concurrent.ForkJoinWorkerThread.run(ForkJoinWorkerThread.java:187)

[INFO] Running org.fugazi.tests.CartWorkflowTest
[ForkJoinPool-4-worker-3] INFO org.fugazi.tests.CartWorkflowTest - === Setting up test ===
[ForkJoinPool-4-worker-2] INFO org.fugazi.tests.CartWorkflowTest - === Setting up test ===
[ForkJoinPool-4-worker-5] INFO org.fugazi.tests.CartWorkflowTest - === Setting up test ===
[ForkJoinPool-4-worker-2] INFO org.fugazi.factory.WebDriverFactory - Creating CHROME driver (headless: true)
[ForkJoinPool-4-worker-5] INFO org.fugazi.factory.WebDriverFactory - Creating CHROME driver (headless: true)
[ForkJoinPool-4-worker-4] INFO org.fugazi.tests.CartWorkflowTest - === Setting up test ===
[ForkJoinPool-4-worker-4] INFO org.fugazi.factory.WebDriverFactory - Creating CHROME driver (headless: true)
[ForkJoinPool-4-worker-3] INFO org.fugazi.factory.WebDriverFactory - Creating CHROME driver (headless: true)
[ForkJoinPool-4-worker-7] INFO org.fugazi.tests.CartWorkflowTest - === Setting up test ===
[ForkJoinPool-4-worker-1] INFO org.fugazi.tests.CartWorkflowTest - === Setting up test ===
[ForkJoinPool-4-worker-1] INFO org.fugazi.factory.WebDriverFactory - Creating CHROME driver (headless: true)
[ForkJoinPool-4-worker-8] INFO org.fugazi.tests.CartWorkflowTest - === Setting up test ===
[ForkJoinPool-4-worker-8] INFO org.fugazi.factory.WebDriverFactory - Creating CHROME driver (headless: true)
[ForkJoinPool-4-worker-6] INFO org.fugazi.tests.CartWorkflowTest - === Setting up test ===
[ForkJoinPool-4-worker-6] INFO org.fugazi.factory.WebDriverFactory - Creating CHROME driver (headless: true)
[ForkJoinPool-4-worker-11] INFO org.fugazi.tests.CartWorkflowTest - === Setting up test ===
[ForkJoinPool-4-worker-11] INFO org.fugazi.factory.WebDriverFactory - Creating CHROME driver (headless: true)
[ForkJoinPool-4-worker-7] INFO org.fugazi.factory.WebDriverFactory - Creating CHROME driver (headless: true)
[ForkJoinPool-4-worker-14] INFO org.fugazi.tests.CartWorkflowTest - === Setting up test ===
[ForkJoinPool-4-worker-14] INFO org.fugazi.factory.WebDriverFactory - Creating CHROME driver (headless: true)
[ForkJoinPool-4-worker-13] INFO org.fugazi.tests.CartWorkflowTest - === Setting up test ===
[ForkJoinPool-4-worker-13] INFO org.fugazi.factory.WebDriverFactory - Creating CHROME driver (headless: true)
[ForkJoinPool-4-worker-10] INFO org.fugazi.tests.CartWorkflowTest - === Setting up test ===
[ForkJoinPool-4-worker-10] INFO org.fugazi.factory.WebDriverFactory - Creating CHROME driver (headless: true)
[ForkJoinPool-4-worker-12] INFO org.fugazi.tests.CartWorkflowTest - === Setting up test ===
[ForkJoinPool-4-worker-12] INFO org.fugazi.factory.WebDriverFactory - Creating CHROME driver (headless: true)
[ForkJoinPool-4-worker-9] INFO org.fugazi.tests.CartWorkflowTest - === Setting up test ===
[ForkJoinPool-4-worker-9] INFO org.fugazi.factory.WebDriverFactory - Creating CHROME driver (headless: true)
[ForkJoinPool-4-worker-15] INFO org.fugazi.tests.CartWorkflowTest - === Setting up test ===
[ForkJoinPool-4-worker-15] INFO org.fugazi.factory.WebDriverFactory - Creating CHROME driver (headless: true)
ene 26, 2026 10:57:54 A. M. org.openqa.selenium.devtools.CdpVersionFinder findNearestMatch
ADVERTENCIA: Unable to find CDP implementation matching 144
ene 26, 2026 10:57:54 A. M. org.openqa.selenium.chromium.ChromiumDriver lambda$new$5
ADVERTENCIA: Unable to find version of CDP to use for 144.0.7559.96. You may need to include a dependency on a specific version of the CDP using something similar to `org.seleniumhq.selenium:selenium-devtools-v86:4.27.0` where the version ("v86") matches the version of the chromium-based browser you're using and the version number of the artifact is the same as Selenium's.
ene 26, 2026 10:57:54 A. M. org.openqa.selenium.devtools.CdpVersionFinder findNearestMatch
ADVERTENCIA: Unable to find CDP implementation matching 144
ene 26, 2026 10:57:54 A. M. org.openqa.selenium.chromium.ChromiumDriver lambda$new$5
ADVERTENCIA: Unable to find version of CDP to use for 144.0.7559.96. You may need to include a dependency on a specific version of the CDP using something similar to `org.seleniumhq.selenium:selenium-devtools-v86:4.27.0` where the version ("v86") matches the version of the chromium-based browser you're using and the version number of the artifact is the same as Selenium's.
[ForkJoinPool-2-worker-7] INFO org.fugazi.pages.ProductDetailPage - Clicking add to cart button
ene 26, 2026 10:57:54 A. M. org.openqa.selenium.devtools.CdpVersionFinder findNearestMatch
ADVERTENCIA: Unable to find CDP implementation matching 144
ene 26, 2026 10:57:54 A. M. org.openqa.selenium.chromium.ChromiumDriver lambda$new$5
ADVERTENCIA: Unable to find version of CDP to use for 144.0.7559.96. You may need to include a dependency on a specific version of the CDP using something similar to `org.seleniumhq.selenium:selenium-devtools-v86:4.27.0` where the version ("v86") matches the version of the chromium-based browser you're using and the version number of the artifact is the same as Selenium's.
ene 26, 2026 10:57:54 A. M. org.openqa.selenium.devtools.CdpVersionFinder findNearestMatch
ADVERTENCIA: Unable to find CDP implementation matching 144
ene 26, 2026 10:57:54 A. M. org.openqa.selenium.chromium.ChromiumDriver lambda$new$5
ADVERTENCIA: Unable to find version of CDP to use for 144.0.7559.96. You may need to include a dependency on a specific version of the CDP using something similar to `org.seleniumhq.selenium:selenium-devtools-v86:4.27.0` where the version ("v86") matches the version of the chromium-based browser you're using and the version number of the artifact is the same as Selenium's.
ene 26, 2026 10:57:54 A. M. org.openqa.selenium.devtools.CdpVersionFinder findNearestMatch
ADVERTENCIA: Unable to find CDP implementation matching 144
ene 26, 2026 10:57:54 A. M. org.openqa.selenium.chromium.ChromiumDriver lambda$new$5
ADVERTENCIA: Unable to find version of CDP to use for 144.0.7559.96. You may need to include a dependency on a specific version of the CDP using something similar to `org.seleniumhq.selenium:selenium-devtools-v86:4.27.0` where the version ("v86") matches the version of the chromium-based browser you're using and the version number of the artifact is the same as Selenium's.
ene 26, 2026 10:57:54 A. M. org.openqa.selenium.devtools.CdpVersionFinder findNearestMatch
ADVERTENCIA: Unable to find CDP implementation matching 144
ene 26, 2026 10:57:54 A. M. org.openqa.selenium.chromium.ChromiumDriver lambda$new$5
ADVERTENCIA: Unable to find version of CDP to use for 144.0.7559.96. You may need to include a dependency on a specific version of the CDP using something similar to `org.seleniumhq.selenium:selenium-devtools-v86:4.27.0` where the version ("v86") matches the version of the chromium-based browser you're using and the version number of the artifact is the same as Selenium's.
ene 26, 2026 10:57:54 A. M. org.openqa.selenium.devtools.CdpVersionFinder findNearestMatch
ADVERTENCIA: Unable to find CDP implementation matching 144
ene 26, 2026 10:57:54 A. M. org.openqa.selenium.chromium.ChromiumDriver lambda$new$5
ADVERTENCIA: Unable to find version of CDP to use for 144.0.7559.96. You may need to include a dependency on a specific version of the CDP using something similar to `org.seleniumhq.selenium:selenium-devtools-v86:4.27.0` where the version ("v86") matches the version of the chromium-based browser you're using and the version number of the artifact is the same as Selenium's.
ene 26, 2026 10:57:55 A. M. org.openqa.selenium.devtools.CdpVersionFinder findNearestMatch
ADVERTENCIA: Unable to find CDP implementation matching 144
ene 26, 2026 10:57:55 A. M. org.openqa.selenium.chromium.ChromiumDriver lambda$new$5
ADVERTENCIA: Unable to find version of CDP to use for 144.0.7559.96. You may need to include a dependency on a specific version of the CDP using something similar to `org.seleniumhq.selenium:selenium-devtools-v86:4.27.0` where the version ("v86") matches the version of the chromium-based browser you're using and the version number of the artifact is the same as Selenium's.
[ForkJoinPool-2-worker-7] INFO org.fugazi.pages.components.HeaderComponent - Clicking on cart icon
[ForkJoinPool-2-worker-7] INFO org.fugazi.pages.CartPage - Cart has 2 items
[ForkJoinPool-2-worker-7] INFO org.fugazi.tests.CartOperationsTest - Cart has 2 items: [Casio CZ-101 Vintage Synthesizer, 27" 4K UHD Monitor]
[ForkJoinPool-2-worker-7] INFO org.fugazi.tests.CartOperationsTest - === Tearing down test ===
ene 26, 2026 10:57:55 A. M. org.openqa.selenium.devtools.CdpVersionFinder findNearestMatch
ADVERTENCIA: Unable to find CDP implementation matching 144
ene 26, 2026 10:57:55 A. M. org.openqa.selenium.chromium.ChromiumDriver lambda$new$5
ADVERTENCIA: Unable to find version of CDP to use for 144.0.7559.96. You may need to include a dependency on a specific version of the CDP using something similar to `org.seleniumhq.selenium:selenium-devtools-v86:4.27.0` where the version ("v86") matches the version of the chromium-based browser you're using and the version number of the artifact is the same as Selenium's.
ene 26, 2026 10:57:55 A. M. org.openqa.selenium.devtools.CdpVersionFinder findNearestMatch
ADVERTENCIA: Unable to find CDP implementation matching 144
ene 26, 2026 10:57:55 A. M. org.openqa.selenium.devtools.CdpVersionFinder findNearestMatch
ADVERTENCIA: Unable to find CDP implementation matching 144
ene 26, 2026 10:57:55 A. M. org.openqa.selenium.devtools.CdpVersionFinder findNearestMatch
ADVERTENCIA: Unable to find CDP implementation matching 144
ene 26, 2026 10:57:55 A. M. org.openqa.selenium.chromium.ChromiumDriver lambda$new$5
ADVERTENCIA: Unable to find version of CDP to use for 144.0.7559.96. You may need to include a dependency on a specific version of the CDP using something similar to `org.seleniumhq.selenium:selenium-devtools-v86:4.27.0` where the version ("v86") matches the version of the chromium-based browser you're using and the version number of the artifact is the same as Selenium's.
ene 26, 2026 10:57:55 A. M. org.openqa.selenium.chromium.ChromiumDriver lambda$new$5
ADVERTENCIA: Unable to find version of CDP to use for 144.0.7559.96. You may need to include a dependency on a specific version of the CDP using something similar to `org.seleniumhq.selenium:selenium-devtools-v86:4.27.0` where the version ("v86") matches the version of the chromium-based browser you're using and the version number of the artifact is the same as Selenium's.
ene 26, 2026 10:57:55 A. M. org.openqa.selenium.chromium.ChromiumDriver lambda$new$5
ADVERTENCIA: Unable to find version of CDP to use for 144.0.7559.96. You may need to include a dependency on a specific version of the CDP using something similar to `org.seleniumhq.selenium:selenium-devtools-v86:4.27.0` where the version ("v86") matches the version of the chromium-based browser you're using and the version number of the artifact is the same as Selenium's.
ene 26, 2026 10:57:55 A. M. org.openqa.selenium.devtools.CdpVersionFinder findNearestMatch
ADVERTENCIA: Unable to find CDP implementation matching 144
ene 26, 2026 10:57:55 A. M. org.openqa.selenium.chromium.ChromiumDriver lambda$new$5
ADVERTENCIA: Unable to find version of CDP to use for 144.0.7559.96. You may need to include a dependency on a specific version of the CDP using something similar to `org.seleniumhq.selenium:selenium-devtools-v86:4.27.0` where the version ("v86") matches the version of the chromium-based browser you're using and the version number of the artifact is the same as Selenium's.
ene 26, 2026 10:57:55 A. M. org.openqa.selenium.devtools.CdpVersionFinder findNearestMatch
ADVERTENCIA: Unable to find CDP implementation matching 144
ene 26, 2026 10:57:55 A. M. org.openqa.selenium.chromium.ChromiumDriver lambda$new$5
ADVERTENCIA: Unable to find version of CDP to use for 144.0.7559.96. You may need to include a dependency on a specific version of the CDP using something similar to `org.seleniumhq.selenium:selenium-devtools-v86:4.27.0` where the version ("v86") matches the version of the chromium-based browser you're using and the version number of the artifact is the same as Selenium's.
ene 26, 2026 10:57:56 A. M. org.openqa.selenium.devtools.CdpVersionFinder findNearestMatch
ADVERTENCIA: Unable to find CDP implementation matching 144
ene 26, 2026 10:57:56 A. M. org.openqa.selenium.chromium.ChromiumDriver lambda$new$5
ADVERTENCIA: Unable to find version of CDP to use for 144.0.7559.96. You may need to include a dependency on a specific version of the CDP using something similar to `org.seleniumhq.selenium:selenium-devtools-v86:4.27.0` where the version ("v86") matches the version of the chromium-based browser you're using and the version number of the artifact is the same as Selenium's.
[ForkJoinPool-4-worker-11] INFO org.fugazi.tests.CartWorkflowTest - Successfully navigated to base URL
[ForkJoinPool-4-worker-11] INFO org.fugazi.tests.CartWorkflowTest - Test setup completed - Browser: CHROME, URL: https://music-tech-shop.vercel.app
[ForkJoinPool-4-worker-11] INFO org.fugazi.tests.CartWorkflowTest - === Setting up CartWorkflowTest ===
[ForkJoinPool-4-worker-11] INFO org.fugazi.tests.CartWorkflowTest - Performing login with customer account
[ForkJoinPool-4-worker-13] INFO org.fugazi.tests.CartWorkflowTest - Successfully navigated to base URL
[ForkJoinPool-4-worker-13] INFO org.fugazi.tests.CartWorkflowTest - Test setup completed - Browser: CHROME, URL: https://music-tech-shop.vercel.app
[ForkJoinPool-4-worker-13] INFO org.fugazi.tests.CartWorkflowTest - === Setting up CartWorkflowTest ===
[ForkJoinPool-4-worker-13] INFO org.fugazi.tests.CartWorkflowTest - Performing login with customer account
[ForkJoinPool-4-worker-13] INFO org.fugazi.pages.LoginPage - Logging in with customer credentials
[ForkJoinPool-4-worker-13] INFO org.fugazi.pages.LoginPage - Logging in with email: user@test.com
[ForkJoinPool-4-worker-1] INFO org.fugazi.tests.CartWorkflowTest - Successfully navigated to base URL
[ForkJoinPool-4-worker-1] INFO org.fugazi.tests.CartWorkflowTest - Test setup completed - Browser: CHROME, URL: https://music-tech-shop.vercel.app
[ForkJoinPool-4-worker-1] INFO org.fugazi.tests.CartWorkflowTest - === Setting up CartWorkflowTest ===
[ForkJoinPool-4-worker-1] INFO org.fugazi.tests.CartWorkflowTest - Performing login with customer account
[ForkJoinPool-4-worker-1] INFO org.fugazi.pages.LoginPage - Logging in with customer credentials
[ForkJoinPool-4-worker-1] INFO org.fugazi.pages.LoginPage - Logging in with email: user@test.com
[ForkJoinPool-4-worker-2] INFO org.fugazi.tests.CartWorkflowTest - Successfully navigated to base URL
[ForkJoinPool-4-worker-2] INFO org.fugazi.tests.CartWorkflowTest - Test setup completed - Browser: CHROME, URL: https://music-tech-shop.vercel.app
[ForkJoinPool-4-worker-2] INFO org.fugazi.tests.CartWorkflowTest - === Setting up CartWorkflowTest ===
[ForkJoinPool-4-worker-2] INFO org.fugazi.tests.CartWorkflowTest - Performing login with customer account
[ForkJoinPool-4-worker-15] INFO org.fugazi.tests.CartWorkflowTest - Successfully navigated to base URL
[ForkJoinPool-4-worker-15] INFO org.fugazi.tests.CartWorkflowTest - Test setup completed - Browser: CHROME, URL: https://music-tech-shop.vercel.app
[ForkJoinPool-4-worker-15] INFO org.fugazi.tests.CartWorkflowTest - === Setting up CartWorkflowTest ===
[ForkJoinPool-4-worker-15] INFO org.fugazi.tests.CartWorkflowTest - Performing login with customer account
[ForkJoinPool-4-worker-14] INFO org.fugazi.tests.CartWorkflowTest - Successfully navigated to base URL
[ForkJoinPool-4-worker-14] INFO org.fugazi.tests.CartWorkflowTest - Test setup completed - Browser: CHROME, URL: https://music-tech-shop.vercel.app
[ForkJoinPool-4-worker-14] INFO org.fugazi.tests.CartWorkflowTest - === Setting up CartWorkflowTest ===
[ForkJoinPool-4-worker-14] INFO org.fugazi.tests.CartWorkflowTest - Performing login with customer account
[ForkJoinPool-4-worker-7] INFO org.fugazi.tests.CartWorkflowTest - Successfully navigated to base URL
[ForkJoinPool-4-worker-7] INFO org.fugazi.tests.CartWorkflowTest - Test setup completed - Browser: CHROME, URL: https://music-tech-shop.vercel.app
[ForkJoinPool-4-worker-7] INFO org.fugazi.tests.CartWorkflowTest - === Setting up CartWorkflowTest ===
[ForkJoinPool-4-worker-7] INFO org.fugazi.tests.CartWorkflowTest - Performing login with customer account
[ForkJoinPool-4-worker-4] INFO org.fugazi.tests.CartWorkflowTest - Successfully navigated to base URL
[ForkJoinPool-4-worker-4] INFO org.fugazi.tests.CartWorkflowTest - Test setup completed - Browser: CHROME, URL: https://music-tech-shop.vercel.app
[ForkJoinPool-4-worker-10] INFO org.fugazi.tests.CartWorkflowTest - Successfully navigated to base URL
[ForkJoinPool-4-worker-10] INFO org.fugazi.tests.CartWorkflowTest - Test setup completed - Browser: CHROME, URL: https://music-tech-shop.vercel.app
[ForkJoinPool-4-worker-10] INFO org.fugazi.tests.CartWorkflowTest - === Setting up CartWorkflowTest ===
[ForkJoinPool-4-worker-4] INFO org.fugazi.tests.CartWorkflowTest - === Setting up CartWorkflowTest ===
[ForkJoinPool-4-worker-10] INFO org.fugazi.tests.CartWorkflowTest - Performing login with customer account
[ForkJoinPool-4-worker-4] INFO org.fugazi.tests.CartWorkflowTest - Performing login with customer account
[ForkJoinPool-4-worker-12] INFO org.fugazi.tests.CartWorkflowTest - Successfully navigated to base URL
[ForkJoinPool-4-worker-12] INFO org.fugazi.tests.CartWorkflowTest - Test setup completed - Browser: CHROME, URL: https://music-tech-shop.vercel.app
[ForkJoinPool-4-worker-12] INFO org.fugazi.tests.CartWorkflowTest - === Setting up CartWorkflowTest ===
[ForkJoinPool-4-worker-12] INFO org.fugazi.tests.CartWorkflowTest - Performing login with customer account
[ForkJoinPool-4-worker-8] INFO org.fugazi.tests.CartWorkflowTest - Successfully navigated to base URL
[ForkJoinPool-4-worker-8] INFO org.fugazi.tests.CartWorkflowTest - Test setup completed - Browser: CHROME, URL: https://music-tech-shop.vercel.app
[ForkJoinPool-4-worker-8] INFO org.fugazi.tests.CartWorkflowTest - === Setting up CartWorkflowTest ===
[ForkJoinPool-4-worker-8] INFO org.fugazi.tests.CartWorkflowTest - Performing login with customer account
[ForkJoinPool-4-worker-6] INFO org.fugazi.tests.CartWorkflowTest - Successfully navigated to base URL
[ForkJoinPool-4-worker-6] INFO org.fugazi.tests.CartWorkflowTest - Test setup completed - Browser: CHROME, URL: https://music-tech-shop.vercel.app
[ForkJoinPool-4-worker-6] INFO org.fugazi.tests.CartWorkflowTest - === Setting up CartWorkflowTest ===
[ForkJoinPool-4-worker-6] INFO org.fugazi.tests.CartWorkflowTest - Performing login with customer account
[ForkJoinPool-4-worker-3] INFO org.fugazi.tests.CartWorkflowTest - Successfully navigated to base URL
[ForkJoinPool-4-worker-3] INFO org.fugazi.tests.CartWorkflowTest - Test setup completed - Browser: CHROME, URL: https://music-tech-shop.vercel.app
[ForkJoinPool-4-worker-3] INFO org.fugazi.tests.CartWorkflowTest - === Setting up CartWorkflowTest ===
[ForkJoinPool-4-worker-3] INFO org.fugazi.tests.CartWorkflowTest - Performing login with customer account
[ForkJoinPool-2-worker-7] INFO org.fugazi.tests.CartOperationsTest - Test teardown completed
[ForkJoinPool-2-worker-7] INFO org.fugazi.listeners.AllureTestListener - ? Test PASSED: CartOperationsTest.shouldHandleMultipleItemsInCart
[ForkJoinPool-4-worker-8] INFO org.fugazi.pages.LoginPage - Logging in with customer credentials
[ForkJoinPool-4-worker-8] INFO org.fugazi.pages.LoginPage - Logging in with email: user@test.com
[ForkJoinPool-4-worker-6] INFO org.fugazi.pages.LoginPage - Logging in with customer credentials
[ForkJoinPool-4-worker-6] INFO org.fugazi.pages.LoginPage - Logging in with email: user@test.com
[INFO] Tests run: 10, Failures: 0, Errors: 0, Skipped: 0, Time elapsed: 39.08 s -- in org.fugazi.tests.CartOperationsTest
[INFO] Running org.fugazi.tests.FooterLinksTest
[ForkJoinPool-3-worker-1] INFO org.fugazi.tests.FooterLinksTest - === Setting up test ===
[ForkJoinPool-3-worker-1] INFO org.fugazi.factory.WebDriverFactory - Creating CHROME driver (headless: true)
[ForkJoinPool-3-worker-2] INFO org.fugazi.tests.FooterLinksTest - === Setting up test ===
[ForkJoinPool-3-worker-2] INFO org.fugazi.factory.WebDriverFactory - Creating CHROME driver (headless: true)
[ForkJoinPool-3-worker-5] INFO org.fugazi.tests.FooterLinksTest - === Setting up test ===
[ForkJoinPool-3-worker-5] INFO org.fugazi.factory.WebDriverFactory - Creating CHROME driver (headless: true)
[ForkJoinPool-3-worker-6] INFO org.fugazi.tests.FooterLinksTest - === Setting up test ===
[ForkJoinPool-3-worker-6] INFO org.fugazi.factory.WebDriverFactory - Creating CHROME driver (headless: true)
[ForkJoinPool-4-worker-5] INFO org.fugazi.tests.CartWorkflowTest - Successfully navigated to base URL
[ForkJoinPool-4-worker-5] INFO org.fugazi.tests.CartWorkflowTest - Test setup completed - Browser: CHROME, URL: https://music-tech-shop.vercel.app
[ForkJoinPool-4-worker-5] INFO org.fugazi.tests.CartWorkflowTest - === Setting up CartWorkflowTest ===
[ForkJoinPool-3-worker-7] INFO org.fugazi.tests.FooterLinksTest - === Setting up test ===
[ForkJoinPool-4-worker-5] INFO org.fugazi.tests.CartWorkflowTest - Performing login with customer account
[ForkJoinPool-3-worker-7] INFO org.fugazi.factory.WebDriverFactory - Creating CHROME driver (headless: true)
[ForkJoinPool-4-worker-9] INFO org.fugazi.tests.CartWorkflowTest - Successfully navigated to base URL
[ForkJoinPool-4-worker-9] INFO org.fugazi.tests.CartWorkflowTest - Test setup completed - Browser: CHROME, URL: https://music-tech-shop.vercel.app
[ForkJoinPool-4-worker-9] INFO org.fugazi.tests.CartWorkflowTest - === Setting up CartWorkflowTest ===
[ForkJoinPool-4-worker-9] INFO org.fugazi.tests.CartWorkflowTest - Performing login with customer account
[ForkJoinPool-3-worker-8] INFO org.fugazi.tests.FooterLinksTest - === Setting up test ===
[ForkJoinPool-3-worker-8] INFO org.fugazi.factory.WebDriverFactory - Creating CHROME driver (headless: true)
[ForkJoinPool-4-worker-9] INFO org.fugazi.pages.LoginPage - Logging in with customer credentials
[ForkJoinPool-4-worker-9] INFO org.fugazi.pages.LoginPage - Logging in with email: user@test.com
[ForkJoinPool-3-worker-9] INFO org.fugazi.tests.FooterLinksTest - === Setting up test ===
[ForkJoinPool-3-worker-9] INFO org.fugazi.factory.WebDriverFactory - Creating CHROME driver (headless: true)
[ForkJoinPool-3-worker-11] INFO org.fugazi.tests.FooterLinksTest - === Setting up test ===
[ForkJoinPool-3-worker-11] INFO org.fugazi.factory.WebDriverFactory - Creating CHROME driver (headless: true)
[ForkJoinPool-3-worker-10] INFO org.fugazi.tests.FooterLinksTest - === Setting up test ===
[ForkJoinPool-3-worker-10] INFO org.fugazi.factory.WebDriverFactory - Creating CHROME driver (headless: true)
[ForkJoinPool-3-worker-14] INFO org.fugazi.tests.FooterLinksTest - === Setting up test ===
[ForkJoinPool-3-worker-14] INFO org.fugazi.factory.WebDriverFactory - Creating CHROME driver (headless: true)
[ForkJoinPool-3-worker-15] INFO org.fugazi.tests.FooterLinksTest - === Setting up test ===
[ForkJoinPool-3-worker-15] INFO org.fugazi.factory.WebDriverFactory - Creating CHROME driver (headless: true)
[ForkJoinPool-3-worker-4] INFO org.fugazi.tests.FooterLinksTest - === Setting up test ===
[ForkJoinPool-3-worker-4] INFO org.fugazi.factory.WebDriverFactory - Creating CHROME driver (headless: true)
[ForkJoinPool-3-worker-16] INFO org.fugazi.tests.FooterLinksTest - === Setting up test ===
[ForkJoinPool-3-worker-16] INFO org.fugazi.factory.WebDriverFactory - Creating CHROME driver (headless: true)
[ForkJoinPool-4-worker-5] INFO org.fugazi.pages.LoginPage - Logging in with customer credentials
[ForkJoinPool-4-worker-5] INFO org.fugazi.pages.LoginPage - Logging in with email: user@test.com
[ForkJoinPool-3-worker-12] INFO org.fugazi.tests.FooterLinksTest - === Setting up test ===
[ForkJoinPool-3-worker-12] INFO org.fugazi.factory.WebDriverFactory - Creating CHROME driver (headless: true)
[ForkJoinPool-4-worker-11] INFO org.fugazi.pages.LoginPage - Logging in with customer credentials
[ForkJoinPool-4-worker-11] INFO org.fugazi.pages.LoginPage - Logging in with email: user@test.com
[ForkJoinPool-4-worker-2] INFO org.fugazi.pages.LoginPage - Logging in with customer credentials
[ForkJoinPool-4-worker-2] INFO org.fugazi.pages.LoginPage - Logging in with email: user@test.com
ene 26, 2026 10:58:03 A. M. org.openqa.selenium.devtools.CdpVersionFinder findNearestMatch
ADVERTENCIA: Unable to find CDP implementation matching 144
ene 26, 2026 10:58:03 A. M. org.openqa.selenium.chromium.ChromiumDriver lambda$new$5
ADVERTENCIA: Unable to find version of CDP to use for 144.0.7559.96. You may need to include a dependency on a specific version of the CDP using something similar to `org.seleniumhq.selenium:selenium-devtools-v86:4.27.0` where the version ("v86") matches the version of the chromium-based browser you're using and the version number of the artifact is the same as Selenium's.
[ForkJoinPool-4-worker-15] INFO org.fugazi.pages.LoginPage - Logging in with customer credentials
[ForkJoinPool-4-worker-15] INFO org.fugazi.pages.LoginPage - Logging in with email: user@test.com
[ForkJoinPool-4-worker-12] INFO org.fugazi.pages.LoginPage - Logging in with customer credentials
[ForkJoinPool-4-worker-12] INFO org.fugazi.pages.LoginPage - Logging in with email: user@test.com
[ForkJoinPool-4-worker-14] INFO org.fugazi.pages.LoginPage - Logging in with customer credentials
[ForkJoinPool-4-worker-14] INFO org.fugazi.pages.LoginPage - Logging in with email: user@test.com
ene 26, 2026 10:58:04 A. M. org.openqa.selenium.devtools.CdpVersionFinder findNearestMatch
ADVERTENCIA: Unable to find CDP implementation matching 144
ene 26, 2026 10:58:04 A. M. org.openqa.selenium.chromium.ChromiumDriver lambda$new$5
ADVERTENCIA: Unable to find version of CDP to use for 144.0.7559.96. You may need to include a dependency on a specific version of the CDP using something similar to `org.seleniumhq.selenium:selenium-devtools-v86:4.27.0` where the version ("v86") matches the version of the chromium-based browser you're using and the version number of the artifact is the same as Selenium's.
ene 26, 2026 10:58:04 A. M. org.openqa.selenium.devtools.CdpVersionFinder findNearestMatch
ADVERTENCIA: Unable to find CDP implementation matching 144
ene 26, 2026 10:58:04 A. M. org.openqa.selenium.chromium.ChromiumDriver lambda$new$5
ADVERTENCIA: Unable to find version of CDP to use for 144.0.7559.96. You may need to include a dependency on a specific version of the CDP using something similar to `org.seleniumhq.selenium:selenium-devtools-v86:4.27.0` where the version ("v86") matches the version of the chromium-based browser you're using and the version number of the artifact is the same as Selenium's.
ene 26, 2026 10:58:05 A. M. org.openqa.selenium.devtools.CdpVersionFinder findNearestMatch
ADVERTENCIA: Unable to find CDP implementation matching 144
ene 26, 2026 10:58:05 A. M. org.openqa.selenium.chromium.ChromiumDriver lambda$new$5
ADVERTENCIA: Unable to find version of CDP to use for 144.0.7559.96. You may need to include a dependency on a specific version of the CDP using something similar to `org.seleniumhq.selenium:selenium-devtools-v86:4.27.0` where the version ("v86") matches the version of the chromium-based browser you're using and the version number of the artifact is the same as Selenium's.
ene 26, 2026 10:58:05 A. M. org.openqa.selenium.devtools.CdpVersionFinder findNearestMatch
ADVERTENCIA: Unable to find CDP implementation matching 144
ene 26, 2026 10:58:05 A. M. org.openqa.selenium.chromium.ChromiumDriver lambda$new$5
ADVERTENCIA: Unable to find version of CDP to use for 144.0.7559.96. You may need to include a dependency on a specific version of the CDP using something similar to `org.seleniumhq.selenium:selenium-devtools-v86:4.27.0` where the version ("v86") matches the version of the chromium-based browser you're using and the version number of the artifact is the same as Selenium's.
[ForkJoinPool-4-worker-10] INFO org.fugazi.pages.LoginPage - Logging in with customer credentials
[ForkJoinPool-4-worker-10] INFO org.fugazi.pages.LoginPage - Logging in with email: user@test.com
ene 26, 2026 10:58:05 A. M. org.openqa.selenium.devtools.CdpVersionFinder findNearestMatch
ADVERTENCIA: Unable to find CDP implementation matching 144
ene 26, 2026 10:58:05 A. M. org.openqa.selenium.chromium.ChromiumDriver lambda$new$5
ADVERTENCIA: Unable to find version of CDP to use for 144.0.7559.96. You may need to include a dependency on a specific version of the CDP using something similar to `org.seleniumhq.selenium:selenium-devtools-v86:4.27.0` where the version ("v86") matches the version of the chromium-based browser you're using and the version number of the artifact is the same as Selenium's.
[ForkJoinPool-4-worker-7] INFO org.fugazi.pages.LoginPage - Logging in with customer credentials
[ForkJoinPool-4-worker-7] INFO org.fugazi.pages.LoginPage - Logging in with email: user@test.com
ene 26, 2026 10:58:06 A. M. org.openqa.selenium.devtools.CdpVersionFinder findNearestMatch
ADVERTENCIA: Unable to find CDP implementation matching 144
ene 26, 2026 10:58:06 A. M. org.openqa.selenium.chromium.ChromiumDriver lambda$new$5
ADVERTENCIA: Unable to find version of CDP to use for 144.0.7559.96. You may need to include a dependency on a specific version of the CDP using something similar to `org.seleniumhq.selenium:selenium-devtools-v86:4.27.0` where the version ("v86") matches the version of the chromium-based browser you're using and the version number of the artifact is the same as Selenium's.
[ForkJoinPool-4-worker-4] INFO org.fugazi.pages.LoginPage - Logging in with customer credentials
[ForkJoinPool-4-worker-3] INFO org.fugazi.pages.LoginPage - Logging in with customer credentials
[ForkJoinPool-4-worker-4] INFO org.fugazi.pages.LoginPage - Logging in with email: user@test.com
[ForkJoinPool-4-worker-3] INFO org.fugazi.pages.LoginPage - Logging in with email: user@test.com
ene 26, 2026 10:58:06 A. M. org.openqa.selenium.devtools.CdpVersionFinder findNearestMatch
ADVERTENCIA: Unable to find CDP implementation matching 144
ene 26, 2026 10:58:06 A. M. org.openqa.selenium.chromium.ChromiumDriver lambda$new$5
ADVERTENCIA: Unable to find version of CDP to use for 144.0.7559.96. You may need to include a dependency on a specific version of the CDP using something similar to `org.seleniumhq.selenium:selenium-devtools-v86:4.27.0` where the version ("v86") matches the version of the chromium-based browser you're using and the version number of the artifact is the same as Selenium's.
ene 26, 2026 10:58:06 A. M. org.openqa.selenium.devtools.CdpVersionFinder findNearestMatch
ADVERTENCIA: Unable to find CDP implementation matching 144
ene 26, 2026 10:58:06 A. M. org.openqa.selenium.chromium.ChromiumDriver lambda$new$5
ADVERTENCIA: Unable to find version of CDP to use for 144.0.7559.96. You may need to include a dependency on a specific version of the CDP using something similar to `org.seleniumhq.selenium:selenium-devtools-v86:4.27.0` where the version ("v86") matches the version of the chromium-based browser you're using and the version number of the artifact is the same as Selenium's.
ene 26, 2026 10:58:06 A. M. org.openqa.selenium.devtools.CdpVersionFinder findNearestMatch
ADVERTENCIA: Unable to find CDP implementation matching 144
ene 26, 2026 10:58:06 A. M. org.openqa.selenium.chromium.ChromiumDriver lambda$new$5
ADVERTENCIA: Unable to find version of CDP to use for 144.0.7559.96. You may need to include a dependency on a specific version of the CDP using something similar to `org.seleniumhq.selenium:selenium-devtools-v86:4.27.0` where the version ("v86") matches the version of the chromium-based browser you're using and the version number of the artifact is the same as Selenium's.
ene 26, 2026 10:58:06 A. M. org.openqa.selenium.devtools.CdpVersionFinder findNearestMatch
ADVERTENCIA: Unable to find CDP implementation matching 144
ene 26, 2026 10:58:06 A. M. org.openqa.selenium.chromium.ChromiumDriver lambda$new$5
ADVERTENCIA: Unable to find version of CDP to use for 144.0.7559.96. You may need to include a dependency on a specific version of the CDP using something similar to `org.seleniumhq.selenium:selenium-devtools-v86:4.27.0` where the version ("v86") matches the version of the chromium-based browser you're using and the version number of the artifact is the same as Selenium's.
ene 26, 2026 10:58:06 A. M. org.openqa.selenium.devtools.CdpVersionFinder findNearestMatch
ADVERTENCIA: Unable to find CDP implementation matching 144
ene 26, 2026 10:58:06 A. M. org.openqa.selenium.chromium.ChromiumDriver lambda$new$5
ADVERTENCIA: Unable to find version of CDP to use for 144.0.7559.96. You may need to include a dependency on a specific version of the CDP using something similar to `org.seleniumhq.selenium:selenium-devtools-v86:4.27.0` where the version ("v86") matches the version of the chromium-based browser you're using and the version number of the artifact is the same as Selenium's.
[ForkJoinPool-4-worker-8] INFO org.fugazi.pages.LoginPage - Login successful - redirected to: https://music-tech-shop.vercel.app/
[ForkJoinPool-4-worker-8] INFO org.fugazi.tests.CartWorkflowTest - Login completed successfully - URL: https://music-tech-shop.vercel.app/
ene 26, 2026 10:58:06 A. M. org.openqa.selenium.devtools.CdpVersionFinder findNearestMatch
ADVERTENCIA: Unable to find CDP implementation matching 144
ene 26, 2026 10:58:06 A. M. org.openqa.selenium.chromium.ChromiumDriver lambda$new$5
ADVERTENCIA: Unable to find version of CDP to use for 144.0.7559.96. You may need to include a dependency on a specific version of the CDP using something similar to `org.seleniumhq.selenium:selenium-devtools-v86:4.27.0` where the version ("v86") matches the version of the chromium-based browser you're using and the version number of the artifact is the same as Selenium's.
[ForkJoinPool-4-worker-5] INFO org.fugazi.pages.LoginPage - Login successful - redirected to: https://music-tech-shop.vercel.app/
[ForkJoinPool-4-worker-5] INFO org.fugazi.tests.CartWorkflowTest - Login completed successfully - URL: https://music-tech-shop.vercel.app/
ene 26, 2026 10:58:07 A. M. org.openqa.selenium.devtools.CdpVersionFinder findNearestMatch
ADVERTENCIA: Unable to find CDP implementation matching 144
ene 26, 2026 10:58:07 A. M. org.openqa.selenium.chromium.ChromiumDriver lambda$new$5
ADVERTENCIA: Unable to find version of CDP to use for 144.0.7559.96. You may need to include a dependency on a specific version of the CDP using something similar to `org.seleniumhq.selenium:selenium-devtools-v86:4.27.0` where the version ("v86") matches the version of the chromium-based browser you're using and the version number of the artifact is the same as Selenium's.
[ForkJoinPool-4-worker-5] INFO org.fugazi.pages.HomePage - Clicking on first product
[ForkJoinPool-3-worker-8] INFO org.fugazi.tests.FooterLinksTest - Successfully navigated to base URL
[ForkJoinPool-3-worker-8] INFO org.fugazi.tests.FooterLinksTest - Test setup completed - Browser: CHROME, URL: https://music-tech-shop.vercel.app
[ForkJoinPool-3-worker-14] INFO org.fugazi.tests.FooterLinksTest - Successfully navigated to base URL
[ForkJoinPool-3-worker-14] INFO org.fugazi.tests.FooterLinksTest - Test setup completed - Browser: CHROME, URL: https://music-tech-shop.vercel.app
[ForkJoinPool-3-worker-14] INFO org.fugazi.pages.components.FooterComponent - Clicking Shipping Policy link in footer
[ForkJoinPool-3-worker-6] INFO org.fugazi.tests.FooterLinksTest - Successfully navigated to base URL
[ForkJoinPool-3-worker-6] INFO org.fugazi.tests.FooterLinksTest - Test setup completed - Browser: CHROME, URL: https://music-tech-shop.vercel.app
[ForkJoinPool-3-worker-7] INFO org.fugazi.tests.FooterLinksTest - Successfully navigated to base URL
[ForkJoinPool-3-worker-7] INFO org.fugazi.tests.FooterLinksTest - Test setup completed - Browser: CHROME, URL: https://music-tech-shop.vercel.app
[ForkJoinPool-3-worker-16] INFO org.fugazi.tests.FooterLinksTest - Successfully navigated to base URL
[ForkJoinPool-3-worker-16] INFO org.fugazi.tests.FooterLinksTest - Test setup completed - Browser: CHROME, URL: https://music-tech-shop.vercel.app
[ForkJoinPool-3-worker-16] INFO org.fugazi.pages.components.FooterComponent - Clicking Terms of Service link in footer
[ForkJoinPool-3-worker-11] INFO org.fugazi.tests.FooterLinksTest - Successfully navigated to base URL
[ForkJoinPool-3-worker-5] INFO org.fugazi.tests.FooterLinksTest - Successfully navigated to base URL
[ForkJoinPool-3-worker-5] INFO org.fugazi.tests.FooterLinksTest - Test setup completed - Browser: CHROME, URL: https://music-tech-shop.vercel.app
[ForkJoinPool-3-worker-11] INFO org.fugazi.tests.FooterLinksTest - Test setup completed - Browser: CHROME, URL: https://music-tech-shop.vercel.app
[ForkJoinPool-3-worker-11] INFO org.fugazi.pages.components.FooterComponent - Clicking electronics link in footer
[ForkJoinPool-3-worker-2] INFO org.fugazi.tests.FooterLinksTest - Successfully navigated to base URL
[ForkJoinPool-3-worker-2] INFO org.fugazi.tests.FooterLinksTest - Test setup completed - Browser: CHROME, URL: https://music-tech-shop.vercel.app
[ForkJoinPool-3-worker-10] INFO org.fugazi.tests.FooterLinksTest - Successfully navigated to base URL
[ForkJoinPool-3-worker-10] INFO org.fugazi.tests.FooterLinksTest - Test setup completed - Browser: CHROME, URL: https://music-tech-shop.vercel.app
[ForkJoinPool-3-worker-10] INFO org.fugazi.pages.components.FooterComponent - Clicking photography link in footer
[ForkJoinPool-3-worker-4] INFO org.fugazi.tests.FooterLinksTest - Successfully navigated to base URL
[ForkJoinPool-3-worker-4] INFO org.fugazi.tests.FooterLinksTest - Test setup completed - Browser: CHROME, URL: https://music-tech-shop.vercel.app
[ForkJoinPool-3-worker-4] INFO org.fugazi.pages.components.FooterComponent - Clicking Returns & Refunds link in footer
[ForkJoinPool-3-worker-2] INFO org.fugazi.tests.FooterLinksTest - Footer is displayed on homepage
[ForkJoinPool-3-worker-2] INFO org.fugazi.tests.FooterLinksTest - === Tearing down test ===
[ForkJoinPool-3-worker-14] INFO org.fugazi.pages.components.FooterComponent - Shipping link href: /shipping
[ForkJoinPool-3-worker-16] INFO org.fugazi.pages.components.FooterComponent - Terms link href: /terms
[ForkJoinPool-3-worker-6] INFO org.fugazi.tests.FooterLinksTest - All category links are displayed in footer
[ForkJoinPool-3-worker-6] INFO org.fugazi.tests.FooterLinksTest - === Tearing down test ===
[ForkJoinPool-3-worker-5] INFO org.fugazi.tests.FooterLinksTest - Copyright/About information is displayed correctly: Elevating your sound with premium studio gear and professional audio solutions. Quality products for the modern creator.
[ForkJoinPool-3-worker-5] INFO org.fugazi.tests.FooterLinksTest - === Tearing down test ===
[ForkJoinPool-3-worker-7] INFO org.fugazi.tests.FooterLinksTest - All footer sections are displayed
[ForkJoinPool-3-worker-7] INFO org.fugazi.tests.FooterLinksTest - === Tearing down test ===
[ForkJoinPool-3-worker-4] INFO org.fugazi.pages.components.FooterComponent - Returns link href: /returns
[ForkJoinPool-3-worker-8] INFO org.fugazi.tests.FooterLinksTest - Information links status - About: true, Shipping: true, Returns: true, Terms: true
[ForkJoinPool-3-worker-8] INFO org.fugazi.tests.FooterLinksTest - Company information section verified
[ForkJoinPool-3-worker-8] INFO org.fugazi.tests.FooterLinksTest - === Tearing down test ===
[ForkJoinPool-3-worker-14] INFO org.fugazi.pages.components.FooterComponent - After clicking Shipping link, URL is: https://music-tech-shop.vercel.app/shipping
[ForkJoinPool-3-worker-14] INFO org.fugazi.pages.ShippingPage - Shipping page - Current URL: https://music-tech-shop.vercel.app/shipping
[ForkJoinPool-3-worker-11] INFO org.fugazi.tests.FooterLinksTest - Clicked on Electronics category link - current URL: https://music-tech-shop.vercel.app/products?category=Electronics
[ForkJoinPool-3-worker-11] INFO org.fugazi.tests.FooterLinksTest - === Tearing down test ===
[ForkJoinPool-3-worker-10] INFO org.fugazi.tests.FooterLinksTest - Clicked on Photography category link - current URL: https://music-tech-shop.vercel.app/
[ForkJoinPool-3-worker-10] INFO org.fugazi.tests.FooterLinksTest - === Tearing down test ===
[ForkJoinPool-3-worker-1] INFO org.fugazi.tests.FooterLinksTest - Successfully navigated to base URL
[ForkJoinPool-3-worker-1] INFO org.fugazi.tests.FooterLinksTest - Test setup completed - Browser: CHROME, URL: https://music-tech-shop.vercel.app
[ForkJoinPool-3-worker-14] INFO org.fugazi.pages.ShippingPage - Shipping page elements - Container: true, Heading: true
[ForkJoinPool-3-worker-15] INFO org.fugazi.tests.FooterLinksTest - Successfully navigated to base URL
[ForkJoinPool-3-worker-15] INFO org.fugazi.tests.FooterLinksTest - Test setup completed - Browser: CHROME, URL: https://music-tech-shop.vercel.app
[ForkJoinPool-3-worker-15] INFO org.fugazi.pages.components.FooterComponent - Clicking accessories link in footer
[ForkJoinPool-3-worker-9] INFO org.fugazi.tests.FooterLinksTest - Successfully navigated to base URL
[ForkJoinPool-3-worker-9] INFO org.fugazi.tests.FooterLinksTest - Test setup completed - Browser: CHROME, URL: https://music-tech-shop.vercel.app
[ForkJoinPool-3-worker-16] INFO org.fugazi.pages.components.FooterComponent - After clicking Terms link, URL is: https://music-tech-shop.vercel.app/terms
[ForkJoinPool-3-worker-1] INFO org.fugazi.tests.FooterLinksTest - Found 3 social media links
[ForkJoinPool-3-worker-1] INFO org.fugazi.tests.FooterLinksTest - === Tearing down test ===
[ForkJoinPool-3-worker-4] INFO org.fugazi.pages.components.FooterComponent - After clicking Returns link, URL is: https://music-tech-shop.vercel.app/returns
[ForkJoinPool-3-worker-14] INFO org.fugazi.tests.FooterLinksTest - Navigated to shipping page from footer - URL: https://music-tech-shop.vercel.app/shipping
[ForkJoinPool-3-worker-14] INFO org.fugazi.tests.FooterLinksTest - === Tearing down test ===
[ForkJoinPool-3-worker-16] INFO org.fugazi.pages.TermsPage - Terms page - Current URL: https://music-tech-shop.vercel.app/terms
[ForkJoinPool-3-worker-4] INFO org.fugazi.pages.ReturnsPage - Returns page - Current URL: https://music-tech-shop.vercel.app/returns
[ForkJoinPool-3-worker-16] INFO org.fugazi.pages.TermsPage - Terms page elements - Container: true, Section: true
[ForkJoinPool-4-worker-11] INFO org.fugazi.pages.LoginPage - Login successful - redirected to: https://music-tech-shop.vercel.app/
[ForkJoinPool-4-worker-11] INFO org.fugazi.tests.CartWorkflowTest - Login completed successfully - URL: https://music-tech-shop.vercel.app/
[ForkJoinPool-3-worker-4] INFO org.fugazi.pages.ReturnsPage - Returns page elements - Container: true, Heading: true
[ForkJoinPool-3-worker-16] INFO org.fugazi.tests.FooterLinksTest - Navigated to terms page from footer - URL: https://music-tech-shop.vercel.app/terms
[ForkJoinPool-3-worker-16] INFO org.fugazi.tests.FooterLinksTest - === Tearing down test ===
[ForkJoinPool-3-worker-4] INFO org.fugazi.tests.FooterLinksTest - Navigated to returns page from footer - URL: https://music-tech-shop.vercel.app/returns
[ForkJoinPool-3-worker-4] INFO org.fugazi.tests.FooterLinksTest - === Tearing down test ===
[ForkJoinPool-3-worker-15] INFO org.fugazi.tests.FooterLinksTest - Clicked on Accessories category link - current URL: https://music-tech-shop.vercel.app/products?category=Accessories
[ForkJoinPool-3-worker-15] INFO org.fugazi.tests.FooterLinksTest - === Tearing down test ===
[ForkJoinPool-4-worker-15] INFO org.fugazi.pages.LoginPage - Login successful - redirected to: https://music-tech-shop.vercel.app/
[ForkJoinPool-4-worker-15] INFO org.fugazi.tests.CartWorkflowTest - Login completed successfully - URL: https://music-tech-shop.vercel.app/
[ForkJoinPool-3-worker-12] INFO org.fugazi.tests.FooterLinksTest - Successfully navigated to base URL
[ForkJoinPool-3-worker-12] INFO org.fugazi.tests.FooterLinksTest - Test setup completed - Browser: CHROME, URL: https://music-tech-shop.vercel.app
[ForkJoinPool-3-worker-12] INFO org.fugazi.pages.components.FooterComponent - Clicking About Us link in footer
[ForkJoinPool-4-worker-2] INFO org.fugazi.pages.LoginPage - Login successful - redirected to: https://music-tech-shop.vercel.app/
[ForkJoinPool-4-worker-6] INFO org.fugazi.pages.LoginPage - Login successful - redirected to: https://music-tech-shop.vercel.app/
[ForkJoinPool-4-worker-1] INFO org.fugazi.pages.LoginPage - Login successful - redirected to: https://music-tech-shop.vercel.app/
[ForkJoinPool-4-worker-6] INFO org.fugazi.tests.CartWorkflowTest - Login completed successfully - URL: https://music-tech-shop.vercel.app/
[ForkJoinPool-4-worker-2] INFO org.fugazi.tests.CartWorkflowTest - Login completed successfully - URL: https://music-tech-shop.vercel.app/
[ForkJoinPool-4-worker-1] INFO org.fugazi.tests.CartWorkflowTest - Login completed successfully - URL: https://music-tech-shop.vercel.app/
[ForkJoinPool-4-worker-11] INFO org.fugazi.pages.HomePage - Clicking on first product
[ForkJoinPool-4-worker-15] INFO org.fugazi.pages.HomePage - Clicking on first product
[ForkJoinPool-4-worker-14] INFO org.fugazi.pages.LoginPage - Login successful - redirected to: https://music-tech-shop.vercel.app/
[ForkJoinPool-3-worker-12] INFO org.fugazi.pages.components.FooterComponent - About link href: /about
[ForkJoinPool-4-worker-10] INFO org.fugazi.pages.LoginPage - Login successful - redirected to: https://music-tech-shop.vercel.app/
[ForkJoinPool-4-worker-12] INFO org.fugazi.pages.LoginPage - Login successful - redirected to: https://music-tech-shop.vercel.app/
[ForkJoinPool-4-worker-3] INFO org.fugazi.pages.LoginPage - Login successful - redirected to: https://music-tech-shop.vercel.app/
[ForkJoinPool-4-worker-3] INFO org.fugazi.tests.CartWorkflowTest - Login completed successfully - URL: https://music-tech-shop.vercel.app/
[ForkJoinPool-4-worker-14] INFO org.fugazi.tests.CartWorkflowTest - Login completed successfully - URL: https://music-tech-shop.vercel.app/
[ForkJoinPool-4-worker-10] INFO org.fugazi.tests.CartWorkflowTest - Login completed successfully - URL: https://music-tech-shop.vercel.app/
[ForkJoinPool-4-worker-12] INFO org.fugazi.tests.CartWorkflowTest - Login completed successfully - URL: https://music-tech-shop.vercel.app/
[ForkJoinPool-4-worker-1] INFO org.fugazi.pages.HomePage - Clicking on first product
[ForkJoinPool-4-worker-6] INFO org.fugazi.pages.HomePage - Clicking on first product
[ForkJoinPool-4-worker-13] INFO org.fugazi.pages.LoginPage - Login successful - redirected to: https://music-tech-shop.vercel.app/
[ForkJoinPool-4-worker-13] INFO org.fugazi.tests.CartWorkflowTest - Login completed successfully - URL: https://music-tech-shop.vercel.app/
[ForkJoinPool-4-worker-3] INFO org.fugazi.pages.HomePage - Clicking on first product
[ForkJoinPool-4-worker-7] INFO org.fugazi.pages.LoginPage - Login successful - redirected to: https://music-tech-shop.vercel.app/
[ForkJoinPool-3-worker-12] INFO org.fugazi.pages.components.FooterComponent - After clicking About link, URL is: https://music-tech-shop.vercel.app/about
[ForkJoinPool-4-worker-7] INFO org.fugazi.tests.CartWorkflowTest - Login completed successfully - URL: https://music-tech-shop.vercel.app/
[ForkJoinPool-3-worker-12] INFO org.fugazi.pages.AboutPage - Current URL after navigation: https://music-tech-shop.vercel.app/about
[ForkJoinPool-4-worker-10] INFO org.fugazi.pages.HomePage - Clicking on first product
[ForkJoinPool-4-worker-2] INFO org.fugazi.pages.HomePage - Clicking on first product
[ForkJoinPool-3-worker-12] INFO org.fugazi.pages.AboutPage - About page elements - Mission Card: true, Heading: true
[ForkJoinPool-4-worker-4] INFO org.fugazi.pages.LoginPage - Login successful - redirected to: https://music-tech-shop.vercel.app/
[ForkJoinPool-4-worker-4] INFO org.fugazi.tests.CartWorkflowTest - Login completed successfully - URL: https://music-tech-shop.vercel.app/
[ForkJoinPool-4-worker-9] INFO org.fugazi.pages.LoginPage - Login successful - redirected to: https://music-tech-shop.vercel.app/
[ForkJoinPool-4-worker-9] INFO org.fugazi.tests.CartWorkflowTest - Login completed successfully - URL: https://music-tech-shop.vercel.app/
[ForkJoinPool-4-worker-14] INFO org.fugazi.pages.HomePage - Clicking on first product
[ForkJoinPool-3-worker-12] INFO org.fugazi.tests.FooterLinksTest - Navigated to about page from footer - URL: https://music-tech-shop.vercel.app/about
[ForkJoinPool-3-worker-12] INFO org.fugazi.tests.FooterLinksTest - === Tearing down test ===
[ForkJoinPool-3-worker-9] INFO org.fugazi.tests.FooterLinksTest - Footer is displayed on products page
[ForkJoinPool-3-worker-9] INFO org.fugazi.tests.FooterLinksTest - === Tearing down test ===
[ForkJoinPool-4-worker-13] INFO org.fugazi.pages.HomePage - Clicking on first product
[ForkJoinPool-4-worker-5] INFO org.fugazi.pages.ProductDetailPage - Clicking add to cart button
[ForkJoinPool-4-worker-7] INFO org.fugazi.pages.HomePage - Clicking on first product
[ForkJoinPool-4-worker-1] INFO org.fugazi.pages.ProductDetailPage - Clicking add to cart button
[ForkJoinPool-4-worker-2] INFO org.fugazi.pages.ProductDetailPage - Clicking add to cart button
[ForkJoinPool-4-worker-9] INFO org.fugazi.pages.HomePage - Clicking on first product
[ForkJoinPool-4-worker-11] INFO org.fugazi.pages.ProductDetailPage - Clicking add to cart button
[ForkJoinPool-4-worker-12] INFO org.fugazi.pages.HomePage - Clicking on first product
[ForkJoinPool-4-worker-5] INFO org.fugazi.pages.components.HeaderComponent - Clicking on cart icon
[ForkJoinPool-4-worker-15] INFO org.fugazi.pages.ProductDetailPage - Clicking add to cart button
[ForkJoinPool-4-worker-7] INFO org.fugazi.pages.ProductDetailPage - Clicking add to cart button
[ForkJoinPool-4-worker-10] INFO org.fugazi.pages.ProductDetailPage - Clicking add to cart button
[ForkJoinPool-4-worker-4] INFO org.fugazi.pages.HomePage - Clicking on first product
[ForkJoinPool-4-worker-13] INFO org.fugazi.pages.ProductDetailPage - Clicking add to cart button
[ForkJoinPool-4-worker-2] INFO org.fugazi.pages.components.HeaderComponent - Clicking on cart icon
[ForkJoinPool-4-worker-1] INFO org.fugazi.pages.components.HeaderComponent - Clicking on cart icon
[ForkJoinPool-4-worker-11] INFO org.fugazi.pages.components.HeaderComponent - Clicking on cart icon
[ForkJoinPool-4-worker-14] INFO org.fugazi.pages.ProductDetailPage - Clicking add to cart button
[ForkJoinPool-4-worker-15] INFO org.fugazi.pages.components.HeaderComponent - Clicking on cart icon
[ForkJoinPool-4-worker-13] INFO org.fugazi.pages.components.HeaderComponent - Clicking on cart icon
[ForkJoinPool-4-worker-10] INFO org.fugazi.pages.components.HeaderComponent - Clicking on cart icon
[ForkJoinPool-4-worker-7] INFO org.fugazi.pages.components.HeaderComponent - Clicking on cart icon
[ForkJoinPool-4-worker-4] INFO org.fugazi.pages.ProductDetailPage - Clicking add to cart button
[ForkJoinPool-4-worker-3] INFO org.fugazi.pages.ProductDetailPage - Clicking add to cart button
[ForkJoinPool-4-worker-9] INFO org.fugazi.pages.ProductDetailPage - Clicking add to cart button
[ForkJoinPool-4-worker-8] INFO org.fugazi.pages.CartPage - Cart has 0 items
[ForkJoinPool-4-worker-12] INFO org.fugazi.pages.ProductDetailPage - Clicking add to cart button
[ForkJoinPool-4-worker-6] INFO org.fugazi.pages.ProductDetailPage - Clicking add to cart button
[ForkJoinPool-4-worker-4] INFO org.fugazi.pages.components.HeaderComponent - Clicking on cart icon
[ForkJoinPool-4-worker-9] INFO org.fugazi.pages.components.HeaderComponent - Clicking on cart icon
[ForkJoinPool-4-worker-3] INFO org.fugazi.pages.components.HeaderComponent - Clicking on cart icon
[ForkJoinPool-4-worker-12] INFO org.fugazi.pages.components.HeaderComponent - Clicking on cart icon
[ForkJoinPool-4-worker-6] INFO org.fugazi.tests.CartWorkflowTest - Added first product
[ForkJoinPool-3-worker-10] INFO org.fugazi.tests.FooterLinksTest - Test teardown completed
[ForkJoinPool-3-worker-10] INFO org.fugazi.listeners.AllureTestListener - ? Test PASSED: FooterLinksTest.shouldNavigateToCategoryFromFooterLink
[ForkJoinPool-3-worker-7] INFO org.fugazi.tests.FooterLinksTest - Test teardown completed
[ForkJoinPool-3-worker-7] INFO org.fugazi.listeners.AllureTestListener - ? Test PASSED: FooterLinksTest.shouldDisplayAllFooterSections
[ForkJoinPool-3-worker-5] INFO org.fugazi.tests.FooterLinksTest - Test teardown completed
[ForkJoinPool-3-worker-5] INFO org.fugazi.listeners.AllureTestListener - ? Test PASSED: FooterLinksTest.shouldDisplayCopyrightInformation
[ForkJoinPool-3-worker-2] INFO org.fugazi.tests.FooterLinksTest - Test teardown completed
[ForkJoinPool-3-worker-2] INFO org.fugazi.listeners.AllureTestListener - ? Test PASSED: FooterLinksTest.shouldDisplayFooterOnHomePage
[ForkJoinPool-3-worker-8] INFO org.fugazi.tests.FooterLinksTest - Test teardown completed
[ForkJoinPool-3-worker-8] INFO org.fugazi.listeners.AllureTestListener - ? Test PASSED: FooterLinksTest.shouldDisplayCompanyInformationLinks
[ForkJoinPool-3-worker-6] INFO org.fugazi.tests.FooterLinksTest - Test teardown completed
[ForkJoinPool-3-worker-6] INFO org.fugazi.listeners.AllureTestListener - ? Test PASSED: FooterLinksTest.shouldDisplayCategoryLinksInFooter
[ForkJoinPool-4-worker-14] INFO org.fugazi.pages.HomePage - Clicking on product at index: 1
[ForkJoinPool-3-worker-14] INFO org.fugazi.tests.FooterLinksTest - Test teardown completed
[ForkJoinPool-3-worker-14] INFO org.fugazi.listeners.AllureTestListener - ? Test PASSED: FooterLinksTest.shouldNavigateToInformationPageFromFooterLink
[ForkJoinPool-3-worker-1] INFO org.fugazi.tests.FooterLinksTest - Test teardown completed
[ForkJoinPool-3-worker-1] INFO org.fugazi.listeners.AllureTestListener - ? Test PASSED: FooterLinksTest.shouldDisplaySocialMediaLinks
[ForkJoinPool-3-worker-16] INFO org.fugazi.tests.FooterLinksTest - Test teardown completed
[ForkJoinPool-3-worker-16] INFO org.fugazi.listeners.AllureTestListener - ? Test PASSED: FooterLinksTest.shouldNavigateToInformationPageFromFooterLink
[ForkJoinPool-3-worker-15] INFO org.fugazi.tests.FooterLinksTest - Test teardown completed
[ForkJoinPool-3-worker-15] INFO org.fugazi.listeners.AllureTestListener - ? Test PASSED: FooterLinksTest.shouldNavigateToCategoryFromFooterLink
[ForkJoinPool-3-worker-4] INFO org.fugazi.tests.FooterLinksTest - Test teardown completed
[ForkJoinPool-3-worker-4] INFO org.fugazi.listeners.AllureTestListener - ? Test PASSED: FooterLinksTest.shouldNavigateToInformationPageFromFooterLink
[ForkJoinPool-4-worker-6] INFO org.fugazi.pages.HomePage - Clicking on product at index: 1
[ForkJoinPool-3-worker-12] INFO org.fugazi.tests.FooterLinksTest - Test teardown completed
[ForkJoinPool-3-worker-12] INFO org.fugazi.listeners.AllureTestListener - ? Test PASSED: FooterLinksTest.shouldNavigateToInformationPageFromFooterLink
[ForkJoinPool-3-worker-11] INFO org.fugazi.tests.FooterLinksTest - Test teardown completed
[ForkJoinPool-3-worker-11] INFO org.fugazi.listeners.AllureTestListener - ? Test PASSED: FooterLinksTest.shouldNavigateToCategoryFromFooterLink
[ForkJoinPool-4-worker-14] INFO org.fugazi.pages.ProductDetailPage - Clicking add to cart button
[ForkJoinPool-4-worker-6] INFO org.fugazi.pages.ProductDetailPage - Clicking add to cart button
[ForkJoinPool-4-worker-14] INFO org.fugazi.pages.components.HeaderComponent - Clicking on cart icon
[ForkJoinPool-4-worker-6] INFO org.fugazi.tests.CartWorkflowTest - Added second product
[ForkJoinPool-4-worker-6] INFO org.fugazi.pages.components.HeaderComponent - Clicking on cart icon
[ForkJoinPool-3-worker-9] INFO org.fugazi.tests.FooterLinksTest - Test teardown completed
[ForkJoinPool-3-worker-9] INFO org.fugazi.listeners.AllureTestListener - ? Test PASSED: FooterLinksTest.shouldDisplayFooterOnProductsPage
[INFO] Tests run: 14, Failures: 0, Errors: 0, Skipped: 0, Time elapsed: 24.31 s -- in org.fugazi.tests.FooterLinksTest
[INFO] Running org.fugazi.tests.HomePageTest
[ForkJoinPool-4-worker-1] INFO org.fugazi.tests.HomePageTest - === Setting up test ===
[ForkJoinPool-4-worker-1] INFO org.fugazi.factory.WebDriverFactory - Creating CHROME driver (headless: true)
[ForkJoinPool-4-worker-2] INFO org.fugazi.tests.HomePageTest - === Setting up test ===
[ForkJoinPool-4-worker-2] INFO org.fugazi.factory.WebDriverFactory - Creating CHROME driver (headless: true)
[ForkJoinPool-4-worker-3] INFO org.fugazi.tests.HomePageTest - === Setting up test ===
[ForkJoinPool-4-worker-3] INFO org.fugazi.factory.WebDriverFactory - Creating CHROME driver (headless: true)
[ForkJoinPool-4-worker-4] INFO org.fugazi.tests.HomePageTest - === Setting up test ===
[ForkJoinPool-4-worker-4] INFO org.fugazi.factory.WebDriverFactory - Creating CHROME driver (headless: true)
[ForkJoinPool-4-worker-5] INFO org.fugazi.tests.HomePageTest - === Setting up test ===
[ForkJoinPool-4-worker-5] INFO org.fugazi.factory.WebDriverFactory - Creating CHROME driver (headless: true)
[ForkJoinPool-4-worker-6] INFO org.fugazi.tests.HomePageTest - === Setting up test ===
[ForkJoinPool-4-worker-6] INFO org.fugazi.factory.WebDriverFactory - Creating CHROME driver (headless: true)
[ForkJoinPool-4-worker-7] INFO org.fugazi.tests.HomePageTest - === Setting up test ===
[ForkJoinPool-4-worker-7] INFO org.fugazi.factory.WebDriverFactory - Creating CHROME driver (headless: true)
[ForkJoinPool-4-worker-8] INFO org.fugazi.tests.HomePageTest - === Setting up test ===
[ForkJoinPool-4-worker-8] INFO org.fugazi.factory.WebDriverFactory - Creating CHROME driver (headless: true)
[ForkJoinPool-4-worker-9] INFO org.fugazi.tests.HomePageTest - === Setting up test ===
[ForkJoinPool-4-worker-9] INFO org.fugazi.factory.WebDriverFactory - Creating CHROME driver (headless: true)
[ForkJoinPool-4-worker-15] INFO org.fugazi.pages.CartPage - Increasing quantity for item at index 0
[ForkJoinPool-4-worker-1] INFO org.fugazi.pages.CartPage - Clicking continue shopping / navigating back to products
[ForkJoinPool-4-worker-11] INFO org.fugazi.pages.CartPage - Cart has 1 items
[ForkJoinPool-4-worker-5] INFO org.fugazi.pages.CartPage - Increasing quantity for item at index 0
[ForkJoinPool-4-worker-11] INFO org.fugazi.tests.CartWorkflowTest - Cart contains 1 items
[ForkJoinPool-4-worker-11] INFO org.fugazi.tests.CartWorkflowTest - === Tearing down test ===
[ForkJoinPool-4-worker-8] INFO org.fugazi.pages.CartPage - Cart has 0 items
[ForkJoinPool-4-worker-8] INFO org.fugazi.tests.CartWorkflowTest - Empty cart state verified
[ForkJoinPool-4-worker-8] INFO org.fugazi.tests.CartWorkflowTest - === Tearing down test ===
[ForkJoinPool-4-worker-13] INFO org.fugazi.tests.CartWorkflowTest - Cart items display images: true
[ForkJoinPool-4-worker-13] INFO org.fugazi.tests.CartWorkflowTest - === Tearing down test ===
[ForkJoinPool-4-worker-15] INFO org.fugazi.pages.CartPage - Clicked increase button for item at index 0
[ForkJoinPool-4-worker-7] INFO org.fugazi.tests.CartWorkflowTest - Checkout button is displayed and enabled
[ForkJoinPool-4-worker-7] INFO org.fugazi.tests.CartWorkflowTest - === Tearing down test ===
[ForkJoinPool-4-worker-5] INFO org.fugazi.pages.CartPage - Clicked increase button for item at index 0
[ForkJoinPool-4-worker-5] INFO org.fugazi.pages.CartPage - Increasing quantity for item at index 0
[ForkJoinPool-4-worker-5] INFO org.fugazi.pages.CartPage - Clicked increase button for item at index 0
[ForkJoinPool-4-worker-5] INFO org.fugazi.pages.CartPage - Increasing quantity for item at index 0
[ForkJoinPool-4-worker-4] INFO org.fugazi.tests.CartWorkflowTest - Item price displayed: $899.99
[ForkJoinPool-4-worker-4] INFO org.fugazi.tests.CartWorkflowTest - === Tearing down test ===
[ForkJoinPool-4-worker-3] INFO org.fugazi.pages.CartPage - Cart has 1 items
[ForkJoinPool-4-worker-9] INFO org.fugazi.pages.CartPage - Cart has 1 items
[ForkJoinPool-4-worker-5] INFO org.fugazi.pages.CartPage - Clicked increase button for item at index 0
[ForkJoinPool-4-worker-5] INFO org.fugazi.tests.CartWorkflowTest - Quantity increased from 1 to 4
[ForkJoinPool-4-worker-5] INFO org.fugazi.tests.CartWorkflowTest - === Tearing down test ===
ene 26, 2026 10:58:26 A. M. org.openqa.selenium.devtools.CdpVersionFinder findNearestMatch
ADVERTENCIA: Unable to find CDP implementation matching 144
ene 26, 2026 10:58:26 A. M. org.openqa.selenium.chromium.ChromiumDriver lambda$new$5
ADVERTENCIA: Unable to find version of CDP to use for 144.0.7559.96. You may need to include a dependency on a specific version of the CDP using something similar to `org.seleniumhq.selenium:selenium-devtools-v86:4.27.0` where the version ("v86") matches the version of the chromium-based browser you're using and the version number of the artifact is the same as Selenium's.
ene 26, 2026 10:58:26 A. M. org.openqa.selenium.devtools.CdpVersionFinder findNearestMatch
ADVERTENCIA: Unable to find CDP implementation matching 144
ene 26, 2026 10:58:26 A. M. org.openqa.selenium.chromium.ChromiumDriver lambda$new$5
ADVERTENCIA: Unable to find version of CDP to use for 144.0.7559.96. You may need to include a dependency on a specific version of the CDP using something similar to `org.seleniumhq.selenium:selenium-devtools-v86:4.27.0` where the version ("v86") matches the version of the chromium-based browser you're using and the version number of the artifact is the same as Selenium's.
ene 26, 2026 10:58:26 A. M. org.openqa.selenium.devtools.CdpVersionFinder findNearestMatch
ADVERTENCIA: Unable to find CDP implementation matching 144
ene 26, 2026 10:58:26 A. M. org.openqa.selenium.chromium.ChromiumDriver lambda$new$5
ADVERTENCIA: Unable to find version of CDP to use for 144.0.7559.96. You may need to include a dependency on a specific version of the CDP using something similar to `org.seleniumhq.selenium:selenium-devtools-v86:4.27.0` where the version ("v86") matches the version of the chromium-based browser you're using and the version number of the artifact is the same as Selenium's.
ene 26, 2026 10:58:26 A. M. org.openqa.selenium.devtools.CdpVersionFinder findNearestMatch
ADVERTENCIA: Unable to find CDP implementation matching 144
ene 26, 2026 10:58:26 A. M. org.openqa.selenium.chromium.ChromiumDriver lambda$new$5
ADVERTENCIA: Unable to find version of CDP to use for 144.0.7559.96. You may need to include a dependency on a specific version of the CDP using something similar to `org.seleniumhq.selenium:selenium-devtools-v86:4.27.0` where the version ("v86") matches the version of the chromium-based browser you're using and the version number of the artifact is the same as Selenium's.
ene 26, 2026 10:58:26 A. M. org.openqa.selenium.devtools.CdpVersionFinder findNearestMatch
ADVERTENCIA: Unable to find CDP implementation matching 144
ene 26, 2026 10:58:26 A. M. org.openqa.selenium.chromium.ChromiumDriver lambda$new$5
ADVERTENCIA: Unable to find version of CDP to use for 144.0.7559.96. You may need to include a dependency on a specific version of the CDP using something similar to `org.seleniumhq.selenium:selenium-devtools-v86:4.27.0` where the version ("v86") matches the version of the chromium-based browser you're using and the version number of the artifact is the same as Selenium's.
ene 26, 2026 10:58:27 A. M. org.openqa.selenium.devtools.CdpVersionFinder findNearestMatch
ADVERTENCIA: Unable to find CDP implementation matching 144
ene 26, 2026 10:58:27 A. M. org.openqa.selenium.chromium.ChromiumDriver lambda$new$5
ADVERTENCIA: Unable to find version of CDP to use for 144.0.7559.96. You may need to include a dependency on a specific version of the CDP using something similar to `org.seleniumhq.selenium:selenium-devtools-v86:4.27.0` where the version ("v86") matches the version of the chromium-based browser you're using and the version number of the artifact is the same as Selenium's.
ene 26, 2026 10:58:27 A. M. org.openqa.selenium.devtools.CdpVersionFinder findNearestMatch
ADVERTENCIA: Unable to find CDP implementation matching 144
ene 26, 2026 10:58:27 A. M. org.openqa.selenium.chromium.ChromiumDriver lambda$new$5
ADVERTENCIA: Unable to find version of CDP to use for 144.0.7559.96. You may need to include a dependency on a specific version of the CDP using something similar to `org.seleniumhq.selenium:selenium-devtools-v86:4.27.0` where the version ("v86") matches the version of the chromium-based browser you're using and the version number of the artifact is the same as Selenium's.
ene 26, 2026 10:58:27 A. M. org.openqa.selenium.devtools.CdpVersionFinder findNearestMatch
ADVERTENCIA: Unable to find CDP implementation matching 144
ene 26, 2026 10:58:27 A. M. org.openqa.selenium.chromium.ChromiumDriver lambda$new$5
ADVERTENCIA: Unable to find version of CDP to use for 144.0.7559.96. You may need to include a dependency on a specific version of the CDP using something similar to `org.seleniumhq.selenium:selenium-devtools-v86:4.27.0` where the version ("v86") matches the version of the chromium-based browser you're using and the version number of the artifact is the same as Selenium's.
ene 26, 2026 10:58:27 A. M. org.openqa.selenium.devtools.CdpVersionFinder findNearestMatch
ADVERTENCIA: Unable to find CDP implementation matching 144
ene 26, 2026 10:58:27 A. M. org.openqa.selenium.chromium.ChromiumDriver lambda$new$5
ADVERTENCIA: Unable to find version of CDP to use for 144.0.7559.96. You may need to include a dependency on a specific version of the CDP using something similar to `org.seleniumhq.selenium:selenium-devtools-v86:4.27.0` where the version ("v86") matches the version of the chromium-based browser you're using and the version number of the artifact is the same as Selenium's.
[ForkJoinPool-4-worker-14] INFO org.fugazi.pages.CartPage - Cart has 2 items
[ForkJoinPool-4-worker-14] INFO org.fugazi.tests.CartWorkflowTest - Initial cart count: 2
[ForkJoinPool-4-worker-14] INFO org.fugazi.pages.CartPage - Clearing all items from cart
[ForkJoinPool-4-worker-14] INFO org.fugazi.pages.CartPage - Cart has 2 items
[ForkJoinPool-4-worker-14] INFO org.fugazi.pages.CartPage - Removing item at index 0
[ForkJoinPool-4-worker-7] INFO org.fugazi.tests.HomePageTest - Successfully navigated to base URL
[ForkJoinPool-4-worker-7] INFO org.fugazi.tests.HomePageTest - Test setup completed - Browser: CHROME, URL: https://music-tech-shop.vercel.app
[ForkJoinPool-4-worker-14] INFO org.fugazi.pages.CartPage - Clicked remove button for item at index 0
[ForkJoinPool-4-worker-6] INFO org.fugazi.pages.CartPage - Cart has 2 items
[ForkJoinPool-4-worker-8] INFO org.fugazi.tests.HomePageTest - Successfully navigated to base URL
[ForkJoinPool-4-worker-8] INFO org.fugazi.tests.HomePageTest - Test setup completed - Browser: CHROME, URL: https://music-tech-shop.vercel.app
[ForkJoinPool-4-worker-9] INFO org.fugazi.tests.HomePageTest - Successfully navigated to base URL
[ForkJoinPool-4-worker-9] INFO org.fugazi.tests.HomePageTest - Test setup completed - Browser: CHROME, URL: https://music-tech-shop.vercel.app
[ForkJoinPool-4-worker-5] INFO org.fugazi.tests.HomePageTest - Successfully navigated to base URL
[ForkJoinPool-4-worker-5] INFO org.fugazi.tests.HomePageTest - Test setup completed - Browser: CHROME, URL: https://music-tech-shop.vercel.app
[ForkJoinPool-4-worker-14] INFO org.fugazi.pages.CartPage - Cart has 1 items
[ForkJoinPool-4-worker-14] INFO org.fugazi.pages.CartPage - Removing item at index 0
[ForkJoinPool-4-worker-9] INFO org.fugazi.tests.HomePageTest - === Tearing down test ===
[ForkJoinPool-4-worker-2] INFO org.fugazi.tests.HomePageTest - Successfully navigated to base URL
[ForkJoinPool-4-worker-2] INFO org.fugazi.tests.HomePageTest - Test setup completed - Browser: CHROME, URL: https://music-tech-shop.vercel.app
[ForkJoinPool-4-worker-4] INFO org.fugazi.tests.HomePageTest - Successfully navigated to base URL
[ForkJoinPool-4-worker-4] INFO org.fugazi.tests.HomePageTest - Test setup completed - Browser: CHROME, URL: https://music-tech-shop.vercel.app
[ForkJoinPool-4-worker-5] INFO org.fugazi.tests.HomePageTest - === Tearing down test ===
[ForkJoinPool-4-worker-2] INFO org.fugazi.tests.HomePageTest - Page title: Music-Tech Shop - Your One-Stop Music Store
[ForkJoinPool-4-worker-2] INFO org.fugazi.tests.HomePageTest - === Tearing down test ===
[ForkJoinPool-4-worker-7] INFO org.fugazi.tests.HomePageTest - === Tearing down test ===
[ForkJoinPool-4-worker-14] INFO org.fugazi.pages.CartPage - Clicked remove button for item at index 0
[ForkJoinPool-4-worker-4] INFO org.fugazi.tests.HomePageTest - === Tearing down test ===
[ForkJoinPool-4-worker-6] INFO org.fugazi.tests.CartWorkflowTest - === Tearing down test ===
[ForkJoinPool-4-worker-1] INFO org.fugazi.tests.HomePageTest - Successfully navigated to base URL
[ForkJoinPool-4-worker-1] INFO org.fugazi.tests.HomePageTest - Test setup completed - Browser: CHROME, URL: https://music-tech-shop.vercel.app
[ForkJoinPool-4-worker-3] INFO org.fugazi.tests.HomePageTest - Successfully navigated to base URL
[ForkJoinPool-4-worker-3] INFO org.fugazi.tests.HomePageTest - Test setup completed - Browser: CHROME, URL: https://music-tech-shop.vercel.app
[ForkJoinPool-4-worker-3] INFO org.fugazi.pages.HomePage - Clicking on first product
[ForkJoinPool-4-worker-6] INFO org.fugazi.tests.HomePageTest - Successfully navigated to base URL
[ForkJoinPool-4-worker-6] INFO org.fugazi.tests.HomePageTest - Test setup completed - Browser: CHROME, URL: https://music-tech-shop.vercel.app
[ForkJoinPool-4-worker-6] INFO org.fugazi.pages.HomePage - Found 4 featured products
[ForkJoinPool-4-worker-6] INFO org.fugazi.tests.HomePageTest - Found 4 featured products
[ForkJoinPool-4-worker-6] INFO org.fugazi.tests.HomePageTest - === Tearing down test ===
[ForkJoinPool-4-worker-8] INFO org.fugazi.tests.HomePageTest - Product names: [Casio CZ-101 Vintage Synthesizer, Adam Audio A7X Studio Monitors (Pair), PreSonus Studio 24c, Behringer TD-3 Bass Synth]
[ForkJoinPool-4-worker-8] INFO org.fugazi.tests.HomePageTest - === Tearing down test ===
[ForkJoinPool-4-worker-2] INFO org.fugazi.pages.CartPage - Cart has 1 items
[ForkJoinPool-4-worker-2] INFO org.fugazi.tests.CartWorkflowTest - First item total: $989.99
[ForkJoinPool-4-worker-2] INFO org.fugazi.pages.CartPage - Clicking continue shopping / navigating back to products
[ForkJoinPool-4-worker-3] INFO org.fugazi.tests.HomePageTest - === Tearing down test ===
[ForkJoinPool-4-worker-1] INFO org.fugazi.tests.CartWorkflowTest - Navigated back to shopping, URL: https://music-tech-shop.vercel.app/products
[ForkJoinPool-4-worker-1] INFO org.fugazi.tests.CartWorkflowTest - === Tearing down test ===
[ForkJoinPool-4-worker-4] INFO org.fugazi.tests.HomePageTest - Test teardown completed
[ForkJoinPool-4-worker-4] INFO org.fugazi.listeners.AllureTestListener - ? Test PASSED: HomePageTest.shouldDisplayHeaderWithLogoAndSearch
[ForkJoinPool-4-worker-9] INFO org.fugazi.tests.HomePageTest - Test teardown completed
[ForkJoinPool-4-worker-9] INFO org.fugazi.listeners.AllureTestListener - ? Test PASSED: HomePageTest.shouldDisplayCartIcon
[ForkJoinPool-4-worker-7] INFO org.fugazi.tests.HomePageTest - Test teardown completed
[ForkJoinPool-4-worker-7] INFO org.fugazi.listeners.AllureTestListener - ? Test PASSED: HomePageTest.shouldLoadHomePageSuccessfully
[ForkJoinPool-4-worker-5] INFO org.fugazi.tests.HomePageTest - Test teardown completed
[ForkJoinPool-4-worker-2] INFO org.fugazi.tests.HomePageTest - Test teardown completed
[ForkJoinPool-4-worker-2] INFO org.fugazi.listeners.AllureTestListener - ? Test PASSED: HomePageTest.shouldHaveCorrectPageTitle
[ForkJoinPool-4-worker-5] INFO org.fugazi.listeners.AllureTestListener - ? Test PASSED: HomePageTest.shouldDisplayFooter
[ForkJoinPool-4-worker-10] INFO org.fugazi.pages.CartPage - Cart has 1 items
[ForkJoinPool-4-worker-10] INFO org.fugazi.pages.CartPage - Increasing quantity for item at index 0
[ForkJoinPool-4-worker-8] INFO org.fugazi.tests.HomePageTest - Test teardown completed
[ForkJoinPool-4-worker-8] INFO org.fugazi.listeners.AllureTestListener - ? Test PASSED: HomePageTest.shouldGetProductNames
[ForkJoinPool-4-worker-10] INFO org.fugazi.pages.CartPage - Clicked increase button for item at index 0
[ForkJoinPool-4-worker-13] INFO org.fugazi.tests.CartWorkflowTest - Test teardown completed
[ForkJoinPool-4-worker-13] INFO org.fugazi.listeners.AllureTestListener - ? Test PASSED: CartWorkflowTest.shouldDisplayItemImagesInCart
[ForkJoinPool-4-worker-4] INFO org.fugazi.tests.CartWorkflowTest - Test teardown completed
[ForkJoinPool-4-worker-4] INFO org.fugazi.listeners.AllureTestListener - ? Test PASSED: CartWorkflowTest.shouldDisplayItemPricesInCart
[ForkJoinPool-4-worker-8] INFO org.fugazi.tests.CartWorkflowTest - Test teardown completed
[ForkJoinPool-4-worker-8] INFO org.fugazi.listeners.AllureTestListener - ? Test PASSED: CartWorkflowTest.shouldShowEmptyCartWhenNoItems
[ForkJoinPool-4-worker-7] INFO org.fugazi.tests.CartWorkflowTest - Test teardown completed
[ForkJoinPool-4-worker-7] INFO org.fugazi.listeners.AllureTestListener - ? Test PASSED: CartWorkflowTest.shouldProceedToCheckoutWhenLoggedIn
[ForkJoinPool-4-worker-15] INFO org.fugazi.pages.CartPage - Cart has 1 items
[ForkJoinPool-4-worker-15] INFO org.fugazi.pages.CartPage - Decreasing quantity for item at index 0
[ForkJoinPool-4-worker-1] INFO org.fugazi.tests.CartWorkflowTest - Test teardown completed
[ForkJoinPool-4-worker-1] INFO org.fugazi.listeners.AllureTestListener - ? Test PASSED: CartWorkflowTest.shouldNavigateBackToShoppingFromCart
[ForkJoinPool-4-worker-3] INFO org.fugazi.tests.HomePageTest - Test teardown completed
[ForkJoinPool-4-worker-3] INFO org.fugazi.listeners.AllureTestListener - ? Test PASSED: HomePageTest.shouldNavigateToProductWhenClicking
[ForkJoinPool-4-worker-15] INFO org.fugazi.pages.CartPage - Clicked decrease button for item at index 0
[ForkJoinPool-4-worker-6] INFO org.fugazi.tests.HomePageTest - Test teardown completed
[ForkJoinPool-4-worker-6] INFO org.fugazi.listeners.AllureTestListener - ? Test PASSED: HomePageTest.shouldDisplayFeaturedProducts
[ForkJoinPool-4-worker-11] INFO org.fugazi.tests.CartWorkflowTest - Test teardown completed
[ForkJoinPool-4-worker-11] INFO org.fugazi.listeners.AllureTestListener - ? Test PASSED: CartWorkflowTest.shouldDisplayCorrectItemCountInHeader
[ForkJoinPool-4-worker-6] INFO org.fugazi.tests.CartWorkflowTest - Test teardown completed
[ForkJoinPool-4-worker-6] INFO org.fugazi.listeners.AllureTestListener - ? Test PASSED: CartWorkflowTest.shouldAddMultipleProductsToCart
[ForkJoinPool-4-worker-5] INFO org.fugazi.tests.CartWorkflowTest - Test teardown completed
[ForkJoinPool-4-worker-5] INFO org.fugazi.listeners.AllureTestListener - ? Test PASSED: CartWorkflowTest.shouldHandleMultipleQuantityIncreases
[ForkJoinPool-4-worker-3] INFO org.fugazi.pages.CartPage - Cart has 1 items
[ForkJoinPool-4-worker-3] INFO org.fugazi.tests.CartWorkflowTest - Product 'Casio CZ-101 Vintage Synthesizer' added to cart with price $899.99
[ForkJoinPool-4-worker-3] INFO org.fugazi.tests.CartWorkflowTest - === Tearing down test ===
[ForkJoinPool-4-worker-12] INFO org.fugazi.pages.CartPage - Cart has 1 items
[ForkJoinPool-4-worker-9] INFO org.fugazi.pages.CartPage - Cart has 1 items
[ForkJoinPool-4-worker-9] INFO org.fugazi.tests.CartWorkflowTest - Cart persisted with 1 items after refresh
[ForkJoinPool-4-worker-9] INFO org.fugazi.tests.CartWorkflowTest - === Tearing down test ===
[ForkJoinPool-4-worker-3] INFO org.fugazi.tests.CartWorkflowTest - Test teardown completed
[ForkJoinPool-4-worker-3] INFO org.fugazi.listeners.AllureTestListener - ? Test PASSED: CartWorkflowTest.shouldAddSingleProductToCartAndVerify
[ForkJoinPool-4-worker-9] INFO org.fugazi.tests.CartWorkflowTest - Test teardown completed
[ForkJoinPool-4-worker-9] INFO org.fugazi.listeners.AllureTestListener - ? Test PASSED: CartWorkflowTest.shouldPersistCartAfterPageRefresh
[ForkJoinPool-4-worker-14] INFO org.fugazi.pages.CartPage - Cart has 0 items
[ForkJoinPool-4-worker-14] INFO org.fugazi.pages.CartPage - Cart cleared successfully
[ForkJoinPool-4-worker-1] INFO org.fugazi.tests.HomePageTest - === Tearing down test ===
[ForkJoinPool-4-worker-1] INFO org.fugazi.tests.HomePageTest - Test teardown completed
[ForkJoinPool-4-worker-1] INFO org.fugazi.listeners.AllureTestListener - ? Test PASSED: HomePageTest.cartShouldInitiallyBeEmpty
[INFO] Tests run: 9, Failures: 0, Errors: 0, Skipped: 0, Time elapsed: 10.73 s -- in org.fugazi.tests.HomePageTest
[INFO] Running org.fugazi.tests.InformationPagesTest
[ForkJoinPool-5-worker-12] INFO org.fugazi.tests.InformationPagesTest - === Setting up test ===
[ForkJoinPool-5-worker-5] INFO org.fugazi.tests.InformationPagesTest - === Setting up test ===
[ForkJoinPool-5-worker-6] INFO org.fugazi.tests.InformationPagesTest - === Setting up test ===
[ForkJoinPool-5-worker-5] INFO org.fugazi.factory.WebDriverFactory - Creating CHROME driver (headless: true)
[ForkJoinPool-5-worker-4] INFO org.fugazi.tests.InformationPagesTest - === Setting up test ===
[ForkJoinPool-5-worker-6] INFO org.fugazi.factory.WebDriverFactory - Creating CHROME driver (headless: true)
[ForkJoinPool-5-worker-10] INFO org.fugazi.tests.InformationPagesTest - === Setting up test ===
[ForkJoinPool-5-worker-2] INFO org.fugazi.tests.InformationPagesTest - === Setting up test ===
[ForkJoinPool-5-worker-9] INFO org.fugazi.tests.InformationPagesTest - === Setting up test ===
[ForkJoinPool-5-worker-11] INFO org.fugazi.tests.InformationPagesTest - === Setting up test ===
[ForkJoinPool-5-worker-13] INFO org.fugazi.tests.InformationPagesTest - === Setting up test ===
[ForkJoinPool-5-worker-14] INFO org.fugazi.tests.InformationPagesTest - === Setting up test ===
[ForkJoinPool-5-worker-8] INFO org.fugazi.tests.InformationPagesTest - === Setting up test ===
[ForkJoinPool-5-worker-8] INFO org.fugazi.factory.WebDriverFactory - Creating CHROME driver (headless: true)
[ForkJoinPool-5-worker-12] INFO org.fugazi.factory.WebDriverFactory - Creating CHROME driver (headless: true)
[ForkJoinPool-5-worker-1] INFO org.fugazi.tests.InformationPagesTest - === Setting up test ===
[ForkJoinPool-5-worker-1] INFO org.fugazi.factory.WebDriverFactory - Creating CHROME driver (headless: true)
[ForkJoinPool-5-worker-7] INFO org.fugazi.tests.InformationPagesTest - === Setting up test ===
[ForkJoinPool-5-worker-4] INFO org.fugazi.factory.WebDriverFactory - Creating CHROME driver (headless: true)
[ForkJoinPool-5-worker-10] INFO org.fugazi.factory.WebDriverFactory - Creating CHROME driver (headless: true)
[ForkJoinPool-5-worker-2] INFO org.fugazi.factory.WebDriverFactory - Creating CHROME driver (headless: true)
[ForkJoinPool-5-worker-9] INFO org.fugazi.factory.WebDriverFactory - Creating CHROME driver (headless: true)
[ForkJoinPool-5-worker-11] INFO org.fugazi.factory.WebDriverFactory - Creating CHROME driver (headless: true)
[ForkJoinPool-5-worker-13] INFO org.fugazi.factory.WebDriverFactory - Creating CHROME driver (headless: true)
[ForkJoinPool-5-worker-3] INFO org.fugazi.tests.InformationPagesTest - === Setting up test ===
[ForkJoinPool-5-worker-3] INFO org.fugazi.factory.WebDriverFactory - Creating CHROME driver (headless: true)
[ForkJoinPool-5-worker-14] INFO org.fugazi.factory.WebDriverFactory - Creating CHROME driver (headless: true)
[ForkJoinPool-5-worker-7] INFO org.fugazi.factory.WebDriverFactory - Creating CHROME driver (headless: true)
[ForkJoinPool-4-worker-2] INFO org.fugazi.pages.HomePage - Clicking on product at index: 1
[ForkJoinPool-4-worker-10] INFO org.fugazi.pages.CartPage - Cart has 1 items
[ForkJoinPool-4-worker-10] INFO org.fugazi.tests.CartWorkflowTest - Quantity changed from 1 to 2, total from $989.99 to $1,979.98
[ForkJoinPool-4-worker-10] INFO org.fugazi.tests.CartWorkflowTest - === Tearing down test ===
[ForkJoinPool-4-worker-15] INFO org.fugazi.pages.CartPage - Cart has 1 items
[ForkJoinPool-4-worker-15] INFO org.fugazi.tests.CartWorkflowTest - Quantity changed from 2 to 1
[ForkJoinPool-4-worker-15] INFO org.fugazi.tests.CartWorkflowTest - === Tearing down test ===
[ForkJoinPool-4-worker-12] INFO org.fugazi.pages.CartPage - Cart has 1 items
[ForkJoinPool-4-worker-12] INFO org.fugazi.tests.CartWorkflowTest - Subtotal: 0.00, Total: $989.99
[ForkJoinPool-4-worker-12] INFO org.fugazi.tests.CartWorkflowTest - === Tearing down test ===
[ForkJoinPool-4-worker-2] INFO org.fugazi.pages.ProductDetailPage - Clicking add to cart button
ene 26, 2026 10:58:36 A. M. org.openqa.selenium.devtools.CdpVersionFinder findNearestMatch
ADVERTENCIA: Unable to find CDP implementation matching 144
ene 26, 2026 10:58:36 A. M. org.openqa.selenium.chromium.ChromiumDriver lambda$new$5
ADVERTENCIA: Unable to find version of CDP to use for 144.0.7559.96. You may need to include a dependency on a specific version of the CDP using something similar to `org.seleniumhq.selenium:selenium-devtools-v86:4.27.0` where the version ("v86") matches the version of the chromium-based browser you're using and the version number of the artifact is the same as Selenium's.
ene 26, 2026 10:58:36 A. M. org.openqa.selenium.devtools.CdpVersionFinder findNearestMatch
ADVERTENCIA: Unable to find CDP implementation matching 144
ene 26, 2026 10:58:36 A. M. org.openqa.selenium.chromium.ChromiumDriver lambda$new$5
ADVERTENCIA: Unable to find version of CDP to use for 144.0.7559.96. You may need to include a dependency on a specific version of the CDP using something similar to `org.seleniumhq.selenium:selenium-devtools-v86:4.27.0` where the version ("v86") matches the version of the chromium-based browser you're using and the version number of the artifact is the same as Selenium's.
[ForkJoinPool-4-worker-2] INFO org.fugazi.pages.components.HeaderComponent - Clicking on cart icon
ene 26, 2026 10:58:37 A. M. org.openqa.selenium.devtools.CdpVersionFinder findNearestMatch
ADVERTENCIA: Unable to find CDP implementation matching 144
ene 26, 2026 10:58:37 A. M. org.openqa.selenium.chromium.ChromiumDriver lambda$new$5
ADVERTENCIA: Unable to find version of CDP to use for 144.0.7559.96. You may need to include a dependency on a specific version of the CDP using something similar to `org.seleniumhq.selenium:selenium-devtools-v86:4.27.0` where the version ("v86") matches the version of the chromium-based browser you're using and the version number of the artifact is the same as Selenium's.
ene 26, 2026 10:58:37 A. M. org.openqa.selenium.devtools.CdpVersionFinder findNearestMatch
ADVERTENCIA: Unable to find CDP implementation matching 144
ene 26, 2026 10:58:37 A. M. org.openqa.selenium.chromium.ChromiumDriver lambda$new$5
ADVERTENCIA: Unable to find version of CDP to use for 144.0.7559.96. You may need to include a dependency on a specific version of the CDP using something similar to `org.seleniumhq.selenium:selenium-devtools-v86:4.27.0` where the version ("v86") matches the version of the chromium-based browser you're using and the version number of the artifact is the same as Selenium's.
ene 26, 2026 10:58:37 A. M. org.openqa.selenium.devtools.CdpVersionFinder findNearestMatch
ADVERTENCIA: Unable to find CDP implementation matching 144
ene 26, 2026 10:58:37 A. M. org.openqa.selenium.chromium.ChromiumDriver lambda$new$5
ADVERTENCIA: Unable to find version of CDP to use for 144.0.7559.96. You may need to include a dependency on a specific version of the CDP using something similar to `org.seleniumhq.selenium:selenium-devtools-v86:4.27.0` where the version ("v86") matches the version of the chromium-based browser you're using and the version number of the artifact is the same as Selenium's.
ene 26, 2026 10:58:37 A. M. org.openqa.selenium.devtools.CdpVersionFinder findNearestMatch
ADVERTENCIA: Unable to find CDP implementation matching 144
ene 26, 2026 10:58:37 A. M. org.openqa.selenium.chromium.ChromiumDriver lambda$new$5
ADVERTENCIA: Unable to find version of CDP to use for 144.0.7559.96. You may need to include a dependency on a specific version of the CDP using something similar to `org.seleniumhq.selenium:selenium-devtools-v86:4.27.0` where the version ("v86") matches the version of the chromium-based browser you're using and the version number of the artifact is the same as Selenium's.
ene 26, 2026 10:58:37 A. M. org.openqa.selenium.devtools.CdpVersionFinder findNearestMatch
ADVERTENCIA: Unable to find CDP implementation matching 144
ene 26, 2026 10:58:37 A. M. org.openqa.selenium.chromium.ChromiumDriver lambda$new$5
ADVERTENCIA: Unable to find version of CDP to use for 144.0.7559.96. You may need to include a dependency on a specific version of the CDP using something similar to `org.seleniumhq.selenium:selenium-devtools-v86:4.27.0` where the version ("v86") matches the version of the chromium-based browser you're using and the version number of the artifact is the same as Selenium's.
ene 26, 2026 10:58:37 A. M. org.openqa.selenium.devtools.CdpVersionFinder findNearestMatch
ADVERTENCIA: Unable to find CDP implementation matching 144
ene 26, 2026 10:58:37 A. M. org.openqa.selenium.chromium.ChromiumDriver lambda$new$5
ADVERTENCIA: Unable to find version of CDP to use for 144.0.7559.96. You may need to include a dependency on a specific version of the CDP using something similar to `org.seleniumhq.selenium:selenium-devtools-v86:4.27.0` where the version ("v86") matches the version of the chromium-based browser you're using and the version number of the artifact is the same as Selenium's.
ene 26, 2026 10:58:38 A. M. org.openqa.selenium.devtools.CdpVersionFinder findNearestMatch
ADVERTENCIA: Unable to find CDP implementation matching 144
ene 26, 2026 10:58:38 A. M. org.openqa.selenium.chromium.ChromiumDriver lambda$new$5
ADVERTENCIA: Unable to find version of CDP to use for 144.0.7559.96. You may need to include a dependency on a specific version of the CDP using something similar to `org.seleniumhq.selenium:selenium-devtools-v86:4.27.0` where the version ("v86") matches the version of the chromium-based browser you're using and the version number of the artifact is the same as Selenium's.
ene 26, 2026 10:58:38 A. M. org.openqa.selenium.devtools.CdpVersionFinder findNearestMatch
ADVERTENCIA: Unable to find CDP implementation matching 144
ene 26, 2026 10:58:38 A. M. org.openqa.selenium.chromium.ChromiumDriver lambda$new$5
ADVERTENCIA: Unable to find version of CDP to use for 144.0.7559.96. You may need to include a dependency on a specific version of the CDP using something similar to `org.seleniumhq.selenium:selenium-devtools-v86:4.27.0` where the version ("v86") matches the version of the chromium-based browser you're using and the version number of the artifact is the same as Selenium's.
ene 26, 2026 10:58:38 A. M. org.openqa.selenium.devtools.CdpVersionFinder findNearestMatch
ADVERTENCIA: Unable to find CDP implementation matching 144
ene 26, 2026 10:58:38 A. M. org.openqa.selenium.devtools.CdpVersionFinder findNearestMatch
ADVERTENCIA: Unable to find CDP implementation matching 144
ene 26, 2026 10:58:38 A. M. org.openqa.selenium.chromium.ChromiumDriver lambda$new$5
ADVERTENCIA: Unable to find version of CDP to use for 144.0.7559.96. You may need to include a dependency on a specific version of the CDP using something similar to `org.seleniumhq.selenium:selenium-devtools-v86:4.27.0` where the version ("v86") matches the version of the chromium-based browser you're using and the version number of the artifact is the same as Selenium's.
ene 26, 2026 10:58:38 A. M. org.openqa.selenium.chromium.ChromiumDriver lambda$new$5
ADVERTENCIA: Unable to find version of CDP to use for 144.0.7559.96. You may need to include a dependency on a specific version of the CDP using something similar to `org.seleniumhq.selenium:selenium-devtools-v86:4.27.0` where the version ("v86") matches the version of the chromium-based browser you're using and the version number of the artifact is the same as Selenium's.
ene 26, 2026 10:58:38 A. M. org.openqa.selenium.devtools.CdpVersionFinder findNearestMatch
ADVERTENCIA: Unable to find CDP implementation matching 144
ene 26, 2026 10:58:38 A. M. org.openqa.selenium.chromium.ChromiumDriver lambda$new$5
ADVERTENCIA: Unable to find version of CDP to use for 144.0.7559.96. You may need to include a dependency on a specific version of the CDP using something similar to `org.seleniumhq.selenium:selenium-devtools-v86:4.27.0` where the version ("v86") matches the version of the chromium-based browser you're using and the version number of the artifact is the same as Selenium's.
ene 26, 2026 10:58:38 A. M. org.openqa.selenium.devtools.CdpVersionFinder findNearestMatch
ADVERTENCIA: Unable to find CDP implementation matching 144
ene 26, 2026 10:58:38 A. M. org.openqa.selenium.chromium.ChromiumDriver lambda$new$5
ADVERTENCIA: Unable to find version of CDP to use for 144.0.7559.96. You may need to include a dependency on a specific version of the CDP using something similar to `org.seleniumhq.selenium:selenium-devtools-v86:4.27.0` where the version ("v86") matches the version of the chromium-based browser you're using and the version number of the artifact is the same as Selenium's.
[ForkJoinPool-4-worker-14] INFO org.fugazi.pages.CartPage - Cart has 0 items
[ForkJoinPool-5-worker-3] INFO org.fugazi.tests.InformationPagesTest - Successfully navigated to base URL
[ForkJoinPool-5-worker-5] INFO org.fugazi.tests.InformationPagesTest - Successfully navigated to base URL
[ForkJoinPool-5-worker-3] INFO org.fugazi.tests.InformationPagesTest - Test setup completed - Browser: CHROME, URL: https://music-tech-shop.vercel.app
[ForkJoinPool-5-worker-5] INFO org.fugazi.tests.InformationPagesTest - Test setup completed - Browser: CHROME, URL: https://music-tech-shop.vercel.app
[ForkJoinPool-5-worker-4] INFO org.fugazi.tests.InformationPagesTest - Successfully navigated to base URL
[ForkJoinPool-5-worker-4] INFO org.fugazi.tests.InformationPagesTest - Test setup completed - Browser: CHROME, URL: https://music-tech-shop.vercel.app
[ForkJoinPool-5-worker-6] INFO org.fugazi.tests.InformationPagesTest - Successfully navigated to base URL
[ForkJoinPool-5-worker-6] INFO org.fugazi.tests.InformationPagesTest - Test setup completed - Browser: CHROME, URL: https://music-tech-shop.vercel.app
[ForkJoinPool-5-worker-11] INFO org.fugazi.tests.InformationPagesTest - Successfully navigated to base URL
[ForkJoinPool-5-worker-11] INFO org.fugazi.tests.InformationPagesTest - Test setup completed - Browser: CHROME, URL: https://music-tech-shop.vercel.app
[ForkJoinPool-5-worker-12] INFO org.fugazi.tests.InformationPagesTest - Successfully navigated to base URL
[ForkJoinPool-5-worker-12] INFO org.fugazi.tests.InformationPagesTest - Test setup completed - Browser: CHROME, URL: https://music-tech-shop.vercel.app
[ForkJoinPool-5-worker-10] INFO org.fugazi.tests.InformationPagesTest - Successfully navigated to base URL
[ForkJoinPool-5-worker-10] INFO org.fugazi.tests.InformationPagesTest - Test setup completed - Browser: CHROME, URL: https://music-tech-shop.vercel.app
[ForkJoinPool-5-worker-14] INFO org.fugazi.tests.InformationPagesTest - Successfully navigated to base URL
[ForkJoinPool-5-worker-14] INFO org.fugazi.tests.InformationPagesTest - Test setup completed - Browser: CHROME, URL: https://music-tech-shop.vercel.app
[ForkJoinPool-5-worker-2] INFO org.fugazi.tests.InformationPagesTest - Successfully navigated to base URL
[ForkJoinPool-5-worker-2] INFO org.fugazi.tests.InformationPagesTest - Test setup completed - Browser: CHROME, URL: https://music-tech-shop.vercel.app
[ForkJoinPool-5-worker-7] INFO org.fugazi.tests.InformationPagesTest - Successfully navigated to base URL
[ForkJoinPool-5-worker-7] INFO org.fugazi.tests.InformationPagesTest - Test setup completed - Browser: CHROME, URL: https://music-tech-shop.vercel.app
[ForkJoinPool-5-worker-1] INFO org.fugazi.tests.InformationPagesTest - Successfully navigated to base URL
[ForkJoinPool-5-worker-1] INFO org.fugazi.tests.InformationPagesTest - Test setup completed - Browser: CHROME, URL: https://music-tech-shop.vercel.app
[ForkJoinPool-5-worker-1] INFO org.fugazi.pages.components.FooterComponent - Clicking About Us link in footer
[ForkJoinPool-5-worker-8] INFO org.fugazi.tests.InformationPagesTest - Successfully navigated to base URL
[ForkJoinPool-5-worker-8] INFO org.fugazi.tests.InformationPagesTest - Test setup completed - Browser: CHROME, URL: https://music-tech-shop.vercel.app
[ForkJoinPool-5-worker-11] INFO org.fugazi.pages.TermsPage - Terms page - Current URL: https://music-tech-shop.vercel.app/terms
[ForkJoinPool-5-worker-9] INFO org.fugazi.tests.InformationPagesTest - Successfully navigated to base URL
[ForkJoinPool-5-worker-9] INFO org.fugazi.tests.InformationPagesTest - Test setup completed - Browser: CHROME, URL: https://music-tech-shop.vercel.app
[ForkJoinPool-5-worker-2] INFO org.fugazi.pages.AboutPage - Current URL after navigation: https://music-tech-shop.vercel.app/about
[ForkJoinPool-5-worker-4] INFO org.fugazi.tests.InformationPagesTest - CTA buttons displayed on About page
[ForkJoinPool-5-worker-4] INFO org.fugazi.tests.InformationPagesTest - === Tearing down test ===
[ForkJoinPool-5-worker-11] INFO org.fugazi.pages.TermsPage - Terms page elements - Container: true, Section: true
[ForkJoinPool-5-worker-2] INFO org.fugazi.pages.AboutPage - About page elements - Mission Card: true, Heading: true
[ForkJoinPool-5-worker-1] INFO org.fugazi.pages.components.FooterComponent - About link href: /about
[ForkJoinPool-5-worker-6] INFO org.fugazi.tests.InformationPagesTest - Terms page heading and last updated displayed correctly
[ForkJoinPool-5-worker-6] INFO org.fugazi.tests.InformationPagesTest - === Tearing down test ===
[ForkJoinPool-5-worker-11] INFO org.fugazi.tests.InformationPagesTest - Terms page loaded successfully
[ForkJoinPool-5-worker-11] INFO org.fugazi.tests.InformationPagesTest - === Tearing down test ===
[ForkJoinPool-5-worker-2] INFO org.fugazi.tests.InformationPagesTest - About page loaded successfully
[ForkJoinPool-5-worker-2] INFO org.fugazi.tests.InformationPagesTest - === Tearing down test ===
[ForkJoinPool-5-worker-13] INFO org.fugazi.tests.InformationPagesTest - Successfully navigated to base URL
[ForkJoinPool-5-worker-13] INFO org.fugazi.tests.InformationPagesTest - Test setup completed - Browser: CHROME, URL: https://music-tech-shop.vercel.app
[ForkJoinPool-5-worker-5] INFO org.fugazi.tests.InformationPagesTest - Company information displayed on About page
[ForkJoinPool-5-worker-5] INFO org.fugazi.tests.InformationPagesTest - === Tearing down test ===
[ForkJoinPool-5-worker-1] INFO org.fugazi.pages.components.FooterComponent - After clicking About link, URL is: https://music-tech-shop.vercel.app/about
[ForkJoinPool-5-worker-1] INFO org.fugazi.pages.AboutPage - Current URL after navigation: https://music-tech-shop.vercel.app/about
[ForkJoinPool-5-worker-1] INFO org.fugazi.pages.AboutPage - About page elements - Mission Card: true, Heading: true
[ForkJoinPool-4-worker-10] INFO org.fugazi.tests.CartWorkflowTest - Test teardown completed
[ForkJoinPool-4-worker-10] INFO org.fugazi.listeners.AllureTestListener - ? Test PASSED: CartWorkflowTest.shouldIncreaseItemQuantityInCart
[ForkJoinPool-4-worker-12] INFO org.fugazi.tests.CartWorkflowTest - Test teardown completed
[ForkJoinPool-4-worker-12] INFO org.fugazi.listeners.AllureTestListener - ? Test PASSED: CartWorkflowTest.shouldCalculateSubtotalCorrectly
[ForkJoinPool-4-worker-15] INFO org.fugazi.tests.CartWorkflowTest - Test teardown completed
[ForkJoinPool-4-worker-15] INFO org.fugazi.listeners.AllureTestListener - ? Test PASSED: CartWorkflowTest.shouldDecreaseItemQuantityInCart
[ForkJoinPool-5-worker-12] INFO org.fugazi.pages.ReturnsPage - Returns page - Current URL: https://music-tech-shop.vercel.app/returns
[ForkJoinPool-5-worker-13] INFO org.fugazi.tests.InformationPagesTest - Terms and conditions displayed correctly
[ForkJoinPool-5-worker-13] INFO org.fugazi.tests.InformationPagesTest - === Tearing down test ===
[ForkJoinPool-5-worker-8] INFO org.fugazi.pages.ShippingPage - Shipping page - Current URL: https://music-tech-shop.vercel.app/shipping
[ForkJoinPool-5-worker-1] INFO org.fugazi.tests.InformationPagesTest - Successfully navigated to base URL
[ForkJoinPool-5-worker-1] INFO org.fugazi.pages.components.FooterComponent - Clicking Shipping Policy link in footer
[ForkJoinPool-5-worker-3] INFO org.fugazi.tests.InformationPagesTest - Shipping page heading displayed correctly
[ForkJoinPool-5-worker-3] INFO org.fugazi.tests.InformationPagesTest - === Tearing down test ===
[ForkJoinPool-5-worker-12] INFO org.fugazi.pages.ReturnsPage - Returns page elements - Container: true, Heading: true
[ForkJoinPool-5-worker-8] INFO org.fugazi.pages.ShippingPage - Shipping page elements - Container: true, Heading: true
[ForkJoinPool-5-worker-1] INFO org.fugazi.pages.components.FooterComponent - Shipping link href: /shipping
[ForkJoinPool-5-worker-9] INFO org.fugazi.tests.InformationPagesTest - Returns page heading and help buttons displayed correctly
[ForkJoinPool-5-worker-7] INFO org.fugazi.tests.InformationPagesTest - Returns policy information displayed correctly
[ForkJoinPool-5-worker-9] INFO org.fugazi.tests.InformationPagesTest - === Tearing down test ===
[ForkJoinPool-5-worker-7] INFO org.fugazi.tests.InformationPagesTest - === Tearing down test ===
[ForkJoinPool-5-worker-12] INFO org.fugazi.tests.InformationPagesTest - Returns page loaded successfully
[ForkJoinPool-5-worker-8] INFO org.fugazi.tests.InformationPagesTest - Shipping page loaded successfully
[ForkJoinPool-5-worker-12] INFO org.fugazi.tests.InformationPagesTest - === Tearing down test ===
[ForkJoinPool-5-worker-8] INFO org.fugazi.tests.InformationPagesTest - === Tearing down test ===
[ForkJoinPool-5-worker-10] INFO org.fugazi.tests.InformationPagesTest - Shipping information displayed correctly
[ForkJoinPool-5-worker-10] INFO org.fugazi.tests.InformationPagesTest - === Tearing down test ===
[ForkJoinPool-5-worker-14] INFO org.fugazi.tests.InformationPagesTest - Delivery calculator interaction tested
[ForkJoinPool-5-worker-14] INFO org.fugazi.tests.InformationPagesTest - Delivery calculator interaction completed
[ForkJoinPool-5-worker-14] INFO org.fugazi.tests.InformationPagesTest - === Tearing down test ===
[ForkJoinPool-5-worker-4] INFO org.fugazi.tests.InformationPagesTest - Test teardown completed
[ForkJoinPool-5-worker-11] INFO org.fugazi.tests.InformationPagesTest - Test teardown completed
[ForkJoinPool-5-worker-11] INFO org.fugazi.listeners.AllureTestListener - ? Test PASSED: InformationPagesTest.shouldLoadTermsPageSuccessfully
[ForkJoinPool-5-worker-4] INFO org.fugazi.listeners.AllureTestListener - ? Test PASSED: InformationPagesTest.shouldDisplayCTAButtonsOnAboutPage
[ForkJoinPool-5-worker-2] INFO org.fugazi.tests.InformationPagesTest - Test teardown completed
[ForkJoinPool-5-worker-2] INFO org.fugazi.listeners.AllureTestListener - ? Test PASSED: InformationPagesTest.shouldLoadAboutPageSuccessfully
[ForkJoinPool-5-worker-6] INFO org.fugazi.tests.InformationPagesTest - Test teardown completed
[ForkJoinPool-5-worker-6] INFO org.fugazi.listeners.AllureTestListener - ? Test PASSED: InformationPagesTest.shouldDisplayHeadingAndLastUpdatedOnTermsPage
[ForkJoinPool-5-worker-5] INFO org.fugazi.tests.InformationPagesTest - Test teardown completed
[ForkJoinPool-5-worker-5] INFO org.fugazi.listeners.AllureTestListener - ? Test PASSED: InformationPagesTest.shouldDisplayCompanyInformationOnAboutPage
[ForkJoinPool-5-worker-1] INFO org.fugazi.pages.components.FooterComponent - After clicking Shipping link, URL is: https://music-tech-shop.vercel.app/shipping
[ForkJoinPool-5-worker-1] INFO org.fugazi.pages.ShippingPage - Shipping page - Current URL: https://music-tech-shop.vercel.app/shipping
[ForkJoinPool-5-worker-1] INFO org.fugazi.pages.ShippingPage - Shipping page elements - Container: true, Heading: true
[ForkJoinPool-5-worker-13] INFO org.fugazi.tests.InformationPagesTest - Test teardown completed
[ForkJoinPool-5-worker-13] INFO org.fugazi.listeners.AllureTestListener - ? Test PASSED: InformationPagesTest.shouldDisplayTermsAndConditions
[ForkJoinPool-5-worker-1] INFO org.fugazi.tests.InformationPagesTest - Successfully navigated to base URL
[ForkJoinPool-5-worker-1] INFO org.fugazi.pages.components.FooterComponent - Clicking Returns & Refunds link in footer
[ForkJoinPool-5-worker-1] INFO org.fugazi.pages.components.FooterComponent - Returns link href: /returns
[ForkJoinPool-5-worker-10] INFO org.fugazi.tests.InformationPagesTest - Test teardown completed
[ForkJoinPool-5-worker-10] INFO org.fugazi.listeners.AllureTestListener - ? Test PASSED: InformationPagesTest.shouldDisplayShippingInformation
[ForkJoinPool-5-worker-7] INFO org.fugazi.tests.InformationPagesTest - Test teardown completed
[ForkJoinPool-5-worker-7] INFO org.fugazi.listeners.AllureTestListener - ? Test PASSED: InformationPagesTest.shouldDisplayReturnsPolicyInformation
[ForkJoinPool-5-worker-14] INFO org.fugazi.tests.InformationPagesTest - Test teardown completed
[ForkJoinPool-5-worker-14] INFO org.fugazi.listeners.AllureTestListener - ? Test PASSED: InformationPagesTest.shouldAllowInteractionWithDeliveryCalculator
[ForkJoinPool-5-worker-12] INFO org.fugazi.tests.InformationPagesTest - Test teardown completed
[ForkJoinPool-5-worker-12] INFO org.fugazi.listeners.AllureTestListener - ? Test PASSED: InformationPagesTest.shouldLoadReturnsPageSuccessfully
[ForkJoinPool-5-worker-8] INFO org.fugazi.tests.InformationPagesTest - Test teardown completed
[ForkJoinPool-5-worker-8] INFO org.fugazi.listeners.AllureTestListener - ? Test PASSED: InformationPagesTest.shouldLoadShippingPageSuccessfully
[ForkJoinPool-5-worker-3] INFO org.fugazi.tests.InformationPagesTest - Test teardown completed
[ForkJoinPool-5-worker-3] INFO org.fugazi.listeners.AllureTestListener - ? Test PASSED: InformationPagesTest.shouldDisplayHeadingOnShippingPage
[ForkJoinPool-5-worker-9] INFO org.fugazi.tests.InformationPagesTest - Test teardown completed
[ForkJoinPool-5-worker-9] INFO org.fugazi.listeners.AllureTestListener - ? Test PASSED: InformationPagesTest.shouldDisplayHeadingAndHelpButtonsOnReturnsPage
[ForkJoinPool-5-worker-1] INFO org.fugazi.pages.components.FooterComponent - After clicking Returns link, URL is: https://music-tech-shop.vercel.app/returns
[ForkJoinPool-5-worker-1] INFO org.fugazi.pages.ReturnsPage - Returns page - Current URL: https://music-tech-shop.vercel.app/returns
[ForkJoinPool-5-worker-1] INFO org.fugazi.pages.ReturnsPage - Returns page elements - Container: true, Heading: true
[ForkJoinPool-4-worker-14] INFO org.fugazi.pages.CartPage - Cart has 0 items
[ForkJoinPool-5-worker-1] INFO org.fugazi.tests.InformationPagesTest - Successfully navigated to base URL
[ForkJoinPool-5-worker-1] INFO org.fugazi.pages.components.FooterComponent - Clicking Terms of Service link in footer
[ForkJoinPool-4-worker-14] INFO org.fugazi.tests.CartWorkflowTest - Cart cleared successfully from 2 items
[ForkJoinPool-4-worker-14] INFO org.fugazi.tests.CartWorkflowTest - === Tearing down test ===
[ForkJoinPool-5-worker-1] INFO org.fugazi.pages.components.FooterComponent - Terms link href: /terms
[ForkJoinPool-4-worker-14] INFO org.fugazi.tests.CartWorkflowTest - Test teardown completed
[ForkJoinPool-4-worker-14] INFO org.fugazi.listeners.AllureTestListener - ? Test PASSED: CartWorkflowTest.shouldRemoveAllItemsFromCart
[ForkJoinPool-5-worker-1] INFO org.fugazi.pages.components.FooterComponent - After clicking Terms link, URL is: https://music-tech-shop.vercel.app/terms
[ForkJoinPool-5-worker-1] INFO org.fugazi.pages.TermsPage - Terms page - Current URL: https://music-tech-shop.vercel.app/terms
[ForkJoinPool-5-worker-1] INFO org.fugazi.pages.TermsPage - Terms page elements - Container: true, Section: true
[ForkJoinPool-5-worker-1] INFO org.fugazi.tests.InformationPagesTest - Successfully navigated to all information pages from footer
[ForkJoinPool-5-worker-1] INFO org.fugazi.tests.InformationPagesTest - === Tearing down test ===
[ForkJoinPool-5-worker-1] INFO org.fugazi.tests.InformationPagesTest - Test teardown completed
[ForkJoinPool-5-worker-1] INFO org.fugazi.listeners.AllureTestListener - ? Test PASSED: InformationPagesTest.shouldNavigateToAllInformationPagesFromFooter
[INFO] Tests run: 14, Failures: 0, Errors: 0, Skipped: 0, Time elapsed: 10.48 s -- in org.fugazi.tests.InformationPagesTest
[INFO] Running org.fugazi.tests.LoginTest
[ForkJoinPool-6-worker-1] INFO org.fugazi.tests.LoginTest - === Setting up test ===
[ForkJoinPool-6-worker-1] INFO org.fugazi.factory.WebDriverFactory - Creating CHROME driver (headless: true)
[ForkJoinPool-6-worker-3] INFO org.fugazi.tests.LoginTest - === Setting up test ===
[ForkJoinPool-6-worker-3] INFO org.fugazi.factory.WebDriverFactory - Creating CHROME driver (headless: true)
[ForkJoinPool-6-worker-2] INFO org.fugazi.tests.LoginTest - === Setting up test ===
[ForkJoinPool-6-worker-4] INFO org.fugazi.tests.LoginTest - === Setting up test ===
[ForkJoinPool-6-worker-2] INFO org.fugazi.factory.WebDriverFactory - Creating CHROME driver (headless: true)
[ForkJoinPool-6-worker-4] INFO org.fugazi.factory.WebDriverFactory - Creating CHROME driver (headless: true)
[ForkJoinPool-6-worker-5] INFO org.fugazi.tests.LoginTest - === Setting up test ===
[ForkJoinPool-6-worker-5] INFO org.fugazi.factory.WebDriverFactory - Creating CHROME driver (headless: true)
[ForkJoinPool-6-worker-6] INFO org.fugazi.tests.LoginTest - === Setting up test ===
[ForkJoinPool-6-worker-6] INFO org.fugazi.factory.WebDriverFactory - Creating CHROME driver (headless: true)
[ForkJoinPool-6-worker-7] INFO org.fugazi.tests.LoginTest - === Setting up test ===
[ForkJoinPool-6-worker-7] INFO org.fugazi.factory.WebDriverFactory - Creating CHROME driver (headless: true)
[ForkJoinPool-6-worker-8] INFO org.fugazi.tests.LoginTest - === Setting up test ===
[ForkJoinPool-6-worker-8] INFO org.fugazi.factory.WebDriverFactory - Creating CHROME driver (headless: true)
[ForkJoinPool-6-worker-11] INFO org.fugazi.tests.LoginTest - === Setting up test ===
[ForkJoinPool-6-worker-11] INFO org.fugazi.factory.WebDriverFactory - Creating CHROME driver (headless: true)
[ForkJoinPool-6-worker-10] INFO org.fugazi.tests.LoginTest - === Setting up test ===
[ForkJoinPool-6-worker-12] INFO org.fugazi.tests.LoginTest - === Setting up test ===
[ForkJoinPool-6-worker-10] INFO org.fugazi.factory.WebDriverFactory - Creating CHROME driver (headless: true)
[ForkJoinPool-6-worker-12] INFO org.fugazi.factory.WebDriverFactory - Creating CHROME driver (headless: true)
[ForkJoinPool-6-worker-14] INFO org.fugazi.tests.LoginTest - === Setting up test ===
[ForkJoinPool-6-worker-14] INFO org.fugazi.factory.WebDriverFactory - Creating CHROME driver (headless: true)
[ForkJoinPool-6-worker-13] INFO org.fugazi.tests.LoginTest - === Setting up test ===
[ForkJoinPool-6-worker-13] INFO org.fugazi.factory.WebDriverFactory - Creating CHROME driver (headless: true)
[ForkJoinPool-6-worker-9] INFO org.fugazi.tests.LoginTest - === Setting up test ===
[ForkJoinPool-6-worker-9] INFO org.fugazi.factory.WebDriverFactory - Creating CHROME driver (headless: true)
ene 26, 2026 10:58:47 A. M. org.openqa.selenium.devtools.CdpVersionFinder findNearestMatch
ADVERTENCIA: Unable to find CDP implementation matching 144
ene 26, 2026 10:58:47 A. M. org.openqa.selenium.chromium.ChromiumDriver lambda$new$5
ADVERTENCIA: Unable to find version of CDP to use for 144.0.7559.96. You may need to include a dependency on a specific version of the CDP using something similar to `org.seleniumhq.selenium:selenium-devtools-v86:4.27.0` where the version ("v86") matches the version of the chromium-based browser you're using and the version number of the artifact is the same as Selenium's.
ene 26, 2026 10:58:47 A. M. org.openqa.selenium.devtools.CdpVersionFinder findNearestMatch
ADVERTENCIA: Unable to find CDP implementation matching 144
ene 26, 2026 10:58:47 A. M. org.openqa.selenium.chromium.ChromiumDriver lambda$new$5
ADVERTENCIA: Unable to find version of CDP to use for 144.0.7559.96. You may need to include a dependency on a specific version of the CDP using something similar to `org.seleniumhq.selenium:selenium-devtools-v86:4.27.0` where the version ("v86") matches the version of the chromium-based browser you're using and the version number of the artifact is the same as Selenium's.
ene 26, 2026 10:58:47 A. M. org.openqa.selenium.devtools.CdpVersionFinder findNearestMatch
ADVERTENCIA: Unable to find CDP implementation matching 144
ene 26, 2026 10:58:47 A. M. org.openqa.selenium.chromium.ChromiumDriver lambda$new$5
ADVERTENCIA: Unable to find version of CDP to use for 144.0.7559.96. You may need to include a dependency on a specific version of the CDP using something similar to `org.seleniumhq.selenium:selenium-devtools-v86:4.27.0` where the version ("v86") matches the version of the chromium-based browser you're using and the version number of the artifact is the same as Selenium's.
[ForkJoinPool-4-worker-2] INFO org.fugazi.pages.CartPage - Cart has 2 items
[ForkJoinPool-4-worker-2] INFO org.fugazi.pages.CartPage - Cart has 2 items
[ForkJoinPool-4-worker-2] INFO org.fugazi.tests.CartWorkflowTest - Cart total updated from $989.99 to $2749.98
[ForkJoinPool-4-worker-2] INFO org.fugazi.tests.CartWorkflowTest - === Tearing down test ===
ene 26, 2026 10:58:48 A. M. org.openqa.selenium.devtools.CdpVersionFinder findNearestMatch
ADVERTENCIA: Unable to find CDP implementation matching 144
ene 26, 2026 10:58:48 A. M. org.openqa.selenium.chromium.ChromiumDriver lambda$new$5
ADVERTENCIA: Unable to find version of CDP to use for 144.0.7559.96. You may need to include a dependency on a specific version of the CDP using something similar to `org.seleniumhq.selenium:selenium-devtools-v86:4.27.0` where the version ("v86") matches the version of the chromium-based browser you're using and the version number of the artifact is the same as Selenium's.
ene 26, 2026 10:58:48 A. M. org.openqa.selenium.devtools.CdpVersionFinder findNearestMatch
ADVERTENCIA: Unable to find CDP implementation matching 144
ene 26, 2026 10:58:48 A. M. org.openqa.selenium.chromium.ChromiumDriver lambda$new$5
ADVERTENCIA: Unable to find version of CDP to use for 144.0.7559.96. You may need to include a dependency on a specific version of the CDP using something similar to `org.seleniumhq.selenium:selenium-devtools-v86:4.27.0` where the version ("v86") matches the version of the chromium-based browser you're using and the version number of the artifact is the same as Selenium's.
ene 26, 2026 10:58:48 A. M. org.openqa.selenium.devtools.CdpVersionFinder findNearestMatch
ADVERTENCIA: Unable to find CDP implementation matching 144
ene 26, 2026 10:58:48 A. M. org.openqa.selenium.chromium.ChromiumDriver lambda$new$5
ADVERTENCIA: Unable to find version of CDP to use for 144.0.7559.96. You may need to include a dependency on a specific version of the CDP using something similar to `org.seleniumhq.selenium:selenium-devtools-v86:4.27.0` where the version ("v86") matches the version of the chromium-based browser you're using and the version number of the artifact is the same as Selenium's.
ene 26, 2026 10:58:48 A. M. org.openqa.selenium.devtools.CdpVersionFinder findNearestMatch
ADVERTENCIA: Unable to find CDP implementation matching 144
ene 26, 2026 10:58:48 A. M. org.openqa.selenium.chromium.ChromiumDriver lambda$new$5
ADVERTENCIA: Unable to find version of CDP to use for 144.0.7559.96. You may need to include a dependency on a specific version of the CDP using something similar to `org.seleniumhq.selenium:selenium-devtools-v86:4.27.0` where the version ("v86") matches the version of the chromium-based browser you're using and the version number of the artifact is the same as Selenium's.
ene 26, 2026 10:58:48 A. M. org.openqa.selenium.devtools.CdpVersionFinder findNearestMatch
ADVERTENCIA: Unable to find CDP implementation matching 144
ene 26, 2026 10:58:48 A. M. org.openqa.selenium.chromium.ChromiumDriver lambda$new$5
ADVERTENCIA: Unable to find version of CDP to use for 144.0.7559.96. You may need to include a dependency on a specific version of the CDP using something similar to `org.seleniumhq.selenium:selenium-devtools-v86:4.27.0` where the version ("v86") matches the version of the chromium-based browser you're using and the version number of the artifact is the same as Selenium's.
ene 26, 2026 10:58:48 A. M. org.openqa.selenium.devtools.CdpVersionFinder findNearestMatch
ADVERTENCIA: Unable to find CDP implementation matching 144
ene 26, 2026 10:58:48 A. M. org.openqa.selenium.chromium.ChromiumDriver lambda$new$5
ADVERTENCIA: Unable to find version of CDP to use for 144.0.7559.96. You may need to include a dependency on a specific version of the CDP using something similar to `org.seleniumhq.selenium:selenium-devtools-v86:4.27.0` where the version ("v86") matches the version of the chromium-based browser you're using and the version number of the artifact is the same as Selenium's.
ene 26, 2026 10:58:48 A. M. org.openqa.selenium.devtools.CdpVersionFinder findNearestMatch
ADVERTENCIA: Unable to find CDP implementation matching 144
ene 26, 2026 10:58:48 A. M. org.openqa.selenium.devtools.CdpVersionFinder findNearestMatch
ADVERTENCIA: Unable to find CDP implementation matching 144
ene 26, 2026 10:58:48 A. M. org.openqa.selenium.devtools.CdpVersionFinder findNearestMatch
ADVERTENCIA: Unable to find CDP implementation matching 144
ene 26, 2026 10:58:48 A. M. org.openqa.selenium.chromium.ChromiumDriver lambda$new$5
ADVERTENCIA: Unable to find version of CDP to use for 144.0.7559.96. You may need to include a dependency on a specific version of the CDP using something similar to `org.seleniumhq.selenium:selenium-devtools-v86:4.27.0` where the version ("v86") matches the version of the chromium-based browser you're using and the version number of the artifact is the same as Selenium's.
ene 26, 2026 10:58:48 A. M. org.openqa.selenium.chromium.ChromiumDriver lambda$new$5
ADVERTENCIA: Unable to find version of CDP to use for 144.0.7559.96. You may need to include a dependency on a specific version of the CDP using something similar to `org.seleniumhq.selenium:selenium-devtools-v86:4.27.0` where the version ("v86") matches the version of the chromium-based browser you're using and the version number of the artifact is the same as Selenium's.
ene 26, 2026 10:58:48 A. M. org.openqa.selenium.chromium.ChromiumDriver lambda$new$5
ADVERTENCIA: Unable to find version of CDP to use for 144.0.7559.96. You may need to include a dependency on a specific version of the CDP using something similar to `org.seleniumhq.selenium:selenium-devtools-v86:4.27.0` where the version ("v86") matches the version of the chromium-based browser you're using and the version number of the artifact is the same as Selenium's.
ene 26, 2026 10:58:48 A. M. org.openqa.selenium.devtools.CdpVersionFinder findNearestMatch
ADVERTENCIA: Unable to find CDP implementation matching 144
ene 26, 2026 10:58:48 A. M. org.openqa.selenium.chromium.ChromiumDriver lambda$new$5
ADVERTENCIA: Unable to find version of CDP to use for 144.0.7559.96. You may need to include a dependency on a specific version of the CDP using something similar to `org.seleniumhq.selenium:selenium-devtools-v86:4.27.0` where the version ("v86") matches the version of the chromium-based browser you're using and the version number of the artifact is the same as Selenium's.
ene 26, 2026 10:58:48 A. M. org.openqa.selenium.devtools.CdpVersionFinder findNearestMatch
ADVERTENCIA: Unable to find CDP implementation matching 144
ene 26, 2026 10:58:48 A. M. org.openqa.selenium.chromium.ChromiumDriver lambda$new$5
ADVERTENCIA: Unable to find version of CDP to use for 144.0.7559.96. You may need to include a dependency on a specific version of the CDP using something similar to `org.seleniumhq.selenium:selenium-devtools-v86:4.27.0` where the version ("v86") matches the version of the chromium-based browser you're using and the version number of the artifact is the same as Selenium's.
[ForkJoinPool-6-worker-11] INFO org.fugazi.tests.LoginTest - Successfully navigated to base URL
[ForkJoinPool-6-worker-11] INFO org.fugazi.tests.LoginTest - Test setup completed - Browser: CHROME, URL: https://music-tech-shop.vercel.app
[ForkJoinPool-6-worker-13] INFO org.fugazi.tests.LoginTest - Successfully navigated to base URL
[ForkJoinPool-6-worker-13] INFO org.fugazi.tests.LoginTest - Test setup completed - Browser: CHROME, URL: https://music-tech-shop.vercel.app
[ForkJoinPool-6-worker-4] INFO org.fugazi.tests.LoginTest - Successfully navigated to base URL
[ForkJoinPool-6-worker-4] INFO org.fugazi.tests.LoginTest - Test setup completed - Browser: CHROME, URL: https://music-tech-shop.vercel.app
[ForkJoinPool-6-worker-6] INFO org.fugazi.tests.LoginTest - Successfully navigated to base URL
[ForkJoinPool-6-worker-6] INFO org.fugazi.tests.LoginTest - Test setup completed - Browser: CHROME, URL: https://music-tech-shop.vercel.app
[ForkJoinPool-6-worker-9] INFO org.fugazi.tests.LoginTest - Successfully navigated to base URL
[ForkJoinPool-6-worker-9] INFO org.fugazi.tests.LoginTest - Test setup completed - Browser: CHROME, URL: https://music-tech-shop.vercel.app
[ForkJoinPool-6-worker-10] INFO org.fugazi.tests.LoginTest - Successfully navigated to base URL
[ForkJoinPool-6-worker-10] INFO org.fugazi.tests.LoginTest - Test setup completed - Browser: CHROME, URL: https://music-tech-shop.vercel.app
[ForkJoinPool-6-worker-3] INFO org.fugazi.tests.LoginTest - Successfully navigated to base URL
[ForkJoinPool-6-worker-3] INFO org.fugazi.tests.LoginTest - Test setup completed - Browser: CHROME, URL: https://music-tech-shop.vercel.app
[ForkJoinPool-6-worker-12] INFO org.fugazi.tests.LoginTest - Successfully navigated to base URL
[ForkJoinPool-6-worker-12] INFO org.fugazi.tests.LoginTest - Test setup completed - Browser: CHROME, URL: https://music-tech-shop.vercel.app
[ForkJoinPool-6-worker-2] INFO org.fugazi.tests.LoginTest - Successfully navigated to base URL
[ForkJoinPool-6-worker-2] INFO org.fugazi.tests.LoginTest - Test setup completed - Browser: CHROME, URL: https://music-tech-shop.vercel.app
[ForkJoinPool-6-worker-11] INFO org.fugazi.pages.LoginPage - Logging in with customer credentials
[ForkJoinPool-6-worker-11] INFO org.fugazi.pages.LoginPage - Logging in with email: user@test.com
[ForkJoinPool-6-worker-5] INFO org.fugazi.tests.LoginTest - Successfully navigated to base URL
[ForkJoinPool-6-worker-5] INFO org.fugazi.tests.LoginTest - Test setup completed - Browser: CHROME, URL: https://music-tech-shop.vercel.app
[ForkJoinPool-6-worker-8] INFO org.fugazi.tests.LoginTest - Successfully navigated to base URL
[ForkJoinPool-6-worker-7] INFO org.fugazi.tests.LoginTest - Successfully navigated to base URL
[ForkJoinPool-6-worker-7] INFO org.fugazi.tests.LoginTest - Test setup completed - Browser: CHROME, URL: https://music-tech-shop.vercel.app
[ForkJoinPool-6-worker-8] INFO org.fugazi.tests.LoginTest - Test setup completed - Browser: CHROME, URL: https://music-tech-shop.vercel.app
[ForkJoinPool-6-worker-1] INFO org.fugazi.tests.LoginTest - Successfully navigated to base URL
[ForkJoinPool-6-worker-1] INFO org.fugazi.tests.LoginTest - Test setup completed - Browser: CHROME, URL: https://music-tech-shop.vercel.app
[ForkJoinPool-6-worker-13] INFO org.fugazi.pages.LoginPage - Continuing as guest
[ForkJoinPool-6-worker-9] INFO org.fugazi.pages.LoginPage - Logging in with email: user@test.com
[ForkJoinPool-6-worker-6] INFO org.fugazi.pages.LoginPage - Logging in with customer credentials
[ForkJoinPool-6-worker-6] INFO org.fugazi.pages.LoginPage - Logging in with email: user@test.com
[ForkJoinPool-6-worker-10] INFO org.fugazi.pages.LoginPage - Attempting login with email: invalid@test.com (without verification)
[ForkJoinPool-6-worker-14] INFO org.fugazi.tests.LoginTest - Successfully navigated to base URL
[ForkJoinPool-6-worker-14] INFO org.fugazi.tests.LoginTest - Test setup completed - Browser: CHROME, URL: https://music-tech-shop.vercel.app
[ForkJoinPool-4-worker-2] INFO org.fugazi.tests.CartWorkflowTest - Test teardown completed
[ForkJoinPool-4-worker-2] INFO org.fugazi.listeners.AllureTestListener - ? Test PASSED: CartWorkflowTest.shouldUpdateCartTotalAfterAddingItems
[INFO] Tests run: 15, Failures: 0, Errors: 0, Skipped: 0, Time elapsed: 58.99 s -- in org.fugazi.tests.CartWorkflowTest
[INFO] Running org.fugazi.tests.PaginationTest
[ForkJoinPool-5-worker-1] INFO org.fugazi.tests.PaginationTest - === Setting up test ===
[ForkJoinPool-5-worker-1] INFO org.fugazi.factory.WebDriverFactory - Creating CHROME driver (headless: true)
[ForkJoinPool-5-worker-2] INFO org.fugazi.tests.PaginationTest - === Setting up test ===
[ForkJoinPool-5-worker-2] INFO org.fugazi.factory.WebDriverFactory - Creating CHROME driver (headless: true)
[ForkJoinPool-5-worker-5] INFO org.fugazi.tests.PaginationTest - === Setting up test ===
[ForkJoinPool-5-worker-5] INFO org.fugazi.factory.WebDriverFactory - Creating CHROME driver (headless: true)
[ForkJoinPool-5-worker-4] INFO org.fugazi.tests.PaginationTest - === Setting up test ===
[ForkJoinPool-5-worker-4] INFO org.fugazi.factory.WebDriverFactory - Creating CHROME driver (headless: true)
[ForkJoinPool-5-worker-6] INFO org.fugazi.tests.PaginationTest - === Setting up test ===
[ForkJoinPool-5-worker-6] INFO org.fugazi.factory.WebDriverFactory - Creating CHROME driver (headless: true)
[ForkJoinPool-5-worker-3] INFO org.fugazi.tests.PaginationTest - === Setting up test ===
[ForkJoinPool-5-worker-3] INFO org.fugazi.factory.WebDriverFactory - Creating CHROME driver (headless: true)
[ForkJoinPool-5-worker-8] INFO org.fugazi.tests.PaginationTest - === Setting up test ===
[ForkJoinPool-5-worker-8] INFO org.fugazi.factory.WebDriverFactory - Creating CHROME driver (headless: true)
[ForkJoinPool-5-worker-7] INFO org.fugazi.tests.PaginationTest - === Setting up test ===
[ForkJoinPool-5-worker-7] INFO org.fugazi.factory.WebDriverFactory - Creating CHROME driver (headless: true)
[ForkJoinPool-5-worker-9] INFO org.fugazi.tests.PaginationTest - === Setting up test ===
[ForkJoinPool-5-worker-9] INFO org.fugazi.factory.WebDriverFactory - Creating CHROME driver (headless: true)
[ForkJoinPool-5-worker-10] INFO org.fugazi.tests.PaginationTest - === Setting up test ===
[ForkJoinPool-5-worker-10] INFO org.fugazi.factory.WebDriverFactory - Creating CHROME driver (headless: true)
[ForkJoinPool-6-worker-4] INFO org.fugazi.pages.LoginPage - Attempting login with email:  (without verification)
[ForkJoinPool-6-worker-2] INFO org.fugazi.pages.LoginPage - Logging in with email: admin@test.com
[ForkJoinPool-6-worker-7] INFO org.fugazi.pages.LoginPage - Logging in with admin credentials
[ForkJoinPool-6-worker-7] INFO org.fugazi.pages.LoginPage - Logging in with email: admin@test.com
[ForkJoinPool-6-worker-5] INFO org.fugazi.tests.LoginTest - Login page title: Welcome Back
[ForkJoinPool-6-worker-5] INFO org.fugazi.tests.LoginTest - === Tearing down test ===
[ForkJoinPool-6-worker-14] INFO org.fugazi.tests.LoginTest - Test credentials are visible on login page
[ForkJoinPool-6-worker-14] INFO org.fugazi.tests.LoginTest - === Tearing down test ===
[ForkJoinPool-6-worker-8] INFO org.fugazi.tests.LoginTest - Successfully navigated to base URL
[ForkJoinPool-6-worker-3] INFO org.fugazi.tests.LoginTest - === Tearing down test ===
[ForkJoinPool-6-worker-12] INFO org.fugazi.tests.LoginTest - === Tearing down test ===
[ForkJoinPool-6-worker-8] INFO org.fugazi.tests.LoginTest - Demo app - verified page access after refresh
[ForkJoinPool-6-worker-8] INFO org.fugazi.tests.LoginTest - === Tearing down test ===
[ForkJoinPool-6-worker-4] INFO org.fugazi.tests.LoginTest - Login rejected with empty credentials
[ForkJoinPool-6-worker-4] INFO org.fugazi.tests.LoginTest - === Tearing down test ===
[ForkJoinPool-6-worker-11] INFO org.fugazi.pages.LoginPage - Login successful - redirected to: https://music-tech-shop.vercel.app/
[ForkJoinPool-6-worker-11] INFO org.fugazi.tests.LoginTest - Customer quick button clicked (demo app - may not redirect)
[ForkJoinPool-6-worker-11] INFO org.fugazi.tests.LoginTest - === Tearing down test ===
[ForkJoinPool-6-worker-6] INFO org.fugazi.pages.LoginPage - Login successful - redirected to: https://music-tech-shop.vercel.app/
[ForkJoinPool-6-worker-2] INFO org.fugazi.pages.LoginPage - Login successful - redirected to: https://music-tech-shop.vercel.app/
[ForkJoinPool-6-worker-2] INFO org.fugazi.tests.LoginTest - Successfully logged in with admin credentials
[ForkJoinPool-6-worker-2] INFO org.fugazi.tests.LoginTest - === Tearing down test ===
[ForkJoinPool-6-worker-10] INFO org.fugazi.tests.LoginTest - Login rejected with invalid credentials
[ForkJoinPool-6-worker-10] INFO org.fugazi.tests.LoginTest - === Tearing down test ===
ene 26, 2026 10:58:53 A. M. org.openqa.selenium.devtools.CdpVersionFinder findNearestMatch
ADVERTENCIA: Unable to find CDP implementation matching 144
ene 26, 2026 10:58:53 A. M. org.openqa.selenium.chromium.ChromiumDriver lambda$new$5
ADVERTENCIA: Unable to find version of CDP to use for 144.0.7559.96. You may need to include a dependency on a specific version of the CDP using something similar to `org.seleniumhq.selenium:selenium-devtools-v86:4.27.0` where the version ("v86") matches the version of the chromium-based browser you're using and the version number of the artifact is the same as Selenium's.
ene 26, 2026 10:58:53 A. M. org.openqa.selenium.devtools.CdpVersionFinder findNearestMatch
ADVERTENCIA: Unable to find CDP implementation matching 144
ene 26, 2026 10:58:53 A. M. org.openqa.selenium.chromium.ChromiumDriver lambda$new$5
ADVERTENCIA: Unable to find version of CDP to use for 144.0.7559.96. You may need to include a dependency on a specific version of the CDP using something similar to `org.seleniumhq.selenium:selenium-devtools-v86:4.27.0` where the version ("v86") matches the version of the chromium-based browser you're using and the version number of the artifact is the same as Selenium's.
ene 26, 2026 10:58:53 A. M. org.openqa.selenium.devtools.CdpVersionFinder findNearestMatch
ADVERTENCIA: Unable to find CDP implementation matching 144
ene 26, 2026 10:58:53 A. M. org.openqa.selenium.chromium.ChromiumDriver lambda$new$5
ADVERTENCIA: Unable to find version of CDP to use for 144.0.7559.96. You may need to include a dependency on a specific version of the CDP using something similar to `org.seleniumhq.selenium:selenium-devtools-v86:4.27.0` where the version ("v86") matches the version of the chromium-based browser you're using and the version number of the artifact is the same as Selenium's.
ene 26, 2026 10:58:54 A. M. org.openqa.selenium.devtools.CdpVersionFinder findNearestMatch
ADVERTENCIA: Unable to find CDP implementation matching 144
ene 26, 2026 10:58:54 A. M. org.openqa.selenium.chromium.ChromiumDriver lambda$new$5
ADVERTENCIA: Unable to find version of CDP to use for 144.0.7559.96. You may need to include a dependency on a specific version of the CDP using something similar to `org.seleniumhq.selenium:selenium-devtools-v86:4.27.0` where the version ("v86") matches the version of the chromium-based browser you're using and the version number of the artifact is the same as Selenium's.
ene 26, 2026 10:58:54 A. M. org.openqa.selenium.devtools.CdpVersionFinder findNearestMatch
ADVERTENCIA: Unable to find CDP implementation matching 144
ene 26, 2026 10:58:54 A. M. org.openqa.selenium.chromium.ChromiumDriver lambda$new$5
ADVERTENCIA: Unable to find version of CDP to use for 144.0.7559.96. You may need to include a dependency on a specific version of the CDP using something similar to `org.seleniumhq.selenium:selenium-devtools-v86:4.27.0` where the version ("v86") matches the version of the chromium-based browser you're using and the version number of the artifact is the same as Selenium's.
ene 26, 2026 10:58:54 A. M. org.openqa.selenium.devtools.CdpVersionFinder findNearestMatch
ADVERTENCIA: Unable to find CDP implementation matching 144
ene 26, 2026 10:58:54 A. M. org.openqa.selenium.chromium.ChromiumDriver lambda$new$5
ADVERTENCIA: Unable to find version of CDP to use for 144.0.7559.96. You may need to include a dependency on a specific version of the CDP using something similar to `org.seleniumhq.selenium:selenium-devtools-v86:4.27.0` where the version ("v86") matches the version of the chromium-based browser you're using and the version number of the artifact is the same as Selenium's.
ene 26, 2026 10:58:54 A. M. org.openqa.selenium.devtools.CdpVersionFinder findNearestMatch
ADVERTENCIA: Unable to find CDP implementation matching 144
ene 26, 2026 10:58:54 A. M. org.openqa.selenium.chromium.ChromiumDriver lambda$new$5
ADVERTENCIA: Unable to find version of CDP to use for 144.0.7559.96. You may need to include a dependency on a specific version of the CDP using something similar to `org.seleniumhq.selenium:selenium-devtools-v86:4.27.0` where the version ("v86") matches the version of the chromium-based browser you're using and the version number of the artifact is the same as Selenium's.
ene 26, 2026 10:58:54 A. M. org.openqa.selenium.devtools.CdpVersionFinder findNearestMatch
ADVERTENCIA: Unable to find CDP implementation matching 144
ene 26, 2026 10:58:54 A. M. org.openqa.selenium.chromium.ChromiumDriver lambda$new$5
ADVERTENCIA: Unable to find version of CDP to use for 144.0.7559.96. You may need to include a dependency on a specific version of the CDP using something similar to `org.seleniumhq.selenium:selenium-devtools-v86:4.27.0` where the version ("v86") matches the version of the chromium-based browser you're using and the version number of the artifact is the same as Selenium's.
[ForkJoinPool-6-worker-6] INFO org.fugazi.tests.LoginTest - Successfully navigated to base URL
[ForkJoinPool-6-worker-6] INFO org.fugazi.tests.LoginTest - Demo app - login attempted, manual navigation to home performed
[ForkJoinPool-6-worker-6] INFO org.fugazi.tests.LoginTest - === Tearing down test ===
[ForkJoinPool-6-worker-1] INFO org.fugazi.pages.LoginPage - Logging in with customer credentials
[ForkJoinPool-6-worker-1] INFO org.fugazi.pages.LoginPage - Logging in with email: user@test.com
[ForkJoinPool-6-worker-7] INFO org.fugazi.pages.LoginPage - Login successful - redirected to: https://music-tech-shop.vercel.app/
[ForkJoinPool-6-worker-7] INFO org.fugazi.tests.LoginTest - Admin quick button clicked (demo app - may not redirect)
[ForkJoinPool-6-worker-7] INFO org.fugazi.tests.LoginTest - === Tearing down test ===
ene 26, 2026 10:58:54 A. M. org.openqa.selenium.devtools.CdpVersionFinder findNearestMatch
ADVERTENCIA: Unable to find CDP implementation matching 144
ene 26, 2026 10:58:54 A. M. org.openqa.selenium.chromium.ChromiumDriver lambda$new$5
ADVERTENCIA: Unable to find version of CDP to use for 144.0.7559.96. You may need to include a dependency on a specific version of the CDP using something similar to `org.seleniumhq.selenium:selenium-devtools-v86:4.27.0` where the version ("v86") matches the version of the chromium-based browser you're using and the version number of the artifact is the same as Selenium's.
ene 26, 2026 10:58:54 A. M. org.openqa.selenium.devtools.CdpVersionFinder findNearestMatch
ADVERTENCIA: Unable to find CDP implementation matching 144
ene 26, 2026 10:58:54 A. M. org.openqa.selenium.chromium.ChromiumDriver lambda$new$5
ADVERTENCIA: Unable to find version of CDP to use for 144.0.7559.96. You may need to include a dependency on a specific version of the CDP using something similar to `org.seleniumhq.selenium:selenium-devtools-v86:4.27.0` where the version ("v86") matches the version of the chromium-based browser you're using and the version number of the artifact is the same as Selenium's.
[ForkJoinPool-6-worker-9] INFO org.fugazi.pages.LoginPage - Login successful - redirected to: https://music-tech-shop.vercel.app/
[ForkJoinPool-6-worker-9] INFO org.fugazi.tests.LoginTest - Successfully logged in with customer credentials
[ForkJoinPool-6-worker-9] INFO org.fugazi.tests.LoginTest - === Tearing down test ===
[ForkJoinPool-5-worker-6] INFO org.fugazi.tests.PaginationTest - Successfully navigated to base URL
[ForkJoinPool-5-worker-6] INFO org.fugazi.tests.PaginationTest - Test setup completed - Browser: CHROME, URL: https://music-tech-shop.vercel.app
[ForkJoinPool-5-worker-10] INFO org.fugazi.tests.PaginationTest - Successfully navigated to base URL
[ForkJoinPool-5-worker-10] INFO org.fugazi.tests.PaginationTest - Test setup completed - Browser: CHROME, URL: https://music-tech-shop.vercel.app
[ForkJoinPool-5-worker-5] INFO org.fugazi.tests.PaginationTest - Successfully navigated to base URL
[ForkJoinPool-6-worker-1] INFO org.fugazi.pages.LoginPage - Login successful - redirected to: https://music-tech-shop.vercel.app/
[ForkJoinPool-5-worker-5] INFO org.fugazi.tests.PaginationTest - Test setup completed - Browser: CHROME, URL: https://music-tech-shop.vercel.app
[ForkJoinPool-5-worker-9] INFO org.fugazi.tests.PaginationTest - Successfully navigated to base URL
[ForkJoinPool-5-worker-9] INFO org.fugazi.tests.PaginationTest - Test setup completed - Browser: CHROME, URL: https://music-tech-shop.vercel.app
[ForkJoinPool-5-worker-1] INFO org.fugazi.tests.PaginationTest - Successfully navigated to base URL
[ForkJoinPool-5-worker-1] INFO org.fugazi.tests.PaginationTest - Test setup completed - Browser: CHROME, URL: https://music-tech-shop.vercel.app
[ForkJoinPool-5-worker-2] INFO org.fugazi.tests.PaginationTest - Successfully navigated to base URL
[ForkJoinPool-5-worker-2] INFO org.fugazi.tests.PaginationTest - Test setup completed - Browser: CHROME, URL: https://music-tech-shop.vercel.app
[ForkJoinPool-6-worker-1] INFO org.fugazi.tests.LoginTest - Demo app - verified cart access flow
[ForkJoinPool-6-worker-1] INFO org.fugazi.tests.LoginTest - === Tearing down test ===
[ForkJoinPool-6-worker-13] INFO org.fugazi.tests.LoginTest - Successfully continued as guest
[ForkJoinPool-6-worker-13] INFO org.fugazi.tests.LoginTest - === Tearing down test ===
[ForkJoinPool-5-worker-7] INFO org.fugazi.tests.PaginationTest - Successfully navigated to base URL
[ForkJoinPool-5-worker-7] INFO org.fugazi.tests.PaginationTest - Test setup completed - Browser: CHROME, URL: https://music-tech-shop.vercel.app
[ForkJoinPool-5-worker-8] INFO org.fugazi.tests.PaginationTest - Successfully navigated to base URL
[ForkJoinPool-5-worker-8] INFO org.fugazi.tests.PaginationTest - Test setup completed - Browser: CHROME, URL: https://music-tech-shop.vercel.app
[ForkJoinPool-5-worker-4] INFO org.fugazi.tests.PaginationTest - Successfully navigated to base URL
[ForkJoinPool-5-worker-4] INFO org.fugazi.tests.PaginationTest - Test setup completed - Browser: CHROME, URL: https://music-tech-shop.vercel.app
[ForkJoinPool-5-worker-3] INFO org.fugazi.tests.PaginationTest - Successfully navigated to base URL
[ForkJoinPool-5-worker-3] INFO org.fugazi.tests.PaginationTest - Test setup completed - Browser: CHROME, URL: https://music-tech-shop.vercel.app
[ForkJoinPool-6-worker-14] INFO org.fugazi.tests.LoginTest - Test teardown completed
[ForkJoinPool-6-worker-14] INFO org.fugazi.listeners.AllureTestListener - ? Test PASSED: LoginTest.shouldDisplayTestCredentialsOnPage
[ForkJoinPool-6-worker-8] INFO org.fugazi.tests.LoginTest - Test teardown completed
[ForkJoinPool-6-worker-8] INFO org.fugazi.listeners.AllureTestListener - ? Test PASSED: LoginTest.shouldPersistSessionAfterPageRefresh
[ForkJoinPool-6-worker-4] INFO org.fugazi.tests.LoginTest - Test teardown completed
[ForkJoinPool-6-worker-4] INFO org.fugazi.listeners.AllureTestListener - ? Test PASSED: LoginTest.shouldShowErrorWithEmptyCredentials
[ForkJoinPool-6-worker-2] INFO org.fugazi.tests.LoginTest - Test teardown completed
[ForkJoinPool-6-worker-2] INFO org.fugazi.listeners.AllureTestListener - ? Test PASSED: LoginTest.shouldLoginWithValidAdminCredentials
[ForkJoinPool-6-worker-11] INFO org.fugazi.tests.LoginTest - Test teardown completed
[ForkJoinPool-6-worker-11] INFO org.fugazi.listeners.AllureTestListener - ? Test PASSED: LoginTest.shouldLoginUsingCustomerQuickButton
[ForkJoinPool-6-worker-10] INFO org.fugazi.tests.LoginTest - Test teardown completed
[ForkJoinPool-6-worker-10] INFO org.fugazi.listeners.AllureTestListener - ? Test PASSED: LoginTest.shouldShowErrorWithInvalidCredentials
[ForkJoinPool-6-worker-3] INFO org.fugazi.tests.LoginTest - Test teardown completed
[ForkJoinPool-6-worker-3] INFO org.fugazi.listeners.AllureTestListener - ? Test PASSED: LoginTest.shouldDisplayLoginFormElements
[ForkJoinPool-6-worker-7] INFO org.fugazi.tests.LoginTest - Test teardown completed
[ForkJoinPool-6-worker-7] INFO org.fugazi.listeners.AllureTestListener - ? Test PASSED: LoginTest.shouldLoginUsingAdminQuickButton
[ForkJoinPool-6-worker-12] INFO org.fugazi.tests.LoginTest - Test teardown completed
[ForkJoinPool-6-worker-12] INFO org.fugazi.listeners.AllureTestListener - ? Test PASSED: LoginTest.shouldLoadLoginPageSuccessfully
[ForkJoinPool-6-worker-5] INFO org.fugazi.tests.LoginTest - Test teardown completed
[ForkJoinPool-6-worker-5] INFO org.fugazi.listeners.AllureTestListener - ? Test PASSED: LoginTest.shouldHaveCorrectPageTitle
[ForkJoinPool-6-worker-6] INFO org.fugazi.tests.LoginTest - Test teardown completed
[ForkJoinPool-6-worker-6] INFO org.fugazi.listeners.AllureTestListener - ? Test PASSED: LoginTest.shouldNavigateToHomePageAfterLogin
[ForkJoinPool-6-worker-9] INFO org.fugazi.tests.LoginTest - Test teardown completed
[ForkJoinPool-6-worker-9] INFO org.fugazi.listeners.AllureTestListener - ? Test PASSED: LoginTest.shouldLoginWithValidCustomerCredentials
[ForkJoinPool-6-worker-1] INFO org.fugazi.tests.LoginTest - Test teardown completed
[ForkJoinPool-6-worker-1] INFO org.fugazi.listeners.AllureTestListener - ? Test PASSED: LoginTest.shouldNavigateToCartAfterLogin
[ForkJoinPool-6-worker-13] INFO org.fugazi.tests.LoginTest - Test teardown completed
[ForkJoinPool-6-worker-13] INFO org.fugazi.listeners.AllureTestListener - ? Test PASSED: LoginTest.shouldContinueAsGuest
[INFO] Tests run: 14, Failures: 0, Errors: 0, Skipped: 0, Time elapsed: 14.50 s -- in org.fugazi.tests.LoginTest
[INFO] Running org.fugazi.tests.ProductDetailExtendedTest
[ForkJoinPool-7-worker-5] INFO org.fugazi.tests.ProductDetailExtendedTest - === Setting up test ===
[ForkJoinPool-7-worker-4] INFO org.fugazi.tests.ProductDetailExtendedTest - === Setting up test ===
[ForkJoinPool-7-worker-5] INFO org.fugazi.factory.WebDriverFactory - Creating CHROME driver (headless: true)
[ForkJoinPool-7-worker-4] INFO org.fugazi.factory.WebDriverFactory - Creating CHROME driver (headless: true)
[ForkJoinPool-7-worker-1] INFO org.fugazi.tests.ProductDetailExtendedTest - === Setting up test ===
[ForkJoinPool-7-worker-1] INFO org.fugazi.factory.WebDriverFactory - Creating CHROME driver (headless: true)
[ForkJoinPool-7-worker-3] INFO org.fugazi.tests.ProductDetailExtendedTest - === Setting up test ===
[ForkJoinPool-7-worker-6] INFO org.fugazi.tests.ProductDetailExtendedTest - === Setting up test ===
[ForkJoinPool-7-worker-8] INFO org.fugazi.tests.ProductDetailExtendedTest - === Setting up test ===
[ForkJoinPool-7-worker-6] INFO org.fugazi.factory.WebDriverFactory - Creating CHROME driver (headless: true)
[ForkJoinPool-7-worker-7] INFO org.fugazi.tests.ProductDetailExtendedTest - === Setting up test ===
[ForkJoinPool-7-worker-7] INFO org.fugazi.factory.WebDriverFactory - Creating CHROME driver (headless: true)
[ForkJoinPool-7-worker-3] INFO org.fugazi.factory.WebDriverFactory - Creating CHROME driver (headless: true)
[ForkJoinPool-7-worker-8] INFO org.fugazi.factory.WebDriverFactory - Creating CHROME driver (headless: true)
[ForkJoinPool-7-worker-9] INFO org.fugazi.tests.ProductDetailExtendedTest - === Setting up test ===
[ForkJoinPool-7-worker-9] INFO org.fugazi.factory.WebDriverFactory - Creating CHROME driver (headless: true)
[ForkJoinPool-7-worker-10] INFO org.fugazi.tests.ProductDetailExtendedTest - === Setting up test ===
[ForkJoinPool-7-worker-10] INFO org.fugazi.factory.WebDriverFactory - Creating CHROME driver (headless: true)
[ForkJoinPool-7-worker-2] INFO org.fugazi.tests.ProductDetailExtendedTest - === Setting up test ===
[ForkJoinPool-7-worker-2] INFO org.fugazi.factory.WebDriverFactory - Creating CHROME driver (headless: true)
ene 26, 2026 10:59:02 A. M. org.openqa.selenium.devtools.CdpVersionFinder findNearestMatch
ADVERTENCIA: Unable to find CDP implementation matching 144
ene 26, 2026 10:59:02 A. M. org.openqa.selenium.chromium.ChromiumDriver lambda$new$5
ADVERTENCIA: Unable to find version of CDP to use for 144.0.7559.96. You may need to include a dependency on a specific version of the CDP using something similar to `org.seleniumhq.selenium:selenium-devtools-v86:4.27.0` where the version ("v86") matches the version of the chromium-based browser you're using and the version number of the artifact is the same as Selenium's.
ene 26, 2026 10:59:02 A. M. org.openqa.selenium.devtools.CdpVersionFinder findNearestMatch
ADVERTENCIA: Unable to find CDP implementation matching 144
ene 26, 2026 10:59:02 A. M. org.openqa.selenium.chromium.ChromiumDriver lambda$new$5
ADVERTENCIA: Unable to find version of CDP to use for 144.0.7559.96. You may need to include a dependency on a specific version of the CDP using something similar to `org.seleniumhq.selenium:selenium-devtools-v86:4.27.0` where the version ("v86") matches the version of the chromium-based browser you're using and the version number of the artifact is the same as Selenium's.
ene 26, 2026 10:59:02 A. M. org.openqa.selenium.devtools.CdpVersionFinder findNearestMatch
ADVERTENCIA: Unable to find CDP implementation matching 144
ene 26, 2026 10:59:02 A. M. org.openqa.selenium.chromium.ChromiumDriver lambda$new$5
ADVERTENCIA: Unable to find version of CDP to use for 144.0.7559.96. You may need to include a dependency on a specific version of the CDP using something similar to `org.seleniumhq.selenium:selenium-devtools-v86:4.27.0` where the version ("v86") matches the version of the chromium-based browser you're using and the version number of the artifact is the same as Selenium's.
ene 26, 2026 10:59:02 A. M. org.openqa.selenium.devtools.CdpVersionFinder findNearestMatch
ADVERTENCIA: Unable to find CDP implementation matching 144
ene 26, 2026 10:59:02 A. M. org.openqa.selenium.chromium.ChromiumDriver lambda$new$5
ADVERTENCIA: Unable to find version of CDP to use for 144.0.7559.96. You may need to include a dependency on a specific version of the CDP using something similar to `org.seleniumhq.selenium:selenium-devtools-v86:4.27.0` where the version ("v86") matches the version of the chromium-based browser you're using and the version number of the artifact is the same as Selenium's.
ene 26, 2026 10:59:02 A. M. org.openqa.selenium.devtools.CdpVersionFinder findNearestMatch
ADVERTENCIA: Unable to find CDP implementation matching 144
ene 26, 2026 10:59:02 A. M. org.openqa.selenium.chromium.ChromiumDriver lambda$new$5
ADVERTENCIA: Unable to find version of CDP to use for 144.0.7559.96. You may need to include a dependency on a specific version of the CDP using something similar to `org.seleniumhq.selenium:selenium-devtools-v86:4.27.0` where the version ("v86") matches the version of the chromium-based browser you're using and the version number of the artifact is the same as Selenium's.
ene 26, 2026 10:59:03 A. M. org.openqa.selenium.devtools.CdpVersionFinder findNearestMatch
ADVERTENCIA: Unable to find CDP implementation matching 144
ene 26, 2026 10:59:03 A. M. org.openqa.selenium.chromium.ChromiumDriver lambda$new$5
ADVERTENCIA: Unable to find version of CDP to use for 144.0.7559.96. You may need to include a dependency on a specific version of the CDP using something similar to `org.seleniumhq.selenium:selenium-devtools-v86:4.27.0` where the version ("v86") matches the version of the chromium-based browser you're using and the version number of the artifact is the same as Selenium's.
ene 26, 2026 10:59:03 A. M. org.openqa.selenium.devtools.CdpVersionFinder findNearestMatch
ADVERTENCIA: Unable to find CDP implementation matching 144
ene 26, 2026 10:59:03 A. M. org.openqa.selenium.chromium.ChromiumDriver lambda$new$5
ADVERTENCIA: Unable to find version of CDP to use for 144.0.7559.96. You may need to include a dependency on a specific version of the CDP using something similar to `org.seleniumhq.selenium:selenium-devtools-v86:4.27.0` where the version ("v86") matches the version of the chromium-based browser you're using and the version number of the artifact is the same as Selenium's.
[ForkJoinPool-5-worker-4] INFO org.fugazi.pages.ProductsPage - Navigating to page: 2
[ForkJoinPool-5-worker-8] INFO org.fugazi.pages.ProductsPage - Navigating to page: 2
ene 26, 2026 10:59:04 A. M. org.openqa.selenium.devtools.CdpVersionFinder findNearestMatch
ADVERTENCIA: Unable to find CDP implementation matching 144
ene 26, 2026 10:59:04 A. M. org.openqa.selenium.devtools.CdpVersionFinder findNearestMatch
ADVERTENCIA: Unable to find CDP implementation matching 144
ene 26, 2026 10:59:04 A. M. org.openqa.selenium.chromium.ChromiumDriver lambda$new$5
ADVERTENCIA: Unable to find version of CDP to use for 144.0.7559.96. You may need to include a dependency on a specific version of the CDP using something similar to `org.seleniumhq.selenium:selenium-devtools-v86:4.27.0` where the version ("v86") matches the version of the chromium-based browser you're using and the version number of the artifact is the same as Selenium's.
ene 26, 2026 10:59:04 A. M. org.openqa.selenium.chromium.ChromiumDriver lambda$new$5
ADVERTENCIA: Unable to find version of CDP to use for 144.0.7559.96. You may need to include a dependency on a specific version of the CDP using something similar to `org.seleniumhq.selenium:selenium-devtools-v86:4.27.0` where the version ("v86") matches the version of the chromium-based browser you're using and the version number of the artifact is the same as Selenium's.
[ForkJoinPool-5-worker-5] INFO org.fugazi.pages.ProductsPage - Navigating to page: 2
[ForkJoinPool-5-worker-2] INFO org.fugazi.pages.ProductsPage - Navigating to page: 2
[ForkJoinPool-5-worker-10] INFO org.fugazi.pages.ProductsPage - Navigating to page: 3
ene 26, 2026 10:59:04 A. M. org.openqa.selenium.devtools.CdpVersionFinder findNearestMatch
ADVERTENCIA: Unable to find CDP implementation matching 144
[ForkJoinPool-5-worker-6] INFO org.fugazi.tests.PaginationTest - Starting page is: 1
ene 26, 2026 10:59:04 A. M. org.openqa.selenium.chromium.ChromiumDriver lambda$new$5
ADVERTENCIA: Unable to find version of CDP to use for 144.0.7559.96. You may need to include a dependency on a specific version of the CDP using something similar to `org.seleniumhq.selenium:selenium-devtools-v86:4.27.0` where the version ("v86") matches the version of the chromium-based browser you're using and the version number of the artifact is the same as Selenium's.
[ForkJoinPool-5-worker-6] INFO org.fugazi.tests.PaginationTest - === Tearing down test ===
[ForkJoinPool-5-worker-7] INFO org.fugazi.pages.ProductsPage - Navigating to page: 2
[ForkJoinPool-7-worker-6] INFO org.fugazi.tests.ProductDetailExtendedTest - Successfully navigated to base URL
[ForkJoinPool-7-worker-6] INFO org.fugazi.tests.ProductDetailExtendedTest - Test setup completed - Browser: CHROME, URL: https://music-tech-shop.vercel.app
[ForkJoinPool-7-worker-6] INFO org.fugazi.pages.HomePage - Clicking on first product
[ForkJoinPool-7-worker-5] INFO org.fugazi.tests.ProductDetailExtendedTest - Successfully navigated to base URL
[ForkJoinPool-7-worker-5] INFO org.fugazi.tests.ProductDetailExtendedTest - Test setup completed - Browser: CHROME, URL: https://music-tech-shop.vercel.app
[ForkJoinPool-7-worker-5] INFO org.fugazi.pages.HomePage - Clicking on first product
[ForkJoinPool-7-worker-1] INFO org.fugazi.tests.ProductDetailExtendedTest - Successfully navigated to base URL
[ForkJoinPool-7-worker-1] INFO org.fugazi.tests.ProductDetailExtendedTest - Test setup completed - Browser: CHROME, URL: https://music-tech-shop.vercel.app
[ForkJoinPool-7-worker-1] INFO org.fugazi.pages.HomePage - Clicking on first product
[ForkJoinPool-7-worker-10] INFO org.fugazi.tests.ProductDetailExtendedTest - Successfully navigated to base URL
[ForkJoinPool-7-worker-10] INFO org.fugazi.tests.ProductDetailExtendedTest - Test setup completed - Browser: CHROME, URL: https://music-tech-shop.vercel.app
[ForkJoinPool-7-worker-10] INFO org.fugazi.pages.HomePage - Clicking on first product
[ForkJoinPool-7-worker-3] INFO org.fugazi.tests.ProductDetailExtendedTest - Successfully navigated to base URL
[ForkJoinPool-7-worker-3] INFO org.fugazi.tests.ProductDetailExtendedTest - Test setup completed - Browser: CHROME, URL: https://music-tech-shop.vercel.app
[ForkJoinPool-7-worker-3] INFO org.fugazi.pages.HomePage - Clicking on first product
[ForkJoinPool-7-worker-4] INFO org.fugazi.tests.ProductDetailExtendedTest - Successfully navigated to base URL
[ForkJoinPool-7-worker-4] INFO org.fugazi.tests.ProductDetailExtendedTest - Test setup completed - Browser: CHROME, URL: https://music-tech-shop.vercel.app
[ForkJoinPool-7-worker-4] INFO org.fugazi.pages.HomePage - Clicking on first product
[ForkJoinPool-7-worker-7] INFO org.fugazi.tests.ProductDetailExtendedTest - Successfully navigated to base URL
[ForkJoinPool-7-worker-7] INFO org.fugazi.tests.ProductDetailExtendedTest - Test setup completed - Browser: CHROME, URL: https://music-tech-shop.vercel.app
[ForkJoinPool-7-worker-7] INFO org.fugazi.pages.HomePage - Clicking on first product
[ForkJoinPool-7-worker-9] INFO org.fugazi.tests.ProductDetailExtendedTest - Successfully navigated to base URL
[ForkJoinPool-7-worker-9] INFO org.fugazi.tests.ProductDetailExtendedTest - Test setup completed - Browser: CHROME, URL: https://music-tech-shop.vercel.app
[ForkJoinPool-7-worker-9] INFO org.fugazi.pages.HomePage - Clicking on first product
[ForkJoinPool-7-worker-2] INFO org.fugazi.tests.ProductDetailExtendedTest - Successfully navigated to base URL
[ForkJoinPool-7-worker-2] INFO org.fugazi.tests.ProductDetailExtendedTest - Test setup completed - Browser: CHROME, URL: https://music-tech-shop.vercel.app
[ForkJoinPool-7-worker-2] INFO org.fugazi.pages.HomePage - Clicking on first product
[ForkJoinPool-7-worker-8] INFO org.fugazi.tests.ProductDetailExtendedTest - Successfully navigated to base URL
[ForkJoinPool-7-worker-8] INFO org.fugazi.tests.ProductDetailExtendedTest - Test setup completed - Browser: CHROME, URL: https://music-tech-shop.vercel.app
[ForkJoinPool-7-worker-8] INFO org.fugazi.pages.HomePage - Clicking on first product
[ForkJoinPool-7-worker-3] INFO org.fugazi.tests.ProductDetailExtendedTest - Share button availability checked
[ForkJoinPool-7-worker-3] INFO org.fugazi.tests.ProductDetailExtendedTest - === Tearing down test ===
[ForkJoinPool-7-worker-5] INFO org.fugazi.tests.ProductDetailExtendedTest - Stock status: In Stock, Add to cart enabled: true
[ForkJoinPool-7-worker-5] INFO org.fugazi.tests.ProductDetailExtendedTest - === Tearing down test ===
[ForkJoinPool-7-worker-4] INFO org.fugazi.pages.ProductDetailPage - Continue shopping button clicked
[ForkJoinPool-5-worker-6] INFO org.fugazi.tests.PaginationTest - Test teardown completed
[ForkJoinPool-5-worker-6] INFO org.fugazi.listeners.AllureTestListener - ? Test PASSED: PaginationTest.shouldStartOnPage1ByDefault
[ForkJoinPool-7-worker-5] INFO org.fugazi.tests.ProductDetailExtendedTest - Test teardown completed
[ForkJoinPool-7-worker-5] INFO org.fugazi.listeners.AllureTestListener - ? Test PASSED: ProductDetailExtendedTest.shouldEnableAddToCartWhenProductIsInStock
[ForkJoinPool-5-worker-8] INFO org.fugazi.tests.PaginationTest - Sort option preserved on page 2
[ForkJoinPool-5-worker-8] INFO org.fugazi.tests.PaginationTest - === Tearing down test ===
[ForkJoinPool-7-worker-3] INFO org.fugazi.tests.ProductDetailExtendedTest - Test teardown completed
[ForkJoinPool-7-worker-3] INFO org.fugazi.listeners.AllureTestListener - ? Test PASSED: ProductDetailExtendedTest.shouldDisplayShareButtonOnProductDetailPage
[ForkJoinPool-5-worker-8] INFO org.fugazi.tests.PaginationTest - Test teardown completed
[ForkJoinPool-5-worker-8] INFO org.fugazi.listeners.AllureTestListener - ? Test PASSED: PaginationTest.shouldPreserveSortOptionWhenNavigatingPages
[ForkJoinPool-5-worker-2] INFO org.fugazi.tests.PaginationTest - Category filter preserved on page 2
[ForkJoinPool-5-worker-2] INFO org.fugazi.tests.PaginationTest - === Tearing down test ===
[ForkJoinPool-5-worker-5] INFO org.fugazi.tests.PaginationTest - All filters preserved on page 2
[ForkJoinPool-5-worker-5] INFO org.fugazi.tests.PaginationTest - === Tearing down test ===
[ForkJoinPool-5-worker-2] INFO org.fugazi.tests.PaginationTest - Test teardown completed
[ForkJoinPool-5-worker-2] INFO org.fugazi.listeners.AllureTestListener - ? Test PASSED: PaginationTest.shouldPreserveCategoryFilterWhenNavigatingPages
[ForkJoinPool-5-worker-5] INFO org.fugazi.tests.PaginationTest - Test teardown completed
[ForkJoinPool-5-worker-5] INFO org.fugazi.listeners.AllureTestListener - ? Test PASSED: PaginationTest.shouldPreserveAllFiltersWhenNavigatingPages
[ForkJoinPool-5-worker-3] INFO org.fugazi.pages.ProductsPage - Found 16 products in grid
[ForkJoinPool-5-worker-3] INFO org.fugazi.pages.ProductsPage - Found 16 products in grid
[ForkJoinPool-5-worker-3] INFO org.fugazi.pages.ProductsPage - Found 16 products in grid
[ForkJoinPool-5-worker-3] INFO org.fugazi.tests.PaginationTest - Invalid page handled - Products: 16
[ForkJoinPool-5-worker-3] INFO org.fugazi.tests.PaginationTest - === Tearing down test ===
[ForkJoinPool-5-worker-3] INFO org.fugazi.tests.PaginationTest - Test teardown completed
[ForkJoinPool-5-worker-3] INFO org.fugazi.listeners.AllureTestListener - ? Test PASSED: PaginationTest.shouldHandleInvalidPageNumberGracefully
[ForkJoinPool-7-worker-9] INFO org.fugazi.tests.ProductDetailExtendedTest - No recommended products, skipping test
[ForkJoinPool-7-worker-9] INFO org.fugazi.tests.ProductDetailExtendedTest - === Tearing down test ===
[ForkJoinPool-7-worker-4] INFO org.fugazi.pages.ProductsPage - Found 16 products in grid
[ForkJoinPool-7-worker-4] INFO org.fugazi.tests.ProductDetailExtendedTest - Continue shopping navigated to: https://music-tech-shop.vercel.app/products
[ForkJoinPool-7-worker-4] INFO org.fugazi.tests.ProductDetailExtendedTest - === Tearing down test ===
[ForkJoinPool-7-worker-9] INFO org.fugazi.tests.ProductDetailExtendedTest - Test teardown completed
[ForkJoinPool-7-worker-9] INFO org.fugazi.listeners.AllureTestListener - ? Test PASSED: ProductDetailExtendedTest.shouldNavigateToRecommendedProductWhenClicked
[ForkJoinPool-7-worker-4] INFO org.fugazi.tests.ProductDetailExtendedTest - Test teardown completed
[ForkJoinPool-7-worker-4] INFO org.fugazi.listeners.AllureTestListener - ? Test PASSED: ProductDetailExtendedTest.shouldContinueShoppingAndReturnToProducts
[ForkJoinPool-5-worker-1] INFO org.fugazi.pages.ProductsPage - Found 16 products in grid
[ForkJoinPool-5-worker-1] INFO org.fugazi.pages.ProductsPage - Found 16 products in grid
[ForkJoinPool-5-worker-1] INFO org.fugazi.pages.ProductsPage - Found 16 products in grid
[ForkJoinPool-5-worker-1] INFO org.fugazi.tests.PaginationTest - Page 0 handled - Showing 16 products
[ForkJoinPool-5-worker-1] INFO org.fugazi.tests.PaginationTest - === Tearing down test ===
[ForkJoinPool-5-worker-1] INFO org.fugazi.tests.PaginationTest - Test teardown completed
[ForkJoinPool-5-worker-1] INFO org.fugazi.listeners.AllureTestListener - ? Test PASSED: PaginationTest.shouldHandleZeroOrNegativePageGracefully
[ForkJoinPool-7-worker-1] INFO org.fugazi.tests.ProductDetailExtendedTest - No reviews section found on this product
[ForkJoinPool-7-worker-1] INFO org.fugazi.tests.ProductDetailExtendedTest - Reviews section present: false, Count: 0
[ForkJoinPool-7-worker-1] INFO org.fugazi.tests.ProductDetailExtendedTest - === Tearing down test ===
[ForkJoinPool-7-worker-8] INFO org.fugazi.tests.ProductDetailExtendedTest - No recommended products section found on this product
[ForkJoinPool-7-worker-8] INFO org.fugazi.tests.ProductDetailExtendedTest - Recommended products count: 0
[ForkJoinPool-7-worker-8] INFO org.fugazi.tests.ProductDetailExtendedTest - === Tearing down test ===
[ForkJoinPool-7-worker-1] INFO org.fugazi.tests.ProductDetailExtendedTest - Test teardown completed
[ForkJoinPool-7-worker-1] INFO org.fugazi.listeners.AllureTestListener - ? Test PASSED: ProductDetailExtendedTest.shouldDisplayReviewsSectionIfAvailable
[ForkJoinPool-7-worker-8] INFO org.fugazi.tests.ProductDetailExtendedTest - Test teardown completed
[ForkJoinPool-7-worker-8] INFO org.fugazi.listeners.AllureTestListener - ? Test PASSED: ProductDetailExtendedTest.shouldDisplayRecommendedProductsSection
[ForkJoinPool-5-worker-10] INFO org.fugazi.pages.ProductsPage - Found 16 products in grid
[ForkJoinPool-5-worker-10] INFO org.fugazi.tests.PaginationTest - Navigated to page 3
[ForkJoinPool-5-worker-10] INFO org.fugazi.tests.PaginationTest - === Tearing down test ===
[ForkJoinPool-5-worker-10] INFO org.fugazi.tests.PaginationTest - Test teardown completed
[ForkJoinPool-5-worker-10] INFO org.fugazi.listeners.AllureTestListener - ? Test PASSED: PaginationTest.shouldNavigateToSpecificPageNumber
[ForkJoinPool-5-worker-9] INFO org.fugazi.pages.ProductsPage - Found 16 products in grid
[ForkJoinPool-5-worker-9] INFO org.fugazi.tests.PaginationTest - Page state preserved after refresh
[ForkJoinPool-5-worker-9] INFO org.fugazi.tests.PaginationTest - === Tearing down test ===
[ForkJoinPool-5-worker-9] INFO org.fugazi.tests.PaginationTest - Test teardown completed
[ForkJoinPool-5-worker-9] INFO org.fugazi.listeners.AllureTestListener - ? Test PASSED: PaginationTest.shouldRefreshPageAndPreservePaginationState
[ForkJoinPool-5-worker-7] INFO org.fugazi.pages.ProductsPage - Found 16 products in grid
[ForkJoinPool-5-worker-7] INFO org.fugazi.tests.PaginationTest - Navigated to page 2 - Products: 16
[ForkJoinPool-5-worker-7] INFO org.fugazi.tests.PaginationTest - === Tearing down test ===
[ForkJoinPool-5-worker-7] INFO org.fugazi.tests.PaginationTest - Test teardown completed
[ForkJoinPool-5-worker-7] INFO org.fugazi.listeners.AllureTestListener - ? Test PASSED: PaginationTest.shouldNavigateToPage2ViaUrl
[ForkJoinPool-7-worker-10] INFO org.fugazi.tests.ProductDetailExtendedTest - No copied message detected - may use clipboard API
[ForkJoinPool-7-worker-10] INFO org.fugazi.tests.ProductDetailExtendedTest - Share action performed for URL: https://music-tech-shop.vercel.app/products/49
[ForkJoinPool-7-worker-10] INFO org.fugazi.tests.ProductDetailExtendedTest - === Tearing down test ===
[ForkJoinPool-7-worker-10] INFO org.fugazi.tests.ProductDetailExtendedTest - Test teardown completed
[ForkJoinPool-7-worker-10] INFO org.fugazi.listeners.AllureTestListener - ? Test PASSED: ProductDetailExtendedTest.shouldCopyProductLinkWhenShareIsClicked
[ForkJoinPool-7-worker-6] INFO org.fugazi.pages.ProductDetailPage - Total price check - Unit: 899.99, Qty: 1, Expected: 899.99, Actual: 899.99
[ForkJoinPool-7-worker-6] INFO org.fugazi.tests.ProductDetailExtendedTest - === Tearing down test ===
[ForkJoinPool-7-worker-2] INFO org.fugazi.tests.ProductDetailExtendedTest - Quantity cannot go below 1 - Initial: 1, Final: 1
[ForkJoinPool-7-worker-2] INFO org.fugazi.tests.ProductDetailExtendedTest - === Tearing down test ===
[ForkJoinPool-7-worker-6] INFO org.fugazi.tests.ProductDetailExtendedTest - Test teardown completed
[ForkJoinPool-7-worker-6] ERROR org.fugazi.listeners.AllureTestListener - ? Test FAILED: ProductDetailExtendedTest.shouldCalculateTotalPriceCorrectlyForMultipleQuantities - Reason: 
Multiple Failures (2 failures)
-- failure 1 --
[Quantity should be set to 5] 
expected: 5
 but was: 1
at ProductDetailExtendedTest.lambda$shouldCalculateTotalPriceCorrectlyForMultipleQuantities$0(ProductDetailExtendedTest.java:82)
-- failure 2 --
[Total price should be unit × 5] 
Expecting actual:
  899.99
to be close to:
  4499.95
by less than 0.01 but difference was 3599.96.
(a difference of exactly 0.01 being considered valid)
at ProductDetailExtendedTest.lambda$shouldCalculateTotalPriceCorrectlyForMultipleQuantities$0(ProductDetailExtendedTest.java:90)
[ForkJoinPool-7-worker-6] WARN org.fugazi.listeners.AllureTestListener - Cannot capture screenshot: WebDriver is not available
[ForkJoinPool-7-worker-2] INFO org.fugazi.tests.ProductDetailExtendedTest - Test teardown completed
[ForkJoinPool-7-worker-2] INFO org.fugazi.listeners.AllureTestListener - ? Test PASSED: ProductDetailExtendedTest.shouldPreventSettingQuantityToZero
[ForkJoinPool-7-worker-7] INFO org.fugazi.pages.ProductDetailPage - Total price check - Unit: 899.99, Qty: 1, Expected: 899.99, Actual: 899.99
[ForkJoinPool-7-worker-7] INFO org.fugazi.tests.ProductDetailExtendedTest - === Tearing down test ===
[ForkJoinPool-5-worker-4] INFO org.fugazi.pages.ProductsPage - Found 16 products in grid
[ForkJoinPool-7-worker-7] INFO org.fugazi.tests.ProductDetailExtendedTest - Test teardown completed
[ForkJoinPool-7-worker-7] ERROR org.fugazi.listeners.AllureTestListener - ? Test FAILED: ProductDetailExtendedTest.shouldUpdateTotalPriceWhenQuantityChanges - Reason: 
Multiple Failures (1 failure)
-- failure 1 --
[Quantity should increase by 1] 
expected: 2
 but was: 1
at ProductDetailExtendedTest.lambda$shouldUpdateTotalPriceWhenQuantityChanges$0(ProductDetailExtendedTest.java:47)
[ForkJoinPool-7-worker-7] WARN org.fugazi.listeners.AllureTestListener - Cannot capture screenshot: WebDriver is not available
[ERROR] Tests run: 10, Failures: 2, Errors: 0, Skipped: 0, Time elapsed: 29.95 s <<< FAILURE! -- in org.fugazi.tests.ProductDetailExtendedTest
[ERROR] org.fugazi.tests.ProductDetailExtendedTest.shouldCalculateTotalPriceCorrectlyForMultipleQuantities -- Time elapsed: 25.16 s <<< FAILURE!
org.assertj.core.error.AssertJMultipleFailuresError: 

Multiple Failures (2 failures)
-- failure 1 --
[Quantity should be set to 5] 
expected: 5
 but was: 1
at ProductDetailExtendedTest.lambda$shouldCalculateTotalPriceCorrectlyForMultipleQuantities$0(ProductDetailExtendedTest.java:82)
-- failure 2 --
[Total price should be unit × 5] 
Expecting actual:
  899.99
to be close to:
  4499.95
by less than 0.01 but difference was 3599.96.
(a difference of exactly 0.01 being considered valid)
at ProductDetailExtendedTest.lambda$shouldCalculateTotalPriceCorrectlyForMultipleQuantities$0(ProductDetailExtendedTest.java:90)
	at org.fugazi.tests.ProductDetailExtendedTest.shouldCalculateTotalPriceCorrectlyForMultipleQuantities(ProductDetailExtendedTest.java:79)
	at java.base/java.lang.reflect.Method.invoke(Method.java:565)
	at java.base/java.util.concurrent.ForkJoinTask.doExec(ForkJoinTask.java:511)
	at java.base/java.util.concurrent.ForkJoinPool$WorkQueue.topLevelExec(ForkJoinPool.java:1450)
	at java.base/java.util.concurrent.ForkJoinPool.runWorker(ForkJoinPool.java:2019)
	at java.base/java.util.concurrent.ForkJoinWorkerThread.run(ForkJoinWorkerThread.java:187)

[ERROR] org.fugazi.tests.ProductDetailExtendedTest.shouldUpdateTotalPriceWhenQuantityChanges -- Time elapsed: 29.94 s <<< FAILURE!
org.assertj.core.error.AssertJMultipleFailuresError: 

Multiple Failures (1 failure)
-- failure 1 --
[Quantity should increase by 1] 
expected: 2
 but was: 1
at ProductDetailExtendedTest.lambda$shouldUpdateTotalPriceWhenQuantityChanges$0(ProductDetailExtendedTest.java:47)
	at org.fugazi.tests.ProductDetailExtendedTest.shouldUpdateTotalPriceWhenQuantityChanges(ProductDetailExtendedTest.java:44)
	at java.base/java.lang.reflect.Method.invoke(Method.java:565)
	at java.base/java.util.concurrent.ForkJoinTask.doExec(ForkJoinTask.java:511)
	at java.base/java.util.concurrent.ForkJoinPool$WorkQueue.topLevelExec(ForkJoinPool.java:1450)
	at java.base/java.util.concurrent.ForkJoinPool.runWorker(ForkJoinPool.java:2019)
	at java.base/java.util.concurrent.ForkJoinWorkerThread.run(ForkJoinWorkerThread.java:187)

[INFO] Running org.fugazi.tests.ProductDetailTest
[ForkJoinPool-5-worker-4] INFO org.fugazi.tests.PaginationTest - Browser back navigation works - From: https://music-tech-shop.vercel.app/products?page=2 To: https://music-tech-shop.vercel.app/products
[ForkJoinPool-5-worker-4] INFO org.fugazi.tests.PaginationTest - === Tearing down test ===
[ForkJoinPool-8-worker-2] INFO org.fugazi.tests.ProductDetailTest - === Setting up test ===
[ForkJoinPool-8-worker-8] INFO org.fugazi.tests.ProductDetailTest - === Setting up test ===
[ForkJoinPool-8-worker-2] INFO org.fugazi.factory.WebDriverFactory - Creating CHROME driver (headless: true)
[ForkJoinPool-8-worker-8] INFO org.fugazi.factory.WebDriverFactory - Creating CHROME driver (headless: true)
[ForkJoinPool-8-worker-3] INFO org.fugazi.tests.ProductDetailTest - === Setting up test ===
[ForkJoinPool-8-worker-1] INFO org.fugazi.tests.ProductDetailTest - === Setting up test ===
[ForkJoinPool-8-worker-3] INFO org.fugazi.factory.WebDriverFactory - Creating CHROME driver (headless: true)
[ForkJoinPool-8-worker-5] INFO org.fugazi.tests.ProductDetailTest - === Setting up test ===
[ForkJoinPool-8-worker-1] INFO org.fugazi.factory.WebDriverFactory - Creating CHROME driver (headless: true)
[ForkJoinPool-8-worker-5] INFO org.fugazi.factory.WebDriverFactory - Creating CHROME driver (headless: true)
[ForkJoinPool-8-worker-6] INFO org.fugazi.tests.ProductDetailTest - === Setting up test ===
[ForkJoinPool-8-worker-4] INFO org.fugazi.tests.ProductDetailTest - === Setting up test ===
[ForkJoinPool-8-worker-6] INFO org.fugazi.factory.WebDriverFactory - Creating CHROME driver (headless: true)
[ForkJoinPool-8-worker-4] INFO org.fugazi.factory.WebDriverFactory - Creating CHROME driver (headless: true)
[ForkJoinPool-8-worker-7] INFO org.fugazi.tests.ProductDetailTest - === Setting up test ===
[ForkJoinPool-8-worker-7] INFO org.fugazi.factory.WebDriverFactory - Creating CHROME driver (headless: true)
[ForkJoinPool-5-worker-4] INFO org.fugazi.tests.PaginationTest - Test teardown completed
[ForkJoinPool-5-worker-4] INFO org.fugazi.listeners.AllureTestListener - ? Test PASSED: PaginationTest.shouldNavigateBackToPreviousPageUsingBrowserBack
[INFO] Tests run: 10, Failures: 0, Errors: 0, Skipped: 0, Time elapsed: 38.48 s -- in org.fugazi.tests.PaginationTest
[INFO] Running org.fugazi.tests.ProductListingTest
[ForkJoinPool-6-worker-2] INFO org.fugazi.tests.ProductListingTest - === Setting up test ===
[ForkJoinPool-6-worker-5] INFO org.fugazi.tests.ProductListingTest - === Setting up test ===
[ForkJoinPool-6-worker-2] INFO org.fugazi.factory.WebDriverFactory - Creating CHROME driver (headless: true)
[ForkJoinPool-6-worker-4] INFO org.fugazi.tests.ProductListingTest - === Setting up test ===
[ForkJoinPool-6-worker-5] INFO org.fugazi.factory.WebDriverFactory - Creating CHROME driver (headless: true)
[ForkJoinPool-6-worker-4] INFO org.fugazi.factory.WebDriverFactory - Creating CHROME driver (headless: true)
[ForkJoinPool-6-worker-1] INFO org.fugazi.tests.ProductListingTest - === Setting up test ===
[ForkJoinPool-6-worker-1] INFO org.fugazi.factory.WebDriverFactory - Creating CHROME driver (headless: true)
[ForkJoinPool-6-worker-3] INFO org.fugazi.tests.ProductListingTest - === Setting up test ===
[ForkJoinPool-6-worker-3] INFO org.fugazi.factory.WebDriverFactory - Creating CHROME driver (headless: true)
[ForkJoinPool-6-worker-6] INFO org.fugazi.tests.ProductListingTest - === Setting up test ===
[ForkJoinPool-6-worker-6] INFO org.fugazi.factory.WebDriverFactory - Creating CHROME driver (headless: true)
[ForkJoinPool-6-worker-7] INFO org.fugazi.tests.ProductListingTest - === Setting up test ===
[ForkJoinPool-6-worker-8] INFO org.fugazi.tests.ProductListingTest - === Setting up test ===
[ForkJoinPool-6-worker-8] INFO org.fugazi.factory.WebDriverFactory - Creating CHROME driver (headless: true)
[ForkJoinPool-6-worker-7] INFO org.fugazi.factory.WebDriverFactory - Creating CHROME driver (headless: true)
[ForkJoinPool-6-worker-9] INFO org.fugazi.tests.ProductListingTest - === Setting up test ===
[ForkJoinPool-6-worker-9] INFO org.fugazi.factory.WebDriverFactory - Creating CHROME driver (headless: true)
[ForkJoinPool-6-worker-12] INFO org.fugazi.tests.ProductListingTest - === Setting up test ===
[ForkJoinPool-6-worker-12] INFO org.fugazi.factory.WebDriverFactory - Creating CHROME driver (headless: true)
[ForkJoinPool-6-worker-15] INFO org.fugazi.tests.ProductListingTest - === Setting up test ===
[ForkJoinPool-6-worker-15] INFO org.fugazi.factory.WebDriverFactory - Creating CHROME driver (headless: true)
[ForkJoinPool-6-worker-13] INFO org.fugazi.tests.ProductListingTest - === Setting up test ===
[ForkJoinPool-6-worker-13] INFO org.fugazi.factory.WebDriverFactory - Creating CHROME driver (headless: true)
[ForkJoinPool-6-worker-14] INFO org.fugazi.tests.ProductListingTest - === Setting up test ===
[ForkJoinPool-6-worker-14] INFO org.fugazi.factory.WebDriverFactory - Creating CHROME driver (headless: true)
[ForkJoinPool-6-worker-16] INFO org.fugazi.tests.ProductListingTest - === Setting up test ===
[ForkJoinPool-6-worker-16] INFO org.fugazi.factory.WebDriverFactory - Creating CHROME driver (headless: true)
[ForkJoinPool-6-worker-11] INFO org.fugazi.tests.ProductListingTest - === Setting up test ===
[ForkJoinPool-6-worker-11] INFO org.fugazi.factory.WebDriverFactory - Creating CHROME driver (headless: true)
[ForkJoinPool-6-worker-10] INFO org.fugazi.tests.ProductListingTest - === Setting up test ===
[ForkJoinPool-6-worker-10] INFO org.fugazi.factory.WebDriverFactory - Creating CHROME driver (headless: true)
[ForkJoinPool-6-worker-17] INFO org.fugazi.tests.ProductListingTest - === Setting up test ===
[ForkJoinPool-6-worker-17] INFO org.fugazi.factory.WebDriverFactory - Creating CHROME driver (headless: true)
[ForkJoinPool-6-worker-18] INFO org.fugazi.tests.ProductListingTest - === Setting up test ===
[ForkJoinPool-6-worker-18] INFO org.fugazi.factory.WebDriverFactory - Creating CHROME driver (headless: true)
[ForkJoinPool-6-worker-20] INFO org.fugazi.tests.ProductListingTest - === Setting up test ===
[ForkJoinPool-6-worker-20] INFO org.fugazi.factory.WebDriverFactory - Creating CHROME driver (headless: true)
ene 26, 2026 10:59:31 A. M. org.openqa.selenium.devtools.CdpVersionFinder findNearestMatch
ADVERTENCIA: Unable to find CDP implementation matching 144
ene 26, 2026 10:59:31 A. M. org.openqa.selenium.chromium.ChromiumDriver lambda$new$5
ADVERTENCIA: Unable to find version of CDP to use for 144.0.7559.96. You may need to include a dependency on a specific version of the CDP using something similar to `org.seleniumhq.selenium:selenium-devtools-v86:4.27.0` where the version ("v86") matches the version of the chromium-based browser you're using and the version number of the artifact is the same as Selenium's.
ene 26, 2026 10:59:31 A. M. org.openqa.selenium.devtools.CdpVersionFinder findNearestMatch
ADVERTENCIA: Unable to find CDP implementation matching 144
ene 26, 2026 10:59:31 A. M. org.openqa.selenium.chromium.ChromiumDriver lambda$new$5
ADVERTENCIA: Unable to find version of CDP to use for 144.0.7559.96. You may need to include a dependency on a specific version of the CDP using something similar to `org.seleniumhq.selenium:selenium-devtools-v86:4.27.0` where the version ("v86") matches the version of the chromium-based browser you're using and the version number of the artifact is the same as Selenium's.
ene 26, 2026 10:59:32 A. M. org.openqa.selenium.devtools.CdpVersionFinder findNearestMatch
ADVERTENCIA: Unable to find CDP implementation matching 144
ene 26, 2026 10:59:32 A. M. org.openqa.selenium.chromium.ChromiumDriver lambda$new$5
ADVERTENCIA: Unable to find version of CDP to use for 144.0.7559.96. You may need to include a dependency on a specific version of the CDP using something similar to `org.seleniumhq.selenium:selenium-devtools-v86:4.27.0` where the version ("v86") matches the version of the chromium-based browser you're using and the version number of the artifact is the same as Selenium's.
ene 26, 2026 10:59:32 A. M. org.openqa.selenium.devtools.CdpVersionFinder findNearestMatch
ADVERTENCIA: Unable to find CDP implementation matching 144
ene 26, 2026 10:59:32 A. M. org.openqa.selenium.chromium.ChromiumDriver lambda$new$5
ADVERTENCIA: Unable to find version of CDP to use for 144.0.7559.96. You may need to include a dependency on a specific version of the CDP using something similar to `org.seleniumhq.selenium:selenium-devtools-v86:4.27.0` where the version ("v86") matches the version of the chromium-based browser you're using and the version number of the artifact is the same as Selenium's.
ene 26, 2026 10:59:33 A. M. org.openqa.selenium.devtools.CdpVersionFinder findNearestMatch
ADVERTENCIA: Unable to find CDP implementation matching 144
ene 26, 2026 10:59:33 A. M. org.openqa.selenium.chromium.ChromiumDriver lambda$new$5
ADVERTENCIA: Unable to find version of CDP to use for 144.0.7559.96. You may need to include a dependency on a specific version of the CDP using something similar to `org.seleniumhq.selenium:selenium-devtools-v86:4.27.0` where the version ("v86") matches the version of the chromium-based browser you're using and the version number of the artifact is the same as Selenium's.
ene 26, 2026 10:59:33 A. M. org.openqa.selenium.devtools.CdpVersionFinder findNearestMatch
ADVERTENCIA: Unable to find CDP implementation matching 144
ene 26, 2026 10:59:33 A. M. org.openqa.selenium.chromium.ChromiumDriver lambda$new$5
ADVERTENCIA: Unable to find version of CDP to use for 144.0.7559.96. You may need to include a dependency on a specific version of the CDP using something similar to `org.seleniumhq.selenium:selenium-devtools-v86:4.27.0` where the version ("v86") matches the version of the chromium-based browser you're using and the version number of the artifact is the same as Selenium's.
ene 26, 2026 10:59:33 A. M. org.openqa.selenium.devtools.CdpVersionFinder findNearestMatch
ADVERTENCIA: Unable to find CDP implementation matching 144
ene 26, 2026 10:59:33 A. M. org.openqa.selenium.chromium.ChromiumDriver lambda$new$5
ADVERTENCIA: Unable to find version of CDP to use for 144.0.7559.96. You may need to include a dependency on a specific version of the CDP using something similar to `org.seleniumhq.selenium:selenium-devtools-v86:4.27.0` where the version ("v86") matches the version of the chromium-based browser you're using and the version number of the artifact is the same as Selenium's.
ene 26, 2026 10:59:33 A. M. org.openqa.selenium.devtools.CdpVersionFinder findNearestMatch
ADVERTENCIA: Unable to find CDP implementation matching 144
ene 26, 2026 10:59:33 A. M. org.openqa.selenium.chromium.ChromiumDriver lambda$new$5
ADVERTENCIA: Unable to find version of CDP to use for 144.0.7559.96. You may need to include a dependency on a specific version of the CDP using something similar to `org.seleniumhq.selenium:selenium-devtools-v86:4.27.0` where the version ("v86") matches the version of the chromium-based browser you're using and the version number of the artifact is the same as Selenium's.
ene 26, 2026 10:59:33 A. M. org.openqa.selenium.devtools.CdpVersionFinder findNearestMatch
ADVERTENCIA: Unable to find CDP implementation matching 144
ene 26, 2026 10:59:33 A. M. org.openqa.selenium.chromium.ChromiumDriver lambda$new$5
ADVERTENCIA: Unable to find version of CDP to use for 144.0.7559.96. You may need to include a dependency on a specific version of the CDP using something similar to `org.seleniumhq.selenium:selenium-devtools-v86:4.27.0` where the version ("v86") matches the version of the chromium-based browser you're using and the version number of the artifact is the same as Selenium's.
ene 26, 2026 10:59:34 A. M. org.openqa.selenium.devtools.CdpVersionFinder findNearestMatch
ADVERTENCIA: Unable to find CDP implementation matching 144
ene 26, 2026 10:59:34 A. M. org.openqa.selenium.chromium.ChromiumDriver lambda$new$5
ADVERTENCIA: Unable to find version of CDP to use for 144.0.7559.96. You may need to include a dependency on a specific version of the CDP using something similar to `org.seleniumhq.selenium:selenium-devtools-v86:4.27.0` where the version ("v86") matches the version of the chromium-based browser you're using and the version number of the artifact is the same as Selenium's.
ene 26, 2026 10:59:34 A. M. org.openqa.selenium.devtools.CdpVersionFinder findNearestMatch
ADVERTENCIA: Unable to find CDP implementation matching 144
ene 26, 2026 10:59:34 A. M. org.openqa.selenium.chromium.ChromiumDriver lambda$new$5
ADVERTENCIA: Unable to find version of CDP to use for 144.0.7559.96. You may need to include a dependency on a specific version of the CDP using something similar to `org.seleniumhq.selenium:selenium-devtools-v86:4.27.0` where the version ("v86") matches the version of the chromium-based browser you're using and the version number of the artifact is the same as Selenium's.
ene 26, 2026 10:59:34 A. M. org.openqa.selenium.devtools.CdpVersionFinder findNearestMatch
ADVERTENCIA: Unable to find CDP implementation matching 144
ene 26, 2026 10:59:34 A. M. org.openqa.selenium.chromium.ChromiumDriver lambda$new$5
ADVERTENCIA: Unable to find version of CDP to use for 144.0.7559.96. You may need to include a dependency on a specific version of the CDP using something similar to `org.seleniumhq.selenium:selenium-devtools-v86:4.27.0` where the version ("v86") matches the version of the chromium-based browser you're using and the version number of the artifact is the same as Selenium's.
ene 26, 2026 10:59:34 A. M. org.openqa.selenium.devtools.CdpVersionFinder findNearestMatch
ADVERTENCIA: Unable to find CDP implementation matching 144
ene 26, 2026 10:59:34 A. M. org.openqa.selenium.chromium.ChromiumDriver lambda$new$5
ADVERTENCIA: Unable to find version of CDP to use for 144.0.7559.96. You may need to include a dependency on a specific version of the CDP using something similar to `org.seleniumhq.selenium:selenium-devtools-v86:4.27.0` where the version ("v86") matches the version of the chromium-based browser you're using and the version number of the artifact is the same as Selenium's.
ene 26, 2026 10:59:34 A. M. org.openqa.selenium.devtools.CdpVersionFinder findNearestMatch
ADVERTENCIA: Unable to find CDP implementation matching 144
ene 26, 2026 10:59:34 A. M. org.openqa.selenium.chromium.ChromiumDriver lambda$new$5
ADVERTENCIA: Unable to find version of CDP to use for 144.0.7559.96. You may need to include a dependency on a specific version of the CDP using something similar to `org.seleniumhq.selenium:selenium-devtools-v86:4.27.0` where the version ("v86") matches the version of the chromium-based browser you're using and the version number of the artifact is the same as Selenium's.
ene 26, 2026 10:59:34 A. M. org.openqa.selenium.devtools.CdpVersionFinder findNearestMatch
ADVERTENCIA: Unable to find CDP implementation matching 144
ene 26, 2026 10:59:34 A. M. org.openqa.selenium.chromium.ChromiumDriver lambda$new$5
ADVERTENCIA: Unable to find version of CDP to use for 144.0.7559.96. You may need to include a dependency on a specific version of the CDP using something similar to `org.seleniumhq.selenium:selenium-devtools-v86:4.27.0` where the version ("v86") matches the version of the chromium-based browser you're using and the version number of the artifact is the same as Selenium's.
ene 26, 2026 10:59:34 A. M. org.openqa.selenium.devtools.CdpVersionFinder findNearestMatch
ADVERTENCIA: Unable to find CDP implementation matching 144
ene 26, 2026 10:59:34 A. M. org.openqa.selenium.chromium.ChromiumDriver lambda$new$5
ADVERTENCIA: Unable to find version of CDP to use for 144.0.7559.96. You may need to include a dependency on a specific version of the CDP using something similar to `org.seleniumhq.selenium:selenium-devtools-v86:4.27.0` where the version ("v86") matches the version of the chromium-based browser you're using and the version number of the artifact is the same as Selenium's.
ene 26, 2026 10:59:34 A. M. org.openqa.selenium.devtools.CdpVersionFinder findNearestMatch
ADVERTENCIA: Unable to find CDP implementation matching 144
ene 26, 2026 10:59:34 A. M. org.openqa.selenium.chromium.ChromiumDriver lambda$new$5
ADVERTENCIA: Unable to find version of CDP to use for 144.0.7559.96. You may need to include a dependency on a specific version of the CDP using something similar to `org.seleniumhq.selenium:selenium-devtools-v86:4.27.0` where the version ("v86") matches the version of the chromium-based browser you're using and the version number of the artifact is the same as Selenium's.
ene 26, 2026 10:59:35 A. M. org.openqa.selenium.devtools.CdpVersionFinder findNearestMatch
ADVERTENCIA: Unable to find CDP implementation matching 144
ene 26, 2026 10:59:35 A. M. org.openqa.selenium.chromium.ChromiumDriver lambda$new$5
ADVERTENCIA: Unable to find version of CDP to use for 144.0.7559.96. You may need to include a dependency on a specific version of the CDP using something similar to `org.seleniumhq.selenium:selenium-devtools-v86:4.27.0` where the version ("v86") matches the version of the chromium-based browser you're using and the version number of the artifact is the same as Selenium's.
ene 26, 2026 10:59:36 A. M. org.openqa.selenium.devtools.CdpVersionFinder findNearestMatch
ADVERTENCIA: Unable to find CDP implementation matching 144
ene 26, 2026 10:59:36 A. M. org.openqa.selenium.chromium.ChromiumDriver lambda$new$5
ADVERTENCIA: Unable to find version of CDP to use for 144.0.7559.96. You may need to include a dependency on a specific version of the CDP using something similar to `org.seleniumhq.selenium:selenium-devtools-v86:4.27.0` where the version ("v86") matches the version of the chromium-based browser you're using and the version number of the artifact is the same as Selenium's.
ene 26, 2026 10:59:36 A. M. org.openqa.selenium.devtools.CdpVersionFinder findNearestMatch
ADVERTENCIA: Unable to find CDP implementation matching 144
ene 26, 2026 10:59:36 A. M. org.openqa.selenium.chromium.ChromiumDriver lambda$new$5
ADVERTENCIA: Unable to find version of CDP to use for 144.0.7559.96. You may need to include a dependency on a specific version of the CDP using something similar to `org.seleniumhq.selenium:selenium-devtools-v86:4.27.0` where the version ("v86") matches the version of the chromium-based browser you're using and the version number of the artifact is the same as Selenium's.
ene 26, 2026 10:59:36 A. M. org.openqa.selenium.devtools.CdpVersionFinder findNearestMatch
ADVERTENCIA: Unable to find CDP implementation matching 144
ene 26, 2026 10:59:36 A. M. org.openqa.selenium.chromium.ChromiumDriver lambda$new$5
ADVERTENCIA: Unable to find version of CDP to use for 144.0.7559.96. You may need to include a dependency on a specific version of the CDP using something similar to `org.seleniumhq.selenium:selenium-devtools-v86:4.27.0` where the version ("v86") matches the version of the chromium-based browser you're using and the version number of the artifact is the same as Selenium's.
ene 26, 2026 10:59:36 A. M. org.openqa.selenium.devtools.CdpVersionFinder findNearestMatch
ADVERTENCIA: Unable to find CDP implementation matching 144
ene 26, 2026 10:59:36 A. M. org.openqa.selenium.chromium.ChromiumDriver lambda$new$5
ADVERTENCIA: Unable to find version of CDP to use for 144.0.7559.96. You may need to include a dependency on a specific version of the CDP using something similar to `org.seleniumhq.selenium:selenium-devtools-v86:4.27.0` where the version ("v86") matches the version of the chromium-based browser you're using and the version number of the artifact is the same as Selenium's.
ene 26, 2026 10:59:36 A. M. org.openqa.selenium.devtools.CdpVersionFinder findNearestMatch
ADVERTENCIA: Unable to find CDP implementation matching 144
ene 26, 2026 10:59:36 A. M. org.openqa.selenium.chromium.ChromiumDriver lambda$new$5
ADVERTENCIA: Unable to find version of CDP to use for 144.0.7559.96. You may need to include a dependency on a specific version of the CDP using something similar to `org.seleniumhq.selenium:selenium-devtools-v86:4.27.0` where the version ("v86") matches the version of the chromium-based browser you're using and the version number of the artifact is the same as Selenium's.
ene 26, 2026 10:59:36 A. M. org.openqa.selenium.devtools.CdpVersionFinder findNearestMatch
ADVERTENCIA: Unable to find CDP implementation matching 144
ene 26, 2026 10:59:36 A. M. org.openqa.selenium.chromium.ChromiumDriver lambda$new$5
ADVERTENCIA: Unable to find version of CDP to use for 144.0.7559.96. You may need to include a dependency on a specific version of the CDP using something similar to `org.seleniumhq.selenium:selenium-devtools-v86:4.27.0` where the version ("v86") matches the version of the chromium-based browser you're using and the version number of the artifact is the same as Selenium's.
ene 26, 2026 10:59:36 A. M. org.openqa.selenium.devtools.CdpVersionFinder findNearestMatch
ADVERTENCIA: Unable to find CDP implementation matching 144
ene 26, 2026 10:59:36 A. M. org.openqa.selenium.chromium.ChromiumDriver lambda$new$5
ADVERTENCIA: Unable to find version of CDP to use for 144.0.7559.96. You may need to include a dependency on a specific version of the CDP using something similar to `org.seleniumhq.selenium:selenium-devtools-v86:4.27.0` where the version ("v86") matches the version of the chromium-based browser you're using and the version number of the artifact is the same as Selenium's.
[ForkJoinPool-8-worker-1] INFO org.fugazi.tests.ProductDetailTest - Successfully navigated to base URL
[ForkJoinPool-8-worker-1] INFO org.fugazi.tests.ProductDetailTest - Test setup completed - Browser: CHROME, URL: https://music-tech-shop.vercel.app
[ForkJoinPool-8-worker-1] INFO org.fugazi.pages.HomePage - Clicking on first product
ene 26, 2026 10:59:37 A. M. org.openqa.selenium.devtools.CdpVersionFinder findNearestMatch
ADVERTENCIA: Unable to find CDP implementation matching 144
ene 26, 2026 10:59:37 A. M. org.openqa.selenium.chromium.ChromiumDriver lambda$new$5
ADVERTENCIA: Unable to find version of CDP to use for 144.0.7559.96. You may need to include a dependency on a specific version of the CDP using something similar to `org.seleniumhq.selenium:selenium-devtools-v86:4.27.0` where the version ("v86") matches the version of the chromium-based browser you're using and the version number of the artifact is the same as Selenium's.
ene 26, 2026 10:59:37 A. M. org.openqa.selenium.devtools.CdpVersionFinder findNearestMatch
ADVERTENCIA: Unable to find CDP implementation matching 144
ene 26, 2026 10:59:37 A. M. org.openqa.selenium.chromium.ChromiumDriver lambda$new$5
ADVERTENCIA: Unable to find version of CDP to use for 144.0.7559.96. You may need to include a dependency on a specific version of the CDP using something similar to `org.seleniumhq.selenium:selenium-devtools-v86:4.27.0` where the version ("v86") matches the version of the chromium-based browser you're using and the version number of the artifact is the same as Selenium's.
[ForkJoinPool-8-worker-6] INFO org.fugazi.tests.ProductDetailTest - Successfully navigated to base URL
[ForkJoinPool-8-worker-6] INFO org.fugazi.tests.ProductDetailTest - Test setup completed - Browser: CHROME, URL: https://music-tech-shop.vercel.app
[ForkJoinPool-8-worker-6] INFO org.fugazi.pages.HomePage - Clicking on first product
[ForkJoinPool-8-worker-1] INFO org.fugazi.pages.components.HeaderComponent - Clicking on logo to go to home page
[ForkJoinPool-8-worker-5] INFO org.fugazi.tests.ProductDetailTest - Successfully navigated to base URL
[ForkJoinPool-8-worker-5] INFO org.fugazi.tests.ProductDetailTest - Test setup completed - Browser: CHROME, URL: https://music-tech-shop.vercel.app
[ForkJoinPool-8-worker-5] INFO org.fugazi.pages.HomePage - Clicking on first product
[ForkJoinPool-8-worker-7] INFO org.fugazi.tests.ProductDetailTest - Successfully navigated to base URL
[ForkJoinPool-8-worker-7] INFO org.fugazi.tests.ProductDetailTest - Test setup completed - Browser: CHROME, URL: https://music-tech-shop.vercel.app
[ForkJoinPool-8-worker-7] INFO org.fugazi.pages.HomePage - Clicking on first product
[ForkJoinPool-8-worker-4] INFO org.fugazi.tests.ProductDetailTest - Successfully navigated to base URL
[ForkJoinPool-8-worker-4] INFO org.fugazi.tests.ProductDetailTest - Test setup completed - Browser: CHROME, URL: https://music-tech-shop.vercel.app
[ForkJoinPool-8-worker-4] INFO org.fugazi.pages.HomePage - Clicking on first product
[ForkJoinPool-8-worker-8] INFO org.fugazi.tests.ProductDetailTest - Successfully navigated to base URL
[ForkJoinPool-8-worker-8] INFO org.fugazi.tests.ProductDetailTest - Test setup completed - Browser: CHROME, URL: https://music-tech-shop.vercel.app
[ForkJoinPool-8-worker-8] INFO org.fugazi.pages.HomePage - Clicking on first product
[ForkJoinPool-8-worker-3] INFO org.fugazi.tests.ProductDetailTest - Successfully navigated to base URL
[ForkJoinPool-8-worker-3] INFO org.fugazi.tests.ProductDetailTest - Test setup completed - Browser: CHROME, URL: https://music-tech-shop.vercel.app
[ForkJoinPool-8-worker-3] INFO org.fugazi.pages.HomePage - Clicking on first product
[ForkJoinPool-8-worker-2] INFO org.fugazi.tests.ProductDetailTest - Successfully navigated to base URL
[ForkJoinPool-8-worker-2] INFO org.fugazi.tests.ProductDetailTest - Test setup completed - Browser: CHROME, URL: https://music-tech-shop.vercel.app
[ForkJoinPool-8-worker-2] INFO org.fugazi.pages.HomePage - Clicking on first product
[ForkJoinPool-6-worker-15] INFO org.fugazi.tests.ProductListingTest - Successfully navigated to base URL
[ForkJoinPool-6-worker-15] INFO org.fugazi.tests.ProductListingTest - Test setup completed - Browser: CHROME, URL: https://music-tech-shop.vercel.app
[ForkJoinPool-6-worker-7] INFO org.fugazi.tests.ProductListingTest - Successfully navigated to base URL
[ForkJoinPool-6-worker-7] INFO org.fugazi.tests.ProductListingTest - Test setup completed - Browser: CHROME, URL: https://music-tech-shop.vercel.app
[ForkJoinPool-6-worker-9] INFO org.fugazi.tests.ProductListingTest - Successfully navigated to base URL
[ForkJoinPool-6-worker-9] INFO org.fugazi.tests.ProductListingTest - Test setup completed - Browser: CHROME, URL: https://music-tech-shop.vercel.app
[ForkJoinPool-6-worker-14] INFO org.fugazi.tests.ProductListingTest - Successfully navigated to base URL
[ForkJoinPool-6-worker-6] INFO org.fugazi.tests.ProductListingTest - Successfully navigated to base URL
[ForkJoinPool-6-worker-6] INFO org.fugazi.tests.ProductListingTest - Test setup completed - Browser: CHROME, URL: https://music-tech-shop.vercel.app
[ForkJoinPool-6-worker-14] INFO org.fugazi.tests.ProductListingTest - Test setup completed - Browser: CHROME, URL: https://music-tech-shop.vercel.app
[ForkJoinPool-6-worker-4] INFO org.fugazi.tests.ProductListingTest - Successfully navigated to base URL
[ForkJoinPool-6-worker-4] INFO org.fugazi.tests.ProductListingTest - Test setup completed - Browser: CHROME, URL: https://music-tech-shop.vercel.app
[ForkJoinPool-6-worker-12] INFO org.fugazi.tests.ProductListingTest - Successfully navigated to base URL
[ForkJoinPool-6-worker-12] INFO org.fugazi.tests.ProductListingTest - Test setup completed - Browser: CHROME, URL: https://music-tech-shop.vercel.app
[ForkJoinPool-6-worker-3] INFO org.fugazi.tests.ProductListingTest - Successfully navigated to base URL
[ForkJoinPool-6-worker-3] INFO org.fugazi.tests.ProductListingTest - Test setup completed - Browser: CHROME, URL: https://music-tech-shop.vercel.app
[ForkJoinPool-6-worker-1] INFO org.fugazi.tests.ProductListingTest - Successfully navigated to base URL
[ForkJoinPool-6-worker-1] INFO org.fugazi.tests.ProductListingTest - Test setup completed - Browser: CHROME, URL: https://music-tech-shop.vercel.app
[ForkJoinPool-8-worker-6] INFO org.fugazi.tests.ProductDetailTest - === Tearing down test ===
[ForkJoinPool-8-worker-1] INFO org.fugazi.tests.ProductDetailTest - === Tearing down test ===
[ForkJoinPool-6-worker-16] INFO org.fugazi.tests.ProductListingTest - Successfully navigated to base URL
[ForkJoinPool-6-worker-16] INFO org.fugazi.tests.ProductListingTest - Test setup completed - Browser: CHROME, URL: https://music-tech-shop.vercel.app
[ForkJoinPool-8-worker-5] INFO org.fugazi.tests.ProductDetailTest - Product description: Classic phase distortion synthesizer with authentic vintage sound.
[ForkJoinPool-8-worker-5] INFO org.fugazi.tests.ProductDetailTest - === Tearing down test ===
[ForkJoinPool-8-worker-7] INFO org.fugazi.tests.ProductDetailTest - Product price: $899.99 (value: 899.99)
[ForkJoinPool-8-worker-7] INFO org.fugazi.tests.ProductDetailTest - === Tearing down test ===
[ForkJoinPool-6-worker-2] INFO org.fugazi.tests.ProductListingTest - Successfully navigated to base URL
[ForkJoinPool-6-worker-2] INFO org.fugazi.tests.ProductListingTest - Test setup completed - Browser: CHROME, URL: https://music-tech-shop.vercel.app
[ForkJoinPool-6-worker-5] INFO org.fugazi.tests.ProductListingTest - Successfully navigated to base URL
[ForkJoinPool-6-worker-5] INFO org.fugazi.tests.ProductListingTest - Test setup completed - Browser: CHROME, URL: https://music-tech-shop.vercel.app
[ForkJoinPool-6-worker-13] INFO org.fugazi.tests.ProductListingTest - Successfully navigated to base URL
[ForkJoinPool-6-worker-13] INFO org.fugazi.tests.ProductListingTest - Test setup completed - Browser: CHROME, URL: https://music-tech-shop.vercel.app
[ForkJoinPool-8-worker-4] INFO org.fugazi.tests.ProductDetailTest - Product in stock: true
[ForkJoinPool-8-worker-4] INFO org.fugazi.tests.ProductDetailTest - === Tearing down test ===
[ForkJoinPool-8-worker-8] INFO org.fugazi.pages.components.HeaderComponent - Clicking on logo to go to home page
[ForkJoinPool-6-worker-8] INFO org.fugazi.tests.ProductListingTest - Successfully navigated to base URL
[ForkJoinPool-6-worker-8] INFO org.fugazi.tests.ProductListingTest - Test setup completed - Browser: CHROME, URL: https://music-tech-shop.vercel.app
[ForkJoinPool-6-worker-11] INFO org.fugazi.tests.ProductListingTest - Successfully navigated to base URL
[ForkJoinPool-6-worker-11] INFO org.fugazi.tests.ProductListingTest - Test setup completed - Browser: CHROME, URL: https://music-tech-shop.vercel.app
[ForkJoinPool-6-worker-20] INFO org.fugazi.tests.ProductListingTest - Successfully navigated to base URL
[ForkJoinPool-6-worker-20] INFO org.fugazi.tests.ProductListingTest - Test setup completed - Browser: CHROME, URL: https://music-tech-shop.vercel.app
[ForkJoinPool-6-worker-10] INFO org.fugazi.tests.ProductListingTest - Successfully navigated to base URL
[ForkJoinPool-6-worker-10] INFO org.fugazi.tests.ProductListingTest - Test setup completed - Browser: CHROME, URL: https://music-tech-shop.vercel.app
[ForkJoinPool-6-worker-17] INFO org.fugazi.tests.ProductListingTest - Successfully navigated to base URL
[ForkJoinPool-6-worker-17] INFO org.fugazi.tests.ProductListingTest - Test setup completed - Browser: CHROME, URL: https://music-tech-shop.vercel.app
[ForkJoinPool-8-worker-3] INFO org.fugazi.tests.ProductDetailTest - Product image src: /casio-cz-101-vintage-synthesizer.jpg
[ForkJoinPool-8-worker-3] INFO org.fugazi.tests.ProductDetailTest - === Tearing down test ===
[ForkJoinPool-8-worker-2] INFO org.fugazi.tests.ProductDetailTest - === Tearing down test ===
[ForkJoinPool-6-worker-18] INFO org.fugazi.tests.ProductListingTest - Successfully navigated to base URL
[ForkJoinPool-6-worker-18] INFO org.fugazi.tests.ProductListingTest - Test setup completed - Browser: CHROME, URL: https://music-tech-shop.vercel.app
[ForkJoinPool-8-worker-8] INFO org.fugazi.pages.HomePage - Found 4 featured products
[ForkJoinPool-8-worker-8] INFO org.fugazi.pages.HomePage - Clicking on product at index: 1
[ForkJoinPool-8-worker-8] INFO org.fugazi.tests.ProductDetailTest - First product: 'Casio CZ-101 Vintage Synthesizer', Second product: 'Adam Audio A7X Studio Monitors (Pair)'
[ForkJoinPool-8-worker-8] INFO org.fugazi.tests.ProductDetailTest - === Tearing down test ===
[ForkJoinPool-8-worker-1] INFO org.fugazi.tests.ProductDetailTest - Test teardown completed
[ForkJoinPool-8-worker-1] INFO org.fugazi.listeners.AllureTestListener - ? Test PASSED: ProductDetailTest.shouldBeAbleToGoBackToHomePage
[ForkJoinPool-8-worker-7] INFO org.fugazi.tests.ProductDetailTest - Test teardown completed
[ForkJoinPool-8-worker-7] INFO org.fugazi.listeners.AllureTestListener - ? Test PASSED: ProductDetailTest.shouldShowCorrectPriceFormat
[ForkJoinPool-8-worker-6] INFO org.fugazi.tests.ProductDetailTest - Test teardown completed
[ForkJoinPool-8-worker-6] INFO org.fugazi.listeners.AllureTestListener - ? Test PASSED: ProductDetailTest.shouldDisplayAddToCartButton
[ForkJoinPool-8-worker-5] INFO org.fugazi.tests.ProductDetailTest - Test teardown completed
[ForkJoinPool-8-worker-5] INFO org.fugazi.listeners.AllureTestListener - ? Test PASSED: ProductDetailTest.shouldDisplayProductDescriptionIfAvailable
[ForkJoinPool-8-worker-4] INFO org.fugazi.tests.ProductDetailTest - Test teardown completed
[ForkJoinPool-8-worker-4] INFO org.fugazi.listeners.AllureTestListener - ? Test PASSED: ProductDetailTest.shouldShowStockStatus
[ForkJoinPool-8-worker-2] INFO org.fugazi.tests.ProductDetailTest - Test teardown completed
[ForkJoinPool-8-worker-2] INFO org.fugazi.listeners.AllureTestListener - ? Test PASSED: ProductDetailTest.shouldDisplayProductDetails
[ForkJoinPool-8-worker-3] INFO org.fugazi.tests.ProductDetailTest - Test teardown completed
[ForkJoinPool-8-worker-3] INFO org.fugazi.listeners.AllureTestListener - ? Test PASSED: ProductDetailTest.shouldDisplayProductImage
[ForkJoinPool-8-worker-8] INFO org.fugazi.tests.ProductDetailTest - Test teardown completed
[ForkJoinPool-8-worker-8] INFO org.fugazi.listeners.AllureTestListener - ? Test PASSED: ProductDetailTest.shouldNavigateBetweenDifferentProducts
[INFO] Tests run: 8, Failures: 0, Errors: 0, Skipped: 0, Time elapsed: 21.12 s -- in org.fugazi.tests.ProductDetailTest
[INFO] Running org.fugazi.tests.ResponsiveDesignTest
[ForkJoinPool-9-worker-6] INFO org.fugazi.tests.ResponsiveDesignTest - === Setting up test ===
[ForkJoinPool-9-worker-4] INFO org.fugazi.tests.ResponsiveDesignTest - === Setting up test ===
[ForkJoinPool-9-worker-3] INFO org.fugazi.tests.ResponsiveDesignTest - === Setting up test ===
[ForkJoinPool-9-worker-4] INFO org.fugazi.factory.WebDriverFactory - Creating CHROME driver (headless: true)
[ForkJoinPool-9-worker-3] INFO org.fugazi.factory.WebDriverFactory - Creating CHROME driver (headless: true)
[ForkJoinPool-9-worker-2] INFO org.fugazi.tests.ResponsiveDesignTest - === Setting up test ===
[ForkJoinPool-9-worker-5] INFO org.fugazi.tests.ResponsiveDesignTest - === Setting up test ===
[ForkJoinPool-9-worker-2] INFO org.fugazi.factory.WebDriverFactory - Creating CHROME driver (headless: true)
[ForkJoinPool-9-worker-6] INFO org.fugazi.factory.WebDriverFactory - Creating CHROME driver (headless: true)
[ForkJoinPool-9-worker-5] INFO org.fugazi.factory.WebDriverFactory - Creating CHROME driver (headless: true)
[ForkJoinPool-9-worker-1] INFO org.fugazi.tests.ResponsiveDesignTest - === Setting up test ===
[ForkJoinPool-9-worker-1] INFO org.fugazi.factory.WebDriverFactory - Creating CHROME driver (headless: true)
[ForkJoinPool-9-worker-9] INFO org.fugazi.tests.ResponsiveDesignTest - === Setting up test ===
[ForkJoinPool-9-worker-8] INFO org.fugazi.tests.ResponsiveDesignTest - === Setting up test ===
[ForkJoinPool-9-worker-9] INFO org.fugazi.factory.WebDriverFactory - Creating CHROME driver (headless: true)
[ForkJoinPool-9-worker-8] INFO org.fugazi.factory.WebDriverFactory - Creating CHROME driver (headless: true)
[ForkJoinPool-9-worker-7] INFO org.fugazi.tests.ResponsiveDesignTest - === Setting up test ===
[ForkJoinPool-9-worker-7] INFO org.fugazi.factory.WebDriverFactory - Creating CHROME driver (headless: true)
[ForkJoinPool-6-worker-11] INFO org.fugazi.pages.ProductsPage - Found 16 products in grid
[ForkJoinPool-6-worker-11] INFO org.fugazi.pages.ProductsPage - Found 16 products in grid
[ForkJoinPool-6-worker-11] INFO org.fugazi.tests.ProductListingTest - Found 16 products in grid
[ForkJoinPool-6-worker-11] INFO org.fugazi.tests.ProductListingTest - === Tearing down test ===
[ForkJoinPool-6-worker-7] INFO org.fugazi.pages.ProductsPage - Searching for products: xyznonexistent12345
ene 26, 2026 10:59:54 A. M. org.openqa.selenium.devtools.CdpVersionFinder findNearestMatch
ADVERTENCIA: Unable to find CDP implementation matching 144
ene 26, 2026 10:59:54 A. M. org.openqa.selenium.chromium.ChromiumDriver lambda$new$5
ADVERTENCIA: Unable to find version of CDP to use for 144.0.7559.96. You may need to include a dependency on a specific version of the CDP using something similar to `org.seleniumhq.selenium:selenium-devtools-v86:4.27.0` where the version ("v86") matches the version of the chromium-based browser you're using and the version number of the artifact is the same as Selenium's.
[ForkJoinPool-6-worker-8] INFO org.fugazi.pages.ProductsPage - Filtering by category: Accessories
[ForkJoinPool-6-worker-3] INFO org.fugazi.pages.ProductsPage - Filtering by category: Photography
[ForkJoinPool-6-worker-6] INFO org.fugazi.pages.ProductsPage - Searching for products: music
[ForkJoinPool-6-worker-20] INFO org.fugazi.pages.ProductsPage - Found 16 products in grid
[ForkJoinPool-6-worker-20] INFO org.fugazi.pages.ProductsPage - Filtering by category: Electronics
[ForkJoinPool-6-worker-18] INFO org.fugazi.pages.ProductsPage - Sorting products by: price-asc
[ForkJoinPool-6-worker-13] INFO org.fugazi.pages.ProductsPage - Applying filters - category: Electronics, sort: price-asc, page: null
[ForkJoinPool-6-worker-2] INFO org.fugazi.pages.ProductsPage - Sorting products by: price-desc
[ForkJoinPool-6-worker-4] INFO org.fugazi.pages.ProductsPage - Sorting products by: name-asc
[ForkJoinPool-6-worker-12] INFO org.fugazi.pages.ProductsPage - Found 16 products in grid
[ForkJoinPool-6-worker-17] INFO org.fugazi.pages.ProductsPage - Found 16 products in grid
[ForkJoinPool-6-worker-10] INFO org.fugazi.pages.ProductsPage - Sorting products by: name-desc
[ForkJoinPool-6-worker-17] INFO org.fugazi.pages.ProductsPage - Clicking product at index: 1
[ForkJoinPool-6-worker-9] INFO org.fugazi.pages.ProductsPage - Resetting all filters
[ForkJoinPool-6-worker-5] INFO org.fugazi.pages.ProductsPage - Found 5 products in grid
ene 26, 2026 10:59:55 A. M. org.openqa.selenium.devtools.CdpVersionFinder findNearestMatch
ADVERTENCIA: Unable to find CDP implementation matching 144
ene 26, 2026 10:59:55 A. M. org.openqa.selenium.chromium.ChromiumDriver lambda$new$5
ADVERTENCIA: Unable to find version of CDP to use for 144.0.7559.96. You may need to include a dependency on a specific version of the CDP using something similar to `org.seleniumhq.selenium:selenium-devtools-v86:4.27.0` where the version ("v86") matches the version of the chromium-based browser you're using and the version number of the artifact is the same as Selenium's.
ene 26, 2026 10:59:55 A. M. org.openqa.selenium.devtools.CdpVersionFinder findNearestMatch
ADVERTENCIA: Unable to find CDP implementation matching 144
ene 26, 2026 10:59:55 A. M. org.openqa.selenium.chromium.ChromiumDriver lambda$new$5
ADVERTENCIA: Unable to find version of CDP to use for 144.0.7559.96. You may need to include a dependency on a specific version of the CDP using something similar to `org.seleniumhq.selenium:selenium-devtools-v86:4.27.0` where the version ("v86") matches the version of the chromium-based browser you're using and the version number of the artifact is the same as Selenium's.
[ForkJoinPool-6-worker-16] INFO org.fugazi.pages.ProductsPage - Found 5 products in grid
[ForkJoinPool-6-worker-16] INFO org.fugazi.pages.ProductsPage - Clearing category filter
ene 26, 2026 10:59:55 A. M. org.openqa.selenium.devtools.CdpVersionFinder findNearestMatch
ADVERTENCIA: Unable to find CDP implementation matching 144
ene 26, 2026 10:59:55 A. M. org.openqa.selenium.chromium.ChromiumDriver lambda$new$5
ADVERTENCIA: Unable to find version of CDP to use for 144.0.7559.96. You may need to include a dependency on a specific version of the CDP using something similar to `org.seleniumhq.selenium:selenium-devtools-v86:4.27.0` where the version ("v86") matches the version of the chromium-based browser you're using and the version number of the artifact is the same as Selenium's.
ene 26, 2026 10:59:55 A. M. org.openqa.selenium.devtools.CdpVersionFinder findNearestMatch
ADVERTENCIA: Unable to find CDP implementation matching 144
ene 26, 2026 10:59:55 A. M. org.openqa.selenium.chromium.ChromiumDriver lambda$new$5
ADVERTENCIA: Unable to find version of CDP to use for 144.0.7559.96. You may need to include a dependency on a specific version of the CDP using something similar to `org.seleniumhq.selenium:selenium-devtools-v86:4.27.0` where the version ("v86") matches the version of the chromium-based browser you're using and the version number of the artifact is the same as Selenium's.
[ForkJoinPool-6-worker-1] INFO org.fugazi.pages.ProductsPage - Found 16 products in grid
[ForkJoinPool-6-worker-1] INFO org.fugazi.tests.ProductListingTest - Products page loaded successfully
[ForkJoinPool-6-worker-1] INFO org.fugazi.tests.ProductListingTest - === Tearing down test ===
[ForkJoinPool-6-worker-17] INFO org.fugazi.tests.ProductListingTest - Navigated from index 1 - URL: https://music-tech-shop.vercel.app/products/5
[ForkJoinPool-6-worker-17] INFO org.fugazi.tests.ProductListingTest - === Tearing down test ===
[ForkJoinPool-6-worker-14] INFO org.fugazi.tests.ProductListingTest - Found 16 product prices
[ForkJoinPool-6-worker-14] INFO org.fugazi.tests.ProductListingTest - === Tearing down test ===
ene 26, 2026 10:59:56 A. M. org.openqa.selenium.devtools.CdpVersionFinder findNearestMatch
ADVERTENCIA: Unable to find CDP implementation matching 144
ene 26, 2026 10:59:56 A. M. org.openqa.selenium.chromium.ChromiumDriver lambda$new$5
ADVERTENCIA: Unable to find version of CDP to use for 144.0.7559.96. You may need to include a dependency on a specific version of the CDP using something similar to `org.seleniumhq.selenium:selenium-devtools-v86:4.27.0` where the version ("v86") matches the version of the chromium-based browser you're using and the version number of the artifact is the same as Selenium's.
ene 26, 2026 10:59:56 A. M. org.openqa.selenium.devtools.CdpVersionFinder findNearestMatch
ADVERTENCIA: Unable to find CDP implementation matching 144
ene 26, 2026 10:59:56 A. M. org.openqa.selenium.chromium.ChromiumDriver lambda$new$5
ADVERTENCIA: Unable to find version of CDP to use for 144.0.7559.96. You may need to include a dependency on a specific version of the CDP using something similar to `org.seleniumhq.selenium:selenium-devtools-v86:4.27.0` where the version ("v86") matches the version of the chromium-based browser you're using and the version number of the artifact is the same as Selenium's.
ene 26, 2026 10:59:56 A. M. org.openqa.selenium.devtools.CdpVersionFinder findNearestMatch
ADVERTENCIA: Unable to find CDP implementation matching 144
ene 26, 2026 10:59:56 A. M. org.openqa.selenium.chromium.ChromiumDriver lambda$new$5
ADVERTENCIA: Unable to find version of CDP to use for 144.0.7559.96. You may need to include a dependency on a specific version of the CDP using something similar to `org.seleniumhq.selenium:selenium-devtools-v86:4.27.0` where the version ("v86") matches the version of the chromium-based browser you're using and the version number of the artifact is the same as Selenium's.
[ForkJoinPool-6-worker-12] INFO org.fugazi.pages.ProductsPage - Clicking product at index: 0
[ForkJoinPool-6-worker-15] INFO org.fugazi.tests.ProductListingTest - Found 16 product titles
[ForkJoinPool-6-worker-15] INFO org.fugazi.tests.ProductListingTest - === Tearing down test ===
ene 26, 2026 10:59:57 A. M. org.openqa.selenium.devtools.CdpVersionFinder findNearestMatch
ADVERTENCIA: Unable to find CDP implementation matching 144
ene 26, 2026 10:59:57 A. M. org.openqa.selenium.chromium.ChromiumDriver lambda$new$5
ADVERTENCIA: Unable to find version of CDP to use for 144.0.7559.96. You may need to include a dependency on a specific version of the CDP using something similar to `org.seleniumhq.selenium:selenium-devtools-v86:4.27.0` where the version ("v86") matches the version of the chromium-based browser you're using and the version number of the artifact is the same as Selenium's.
[ForkJoinPool-6-worker-12] INFO org.fugazi.tests.ProductListingTest - Navigated from listing to product detail: 128GB UHS-II SD Card
[ForkJoinPool-6-worker-12] INFO org.fugazi.tests.ProductListingTest - === Tearing down test ===
[ForkJoinPool-9-worker-7] INFO org.fugazi.tests.ResponsiveDesignTest - Successfully navigated to base URL
[ForkJoinPool-9-worker-7] INFO org.fugazi.tests.ResponsiveDesignTest - Test setup completed - Browser: CHROME, URL: https://music-tech-shop.vercel.app
[ForkJoinPool-9-worker-2] INFO org.fugazi.tests.ResponsiveDesignTest - Successfully navigated to base URL
[ForkJoinPool-9-worker-2] INFO org.fugazi.tests.ResponsiveDesignTest - Test setup completed - Browser: CHROME, URL: https://music-tech-shop.vercel.app
[ForkJoinPool-9-worker-5] INFO org.fugazi.tests.ResponsiveDesignTest - Successfully navigated to base URL
[ForkJoinPool-9-worker-5] INFO org.fugazi.tests.ResponsiveDesignTest - Test setup completed - Browser: CHROME, URL: https://music-tech-shop.vercel.app
[ForkJoinPool-9-worker-3] INFO org.fugazi.tests.ResponsiveDesignTest - Successfully navigated to base URL
[ForkJoinPool-9-worker-3] INFO org.fugazi.tests.ResponsiveDesignTest - Test setup completed - Browser: CHROME, URL: https://music-tech-shop.vercel.app
[ForkJoinPool-9-worker-6] INFO org.fugazi.tests.ResponsiveDesignTest - Successfully navigated to base URL
[ForkJoinPool-9-worker-6] INFO org.fugazi.tests.ResponsiveDesignTest - Test setup completed - Browser: CHROME, URL: https://music-tech-shop.vercel.app
[ForkJoinPool-9-worker-4] INFO org.fugazi.tests.ResponsiveDesignTest - Successfully navigated to base URL
[ForkJoinPool-9-worker-4] INFO org.fugazi.tests.ResponsiveDesignTest - Test setup completed - Browser: CHROME, URL: https://music-tech-shop.vercel.app
[ForkJoinPool-9-worker-1] INFO org.fugazi.tests.ResponsiveDesignTest - Successfully navigated to base URL
[ForkJoinPool-9-worker-1] INFO org.fugazi.tests.ResponsiveDesignTest - Test setup completed - Browser: CHROME, URL: https://music-tech-shop.vercel.app
[ForkJoinPool-9-worker-9] INFO org.fugazi.tests.ResponsiveDesignTest - Successfully navigated to base URL
[ForkJoinPool-9-worker-9] INFO org.fugazi.tests.ResponsiveDesignTest - Test setup completed - Browser: CHROME, URL: https://music-tech-shop.vercel.app
[ForkJoinPool-9-worker-8] INFO org.fugazi.tests.ResponsiveDesignTest - Successfully navigated to base URL
[ForkJoinPool-9-worker-8] INFO org.fugazi.tests.ResponsiveDesignTest - Test setup completed - Browser: CHROME, URL: https://music-tech-shop.vercel.app
[ForkJoinPool-6-worker-13] INFO org.fugazi.tests.ProductListingTest - Combined filters applied - Category: Electronics, Sort: price-asc
[ForkJoinPool-9-worker-5] INFO org.fugazi.tests.ResponsiveDesignTest - Tablet viewport rendered correctly
[ForkJoinPool-6-worker-13] INFO org.fugazi.tests.ProductListingTest - === Tearing down test ===
[ForkJoinPool-9-worker-5] INFO org.fugazi.tests.ResponsiveDesignTest - === Tearing down test ===
[ForkJoinPool-6-worker-9] INFO org.fugazi.tests.ProductListingTest - All filters reset successfully
[ForkJoinPool-6-worker-9] INFO org.fugazi.tests.ProductListingTest - === Tearing down test ===
[ForkJoinPool-6-worker-5] INFO org.fugazi.pages.ProductsPage - Found 5 products in grid
[ForkJoinPool-9-worker-7] INFO org.fugazi.tests.ResponsiveDesignTest - Desktop viewport rendered correctly
[ForkJoinPool-9-worker-7] INFO org.fugazi.tests.ResponsiveDesignTest - === Tearing down test ===
[ForkJoinPool-6-worker-5] INFO org.fugazi.tests.ProductListingTest - Filters preserved after refresh - Count: 5
[ForkJoinPool-6-worker-5] INFO org.fugazi.tests.ProductListingTest - === Tearing down test ===
[ForkJoinPool-9-worker-2] INFO org.fugazi.tests.ResponsiveDesignTest - Viewport resize handled correctly
[ForkJoinPool-9-worker-2] INFO org.fugazi.tests.ResponsiveDesignTest - === Tearing down test ===
[ForkJoinPool-6-worker-8] INFO org.fugazi.pages.ProductsPage - Found 6 products in grid
[ForkJoinPool-6-worker-8] INFO org.fugazi.tests.ProductListingTest - Filtered by Accessories - Product count: 6
[ForkJoinPool-9-worker-4] INFO org.fugazi.tests.ResponsiveDesignTest - Desktop to mobile resize handled correctly
[ForkJoinPool-6-worker-8] INFO org.fugazi.tests.ProductListingTest - === Tearing down test ===
[ForkJoinPool-9-worker-4] INFO org.fugazi.tests.ResponsiveDesignTest - === Tearing down test ===
[ForkJoinPool-6-worker-3] INFO org.fugazi.pages.ProductsPage - Found 4 products in grid
[ForkJoinPool-6-worker-3] INFO org.fugazi.tests.ProductListingTest - Filtered by Photography - Product count: 4
[ForkJoinPool-6-worker-3] INFO org.fugazi.tests.ProductListingTest - === Tearing down test ===
[ForkJoinPool-9-worker-3] INFO org.fugazi.tests.ResponsiveDesignTest - Visible nav links on mobile: 5
[ForkJoinPool-9-worker-6] INFO org.fugazi.tests.ResponsiveDesignTest - Mobile viewport rendered correctly
[ForkJoinPool-9-worker-6] INFO org.fugazi.tests.ResponsiveDesignTest - === Tearing down test ===
[ForkJoinPool-9-worker-3] INFO org.fugazi.tests.ResponsiveDesignTest - === Tearing down test ===
[ForkJoinPool-6-worker-11] INFO org.fugazi.tests.ProductListingTest - Test teardown completed
[ForkJoinPool-6-worker-11] INFO org.fugazi.listeners.AllureTestListener - ? Test PASSED: ProductListingTest.shouldDisplayProductsInGrid
[ForkJoinPool-6-worker-15] INFO org.fugazi.tests.ProductListingTest - Test teardown completed
[ForkJoinPool-6-worker-15] INFO org.fugazi.listeners.AllureTestListener - ? Test PASSED: ProductListingTest.shouldDisplayProductTitles
[ForkJoinPool-6-worker-17] INFO org.fugazi.tests.ProductListingTest - Test teardown completed
[ForkJoinPool-6-worker-17] INFO org.fugazi.listeners.AllureTestListener - ? Test PASSED: ProductListingTest.shouldNavigateToProductDetailByIndex
[ForkJoinPool-6-worker-1] INFO org.fugazi.tests.ProductListingTest - Test teardown completed
[ForkJoinPool-6-worker-1] INFO org.fugazi.listeners.AllureTestListener - ? Test PASSED: ProductListingTest.shouldLoadProductsPageSuccessfully
[ForkJoinPool-6-worker-14] INFO org.fugazi.tests.ProductListingTest - Test teardown completed
[ForkJoinPool-6-worker-14] INFO org.fugazi.listeners.AllureTestListener - ? Test PASSED: ProductListingTest.shouldDisplayProductPrices
[ForkJoinPool-6-worker-12] INFO org.fugazi.tests.ProductListingTest - Test teardown completed
[ForkJoinPool-6-worker-12] INFO org.fugazi.listeners.AllureTestListener - ? Test PASSED: ProductListingTest.shouldNavigateToProductDetailFromListing
[ForkJoinPool-9-worker-1] INFO org.fugazi.pages.ProductsPage - Found 16 products in grid
[ForkJoinPool-9-worker-1] INFO org.fugazi.tests.ResponsiveDesignTest - Product grid displayed correctly on desktop (1280x800)
[ForkJoinPool-9-worker-1] INFO org.fugazi.tests.ResponsiveDesignTest - === Tearing down test ===
[ForkJoinPool-9-worker-9] INFO org.fugazi.pages.ProductsPage - Found 16 products in grid
[ForkJoinPool-9-worker-9] INFO org.fugazi.tests.ResponsiveDesignTest - Product grid displayed correctly on tablet (768x1024)
[ForkJoinPool-9-worker-9] INFO org.fugazi.tests.ResponsiveDesignTest - === Tearing down test ===
[ForkJoinPool-9-worker-2] INFO org.fugazi.tests.ResponsiveDesignTest - Test teardown completed
[ForkJoinPool-9-worker-2] INFO org.fugazi.listeners.AllureTestListener - ? Test PASSED: ResponsiveDesignTest.shouldHandleViewportResizeFromMobileToDesktop
[ForkJoinPool-9-worker-8] INFO org.fugazi.pages.ProductsPage - Found 16 products in grid
[ForkJoinPool-9-worker-8] INFO org.fugazi.tests.ResponsiveDesignTest - Product grid displayed correctly on mobile (375x667)
[ForkJoinPool-9-worker-8] INFO org.fugazi.tests.ResponsiveDesignTest - === Tearing down test ===
[ForkJoinPool-9-worker-4] INFO org.fugazi.tests.ResponsiveDesignTest - Test teardown completed
[ForkJoinPool-9-worker-5] INFO org.fugazi.tests.ResponsiveDesignTest - Test teardown completed
[ForkJoinPool-9-worker-4] INFO org.fugazi.listeners.AllureTestListener - ? Test PASSED: ResponsiveDesignTest.shouldHandleViewportResizeFromDesktopToMobile
[ForkJoinPool-9-worker-5] INFO org.fugazi.listeners.AllureTestListener - ? Test PASSED: ResponsiveDesignTest.shouldRenderCorrectlyOnTabletViewport
[ForkJoinPool-6-worker-16] INFO org.fugazi.pages.ProductsPage - Found 16 products in grid
[ForkJoinPool-6-worker-16] INFO org.fugazi.tests.ProductListingTest - Cleared filter - Filtered: 5, All products: 16
[ForkJoinPool-6-worker-16] INFO org.fugazi.tests.ProductListingTest - === Tearing down test ===
[ForkJoinPool-9-worker-6] INFO org.fugazi.tests.ResponsiveDesignTest - Test teardown completed
[ForkJoinPool-9-worker-6] INFO org.fugazi.listeners.AllureTestListener - ? Test PASSED: ResponsiveDesignTest.shouldRenderCorrectlyOnMobileViewport
[ForkJoinPool-9-worker-7] INFO org.fugazi.tests.ResponsiveDesignTest - Test teardown completed
[ForkJoinPool-9-worker-7] INFO org.fugazi.listeners.AllureTestListener - ? Test PASSED: ResponsiveDesignTest.shouldRenderCorrectlyOnDesktopViewport
[ForkJoinPool-9-worker-8] INFO org.fugazi.tests.ResponsiveDesignTest - Test teardown completed
[ForkJoinPool-9-worker-8] INFO org.fugazi.listeners.AllureTestListener - ? Test PASSED: ResponsiveDesignTest.shouldDisplayProductGridResponsively
[ForkJoinPool-9-worker-3] INFO org.fugazi.tests.ResponsiveDesignTest - Test teardown completed
[ForkJoinPool-9-worker-3] INFO org.fugazi.listeners.AllureTestListener - ? Test PASSED: ResponsiveDesignTest.shouldHideDesktopNavigationOnMobile
[ForkJoinPool-6-worker-8] INFO org.fugazi.tests.ProductListingTest - Test teardown completed
[ForkJoinPool-6-worker-8] INFO org.fugazi.listeners.AllureTestListener - ? Test PASSED: ProductListingTest.shouldFilterProductsByAccessoriesCategory
[ForkJoinPool-6-worker-9] INFO org.fugazi.tests.ProductListingTest - Test teardown completed
[ForkJoinPool-6-worker-9] INFO org.fugazi.listeners.AllureTestListener - ? Test PASSED: ProductListingTest.shouldResetAllFilters
[ForkJoinPool-9-worker-9] INFO org.fugazi.tests.ResponsiveDesignTest - Test teardown completed
[ForkJoinPool-9-worker-9] INFO org.fugazi.listeners.AllureTestListener - ? Test PASSED: ResponsiveDesignTest.shouldDisplayProductGridResponsively
[ForkJoinPool-6-worker-13] INFO org.fugazi.tests.ProductListingTest - Test teardown completed
[ForkJoinPool-6-worker-13] INFO org.fugazi.listeners.AllureTestListener - ? Test PASSED: ProductListingTest.shouldCombineCategoryFilterWithSorting
[ForkJoinPool-6-worker-5] INFO org.fugazi.tests.ProductListingTest - Test teardown completed
[ForkJoinPool-6-worker-5] INFO org.fugazi.listeners.AllureTestListener - ? Test PASSED: ProductListingTest.shouldPreserveFiltersAfterPageRefresh
[ForkJoinPool-9-worker-1] INFO org.fugazi.tests.ResponsiveDesignTest - Test teardown completed
[ForkJoinPool-9-worker-1] INFO org.fugazi.listeners.AllureTestListener - ? Test PASSED: ResponsiveDesignTest.shouldDisplayProductGridResponsively
[ForkJoinPool-6-worker-3] INFO org.fugazi.tests.ProductListingTest - Test teardown completed
[ForkJoinPool-6-worker-3] INFO org.fugazi.listeners.AllureTestListener - ? Test PASSED: ProductListingTest.shouldFilterProductsByPhotographyCategory
[INFO] Tests run: 9, Failures: 0, Errors: 0, Skipped: 0, Time elapsed: 13.58 s -- in org.fugazi.tests.ResponsiveDesignTest
[INFO] Running org.fugazi.tests.SearchExtendedTest
[ForkJoinPool-10-worker-1] INFO org.fugazi.tests.SearchExtendedTest - === Setting up test ===
[ForkJoinPool-10-worker-4] INFO org.fugazi.tests.SearchExtendedTest - === Setting up test ===
[ForkJoinPool-10-worker-4] INFO org.fugazi.factory.WebDriverFactory - Creating CHROME driver (headless: true)
[ForkJoinPool-10-worker-5] INFO org.fugazi.tests.SearchExtendedTest - === Setting up test ===
[ForkJoinPool-10-worker-2] INFO org.fugazi.tests.SearchExtendedTest - === Setting up test ===
[ForkJoinPool-10-worker-5] INFO org.fugazi.factory.WebDriverFactory - Creating CHROME driver (headless: true)
[ForkJoinPool-10-worker-2] INFO org.fugazi.factory.WebDriverFactory - Creating CHROME driver (headless: true)
[ForkJoinPool-10-worker-1] INFO org.fugazi.factory.WebDriverFactory - Creating CHROME driver (headless: true)
[ForkJoinPool-10-worker-7] INFO org.fugazi.tests.SearchExtendedTest - === Setting up test ===
[ForkJoinPool-10-worker-7] INFO org.fugazi.factory.WebDriverFactory - Creating CHROME driver (headless: true)
[ForkJoinPool-10-worker-6] INFO org.fugazi.tests.SearchExtendedTest - === Setting up test ===
[ForkJoinPool-10-worker-6] INFO org.fugazi.factory.WebDriverFactory - Creating CHROME driver (headless: true)
[ForkJoinPool-10-worker-8] INFO org.fugazi.tests.SearchExtendedTest - === Setting up test ===
[ForkJoinPool-10-worker-8] INFO org.fugazi.factory.WebDriverFactory - Creating CHROME driver (headless: true)
[ForkJoinPool-6-worker-16] INFO org.fugazi.tests.ProductListingTest - Test teardown completed
[ForkJoinPool-6-worker-16] INFO org.fugazi.listeners.AllureTestListener - ? Test PASSED: ProductListingTest.shouldClearCategoryFilterAndShowAllProducts
[ForkJoinPool-10-worker-3] INFO org.fugazi.tests.SearchExtendedTest - === Setting up test ===
[ForkJoinPool-10-worker-3] INFO org.fugazi.factory.WebDriverFactory - Creating CHROME driver (headless: true)
ene 26, 2026 11:00:05 A. M. org.openqa.selenium.devtools.CdpVersionFinder findNearestMatch
ADVERTENCIA: Unable to find CDP implementation matching 144
ene 26, 2026 11:00:05 A. M. org.openqa.selenium.chromium.ChromiumDriver lambda$new$5
ADVERTENCIA: Unable to find version of CDP to use for 144.0.7559.96. You may need to include a dependency on a specific version of the CDP using something similar to `org.seleniumhq.selenium:selenium-devtools-v86:4.27.0` where the version ("v86") matches the version of the chromium-based browser you're using and the version number of the artifact is the same as Selenium's.
ene 26, 2026 11:00:05 A. M. org.openqa.selenium.devtools.CdpVersionFinder findNearestMatch
ADVERTENCIA: Unable to find CDP implementation matching 144
ene 26, 2026 11:00:05 A. M. org.openqa.selenium.chromium.ChromiumDriver lambda$new$5
ADVERTENCIA: Unable to find version of CDP to use for 144.0.7559.96. You may need to include a dependency on a specific version of the CDP using something similar to `org.seleniumhq.selenium:selenium-devtools-v86:4.27.0` where the version ("v86") matches the version of the chromium-based browser you're using and the version number of the artifact is the same as Selenium's.
ene 26, 2026 11:00:06 A. M. org.openqa.selenium.devtools.CdpVersionFinder findNearestMatch
ADVERTENCIA: Unable to find CDP implementation matching 144
ene 26, 2026 11:00:06 A. M. org.openqa.selenium.chromium.ChromiumDriver lambda$new$5
ADVERTENCIA: Unable to find version of CDP to use for 144.0.7559.96. You may need to include a dependency on a specific version of the CDP using something similar to `org.seleniumhq.selenium:selenium-devtools-v86:4.27.0` where the version ("v86") matches the version of the chromium-based browser you're using and the version number of the artifact is the same as Selenium's.
ene 26, 2026 11:00:06 A. M. org.openqa.selenium.devtools.CdpVersionFinder findNearestMatch
ADVERTENCIA: Unable to find CDP implementation matching 144
ene 26, 2026 11:00:06 A. M. org.openqa.selenium.chromium.ChromiumDriver lambda$new$5
ADVERTENCIA: Unable to find version of CDP to use for 144.0.7559.96. You may need to include a dependency on a specific version of the CDP using something similar to `org.seleniumhq.selenium:selenium-devtools-v86:4.27.0` where the version ("v86") matches the version of the chromium-based browser you're using and the version number of the artifact is the same as Selenium's.
ene 26, 2026 11:00:06 A. M. org.openqa.selenium.devtools.CdpVersionFinder findNearestMatch
ADVERTENCIA: Unable to find CDP implementation matching 144
ene 26, 2026 11:00:06 A. M. org.openqa.selenium.chromium.ChromiumDriver lambda$new$5
ADVERTENCIA: Unable to find version of CDP to use for 144.0.7559.96. You may need to include a dependency on a specific version of the CDP using something similar to `org.seleniumhq.selenium:selenium-devtools-v86:4.27.0` where the version ("v86") matches the version of the chromium-based browser you're using and the version number of the artifact is the same as Selenium's.
ene 26, 2026 11:00:06 A. M. org.openqa.selenium.devtools.CdpVersionFinder findNearestMatch
ADVERTENCIA: Unable to find CDP implementation matching 144
ene 26, 2026 11:00:06 A. M. org.openqa.selenium.chromium.ChromiumDriver lambda$new$5
ADVERTENCIA: Unable to find version of CDP to use for 144.0.7559.96. You may need to include a dependency on a specific version of the CDP using something similar to `org.seleniumhq.selenium:selenium-devtools-v86:4.27.0` where the version ("v86") matches the version of the chromium-based browser you're using and the version number of the artifact is the same as Selenium's.
ene 26, 2026 11:00:06 A. M. org.openqa.selenium.devtools.CdpVersionFinder findNearestMatch
ADVERTENCIA: Unable to find CDP implementation matching 144
ene 26, 2026 11:00:06 A. M. org.openqa.selenium.chromium.ChromiumDriver lambda$new$5
ADVERTENCIA: Unable to find version of CDP to use for 144.0.7559.96. You may need to include a dependency on a specific version of the CDP using something similar to `org.seleniumhq.selenium:selenium-devtools-v86:4.27.0` where the version ("v86") matches the version of the chromium-based browser you're using and the version number of the artifact is the same as Selenium's.
ene 26, 2026 11:00:06 A. M. org.openqa.selenium.devtools.CdpVersionFinder findNearestMatch
ADVERTENCIA: Unable to find CDP implementation matching 144
ene 26, 2026 11:00:06 A. M. org.openqa.selenium.chromium.ChromiumDriver lambda$new$5
ADVERTENCIA: Unable to find version of CDP to use for 144.0.7559.96. You may need to include a dependency on a specific version of the CDP using something similar to `org.seleniumhq.selenium:selenium-devtools-v86:4.27.0` where the version ("v86") matches the version of the chromium-based browser you're using and the version number of the artifact is the same as Selenium's.
[ForkJoinPool-10-worker-3] INFO org.fugazi.tests.SearchExtendedTest - Successfully navigated to base URL
[ForkJoinPool-10-worker-3] INFO org.fugazi.tests.SearchExtendedTest - Test setup completed - Browser: CHROME, URL: https://music-tech-shop.vercel.app
[ForkJoinPool-10-worker-3] INFO org.fugazi.pages.components.HeaderComponent - Searching for: '"<>%$#@
[ForkJoinPool-10-worker-5] INFO org.fugazi.tests.SearchExtendedTest - Successfully navigated to base URL
[ForkJoinPool-10-worker-5] INFO org.fugazi.tests.SearchExtendedTest - Test setup completed - Browser: CHROME, URL: https://music-tech-shop.vercel.app
[ForkJoinPool-10-worker-5] INFO org.fugazi.pages.components.HeaderComponent - Searching for: synthesizer
[ForkJoinPool-10-worker-4] INFO org.fugazi.tests.SearchExtendedTest - Successfully navigated to base URL
[ForkJoinPool-10-worker-4] INFO org.fugazi.tests.SearchExtendedTest - Test setup completed - Browser: CHROME, URL: https://music-tech-shop.vercel.app
[ForkJoinPool-10-worker-4] INFO org.fugazi.pages.components.HeaderComponent - Searching for: music  synthesizer
[ForkJoinPool-10-worker-1] INFO org.fugazi.tests.SearchExtendedTest - Successfully navigated to base URL
[ForkJoinPool-10-worker-6] INFO org.fugazi.tests.SearchExtendedTest - Successfully navigated to base URL
[ForkJoinPool-10-worker-1] INFO org.fugazi.tests.SearchExtendedTest - Test setup completed - Browser: CHROME, URL: https://music-tech-shop.vercel.app
[ForkJoinPool-10-worker-6] INFO org.fugazi.tests.SearchExtendedTest - Test setup completed - Browser: CHROME, URL: https://music-tech-shop.vercel.app
[ForkJoinPool-10-worker-6] INFO org.fugazi.pages.components.HeaderComponent - Searching for: <script>alert('xss')</script>
[ForkJoinPool-10-worker-1] INFO org.fugazi.pages.components.HeaderComponent - Searching for:   synthesizer  
[ForkJoinPool-10-worker-8] INFO org.fugazi.tests.SearchExtendedTest - Successfully navigated to base URL
[ForkJoinPool-10-worker-8] INFO org.fugazi.tests.SearchExtendedTest - Test setup completed - Browser: CHROME, URL: https://music-tech-shop.vercel.app
[ForkJoinPool-10-worker-8] INFO org.fugazi.pages.components.HeaderComponent - Searching for: ' OR '1'='1
[ForkJoinPool-10-worker-7] INFO org.fugazi.tests.SearchExtendedTest - Successfully navigated to base URL
[ForkJoinPool-10-worker-7] INFO org.fugazi.tests.SearchExtendedTest - Test setup completed - Browser: CHROME, URL: https://music-tech-shop.vercel.app
[ForkJoinPool-10-worker-7] INFO org.fugazi.pages.components.HeaderComponent - Searching for: SyNtHeSiZeR
[ForkJoinPool-10-worker-2] INFO org.fugazi.tests.SearchExtendedTest - Successfully navigated to base URL
[ForkJoinPool-10-worker-2] INFO org.fugazi.tests.SearchExtendedTest - Test setup completed - Browser: CHROME, URL: https://music-tech-shop.vercel.app
[ForkJoinPool-10-worker-2] INFO org.fugazi.pages.components.HeaderComponent - Searching for: synthesizer
[ForkJoinPool-6-worker-20] INFO org.fugazi.pages.ProductsPage - Found 5 products in grid
[ForkJoinPool-6-worker-20] INFO org.fugazi.pages.ProductsPage - Found 5 products in grid
[ForkJoinPool-6-worker-20] INFO org.fugazi.tests.ProductListingTest - Filtered by Electronics - Initial: 16, After filter: 5
[ForkJoinPool-6-worker-20] INFO org.fugazi.tests.ProductListingTest - === Tearing down test ===
[ForkJoinPool-6-worker-18] INFO org.fugazi.pages.ProductsPage - Found 16 products in grid
[ForkJoinPool-6-worker-10] INFO org.fugazi.pages.ProductsPage - Found 16 products in grid
[ForkJoinPool-6-worker-2] INFO org.fugazi.pages.ProductsPage - Found 16 products in grid
[ForkJoinPool-6-worker-10] INFO org.fugazi.tests.ProductListingTest - Applied sort=name-desc - Titles: [128GB UHS-II SD Card, 27" 4K UHD Monitor, 4K Mirrorless Camera, 50mm f/1.8 Lens, 7-in-1 USB-C Hub, Adam Audio A7X Studio Monitors (Pair), Apogee Duet 3 Audio Interface, Arturia MicroFreak, Audient ASP800 Mastering Monitor Controller, Audio-Technica AT2020, Behringer DeepMind 12, Behringer TD-3 Bass Synth, Beyerdynamic DT 770 PRO Headphones, Casio CZ-101 Vintage Synthesizer, Dual Monitor Stand, Elektron Digitakt II]
[ForkJoinPool-6-worker-10] INFO org.fugazi.tests.ProductListingTest - === Tearing down test ===
[ForkJoinPool-6-worker-18] INFO org.fugazi.tests.ProductListingTest - Applied sort=price-asc - Prices: [39.99, 449.99, 1299.99, 249.99, 69.99, 1599.99, 649.99, 349.99, 1499.99, 99.99, 899.99, 149.99, 199.99, 899.99, 99.99, 1299.99]
[ForkJoinPool-6-worker-18] INFO org.fugazi.tests.ProductListingTest - === Tearing down test ===
[ForkJoinPool-6-worker-20] INFO org.fugazi.tests.ProductListingTest - Test teardown completed
[ForkJoinPool-6-worker-20] INFO org.fugazi.listeners.AllureTestListener - ? Test PASSED: ProductListingTest.shouldFilterProductsByElectronicsCategory
[ForkJoinPool-6-worker-4] INFO org.fugazi.pages.ProductsPage - Found 16 products in grid
[ForkJoinPool-6-worker-2] INFO org.fugazi.tests.ProductListingTest - Applied sort=price-desc - Prices: [39.99, 449.99, 1299.99, 249.99, 69.99, 1599.99, 649.99, 349.99, 1499.99, 99.99, 899.99, 149.99, 199.99, 899.99, 99.99, 1299.99]
[ForkJoinPool-6-worker-2] INFO org.fugazi.tests.ProductListingTest - === Tearing down test ===
[ForkJoinPool-6-worker-18] INFO org.fugazi.tests.ProductListingTest - Test teardown completed
[ForkJoinPool-6-worker-18] INFO org.fugazi.listeners.AllureTestListener - ? Test PASSED: ProductListingTest.shouldApplySortParameterToUrl
[ForkJoinPool-10-worker-5] INFO org.fugazi.pages.SearchResultsPage - Found 15 results in products grid
[ForkJoinPool-6-worker-4] INFO org.fugazi.tests.ProductListingTest - Applied sort=name-asc - Titles: [128GB UHS-II SD Card, 27" 4K UHD Monitor, 4K Mirrorless Camera, 50mm f/1.8 Lens, 7-in-1 USB-C Hub, Adam Audio A7X Studio Monitors (Pair), Apogee Duet 3 Audio Interface, Arturia MicroFreak, Audient ASP800 Mastering Monitor Controller, Audio-Technica AT2020, Behringer DeepMind 12, Behringer TD-3 Bass Synth, Beyerdynamic DT 770 PRO Headphones, Casio CZ-101 Vintage Synthesizer, Dual Monitor Stand, Elektron Digitakt II]
[ForkJoinPool-10-worker-5] INFO org.fugazi.pages.SearchResultsPage - Found 15 results in products grid
[ForkJoinPool-6-worker-4] INFO org.fugazi.tests.ProductListingTest - === Tearing down test ===
[ForkJoinPool-10-worker-5] INFO org.fugazi.pages.components.HeaderComponent - Searching for: SYNTHESIZER
[ForkJoinPool-6-worker-10] INFO org.fugazi.tests.ProductListingTest - Test teardown completed
[ForkJoinPool-6-worker-10] INFO org.fugazi.listeners.AllureTestListener - ? Test PASSED: ProductListingTest.shouldApplyNameDescendingSortToUrl
[ForkJoinPool-6-worker-2] INFO org.fugazi.tests.ProductListingTest - Test teardown completed
[ForkJoinPool-6-worker-2] INFO org.fugazi.listeners.AllureTestListener - ? Test PASSED: ProductListingTest.shouldApplyPriceDescendingSortToUrl
[ForkJoinPool-6-worker-4] INFO org.fugazi.tests.ProductListingTest - Test teardown completed
[ForkJoinPool-6-worker-4] INFO org.fugazi.listeners.AllureTestListener - ? Test PASSED: ProductListingTest.shouldApplyNameAscendingSortToUrl
[ForkJoinPool-10-worker-2] INFO org.fugazi.pages.SearchResultsPage - Found 15 results in products grid
[ForkJoinPool-10-worker-2] INFO org.fugazi.pages.SearchResultsPage - Found 15 results in products grid
[ForkJoinPool-6-worker-6] INFO org.fugazi.pages.ProductsPage - Found 1 products in grid
[ForkJoinPool-6-worker-6] INFO org.fugazi.tests.ProductListingTest - === Tearing down test ===
[ForkJoinPool-6-worker-6] INFO org.fugazi.tests.ProductListingTest - Test teardown completed
[ForkJoinPool-6-worker-6] INFO org.fugazi.listeners.AllureTestListener - ? Test PASSED: ProductListingTest.shouldSearchProductsOnProductsPage
[ForkJoinPool-10-worker-5] INFO org.fugazi.pages.SearchResultsPage - Found 15 results in products grid
[ForkJoinPool-10-worker-5] INFO org.fugazi.pages.SearchResultsPage - Found 15 results in products grid
[ForkJoinPool-10-worker-7] INFO org.fugazi.pages.SearchResultsPage - Found 15 results in products grid
[ForkJoinPool-10-worker-7] INFO org.fugazi.tests.SearchExtendedTest - Mixed case search completed successfully
[ForkJoinPool-10-worker-7] INFO org.fugazi.tests.SearchExtendedTest - === Tearing down test ===
[ForkJoinPool-10-worker-2] INFO org.fugazi.pages.ProductsPage - Searching for products: synthesizer
[ForkJoinPool-10-worker-7] INFO org.fugazi.tests.SearchExtendedTest - Test teardown completed
[ForkJoinPool-10-worker-7] INFO org.fugazi.listeners.AllureTestListener - ? Test PASSED: SearchExtendedTest.shouldHandleMixedCaseSearchTerms
[ForkJoinPool-10-worker-5] INFO org.fugazi.tests.SearchExtendedTest - Case insensitive search - Lowercase: 15, Uppercase: 15
[ForkJoinPool-10-worker-5] INFO org.fugazi.tests.SearchExtendedTest - === Tearing down test ===
[ForkJoinPool-10-worker-5] INFO org.fugazi.tests.SearchExtendedTest - Test teardown completed
[ForkJoinPool-10-worker-5] INFO org.fugazi.listeners.AllureTestListener - ? Test PASSED: SearchExtendedTest.shouldBeCaseInsensitiveWhenSearching
[ForkJoinPool-6-worker-7] INFO org.fugazi.pages.ProductsPage - Found 0 products in grid
[ForkJoinPool-10-worker-8] INFO org.fugazi.pages.SearchResultsPage - Found 0 results in products grid
[ForkJoinPool-10-worker-3] INFO org.fugazi.pages.SearchResultsPage - Found 0 results in products grid
[ForkJoinPool-10-worker-4] INFO org.fugazi.pages.SearchResultsPage - Found 0 results in products grid
[ForkJoinPool-10-worker-1] INFO org.fugazi.pages.SearchResultsPage - Found 0 results in products grid
[ForkJoinPool-10-worker-1] INFO org.fugazi.tests.SearchExtendedTest - === Tearing down test ===
[ForkJoinPool-10-worker-6] INFO org.fugazi.pages.SearchResultsPage - Found 0 results in products grid
[ForkJoinPool-10-worker-1] INFO org.fugazi.tests.SearchExtendedTest - Test teardown completed
[ForkJoinPool-10-worker-1] ERROR org.fugazi.listeners.AllureTestListener - ? Test FAILED: SearchExtendedTest.shouldTrimLeadingAndTrailingWhitespace - Reason: 
Multiple Failures (1 failure)
-- failure 1 --
[Should trim whitespace and find results] 
Expecting value to be true but was false
at SearchExtendedTest.lambda$shouldTrimLeadingAndTrailingWhitespace$0(SearchExtendedTest.java:109)
[ForkJoinPool-10-worker-1] WARN org.fugazi.listeners.AllureTestListener - Cannot capture screenshot: WebDriver is not available
[ForkJoinPool-10-worker-2] INFO org.fugazi.pages.SearchResultsPage - Found 15 results in products grid
[ForkJoinPool-10-worker-2] INFO org.fugazi.pages.SearchResultsPage - Found 15 results in products grid
[ForkJoinPool-10-worker-2] INFO org.fugazi.tests.SearchExtendedTest - Search consistency - Home: 15, Products: 15
[ForkJoinPool-10-worker-2] INFO org.fugazi.tests.SearchExtendedTest - === Tearing down test ===
[ForkJoinPool-10-worker-2] INFO org.fugazi.tests.SearchExtendedTest - Test teardown completed
[ForkJoinPool-10-worker-2] INFO org.fugazi.listeners.AllureTestListener - ? Test PASSED: SearchExtendedTest.shouldReturnConsistentResultsFromHomeAndProductsPage
[ForkJoinPool-10-worker-8] INFO org.fugazi.pages.SearchResultsPage - Found 0 results in products grid
[ForkJoinPool-10-worker-8] INFO org.fugazi.tests.SearchExtendedTest - SQL injection pattern handled safely
[ForkJoinPool-10-worker-8] INFO org.fugazi.tests.SearchExtendedTest - === Tearing down test ===
[ForkJoinPool-10-worker-8] INFO org.fugazi.tests.SearchExtendedTest - Test teardown completed
[ForkJoinPool-10-worker-8] INFO org.fugazi.listeners.AllureTestListener - ? Test PASSED: SearchExtendedTest.shouldHandleSqlInjectionPatternsSafely
[ForkJoinPool-10-worker-4] INFO org.fugazi.pages.SearchResultsPage - Found 0 results in products grid
[ForkJoinPool-10-worker-4] INFO org.fugazi.tests.SearchExtendedTest - Multiple spaces test completed
[ForkJoinPool-10-worker-4] INFO org.fugazi.tests.SearchExtendedTest - === Tearing down test ===
[ForkJoinPool-10-worker-6] INFO org.fugazi.pages.SearchResultsPage - Found 0 results in products grid
[ForkJoinPool-10-worker-6] INFO org.fugazi.tests.SearchExtendedTest - XSS pattern handled safely
[ForkJoinPool-10-worker-6] INFO org.fugazi.tests.SearchExtendedTest - === Tearing down test ===
[ForkJoinPool-10-worker-4] INFO org.fugazi.tests.SearchExtendedTest - Test teardown completed
[ForkJoinPool-10-worker-4] INFO org.fugazi.listeners.AllureTestListener - ? Test PASSED: SearchExtendedTest.shouldHandleMultipleSpacesBetweenWords
[ForkJoinPool-10-worker-6] INFO org.fugazi.tests.SearchExtendedTest - Test teardown completed
[ForkJoinPool-10-worker-6] INFO org.fugazi.listeners.AllureTestListener - ? Test PASSED: SearchExtendedTest.shouldHandleXssPatternsSafely
[ForkJoinPool-6-worker-7] INFO org.fugazi.pages.ProductsPage - Found 0 products in grid
[ForkJoinPool-10-worker-3] INFO org.fugazi.tests.SearchExtendedTest - Special characters handled gracefully
[ForkJoinPool-10-worker-3] INFO org.fugazi.tests.SearchExtendedTest - === Tearing down test ===
[ForkJoinPool-10-worker-3] INFO org.fugazi.tests.SearchExtendedTest - Test teardown completed
[ForkJoinPool-10-worker-3] INFO org.fugazi.listeners.AllureTestListener - ? Test PASSED: SearchExtendedTest.shouldHandleSpecialCharactersWithoutBreaking
[ERROR] Tests run: 8, Failures: 1, Errors: 0, Skipped: 0, Time elapsed: 40.21 s <<< FAILURE! -- in org.fugazi.tests.SearchExtendedTest
[ERROR] org.fugazi.tests.SearchExtendedTest.shouldTrimLeadingAndTrailingWhitespace -- Time elapsed: 30.42 s <<< FAILURE!
org.assertj.core.error.AssertJMultipleFailuresError: 

Multiple Failures (1 failure)
-- failure 1 --
[Should trim whitespace and find results] 
Expecting value to be true but was false
at SearchExtendedTest.lambda$shouldTrimLeadingAndTrailingWhitespace$0(SearchExtendedTest.java:109)
	at org.fugazi.tests.SearchExtendedTest.shouldTrimLeadingAndTrailingWhitespace(SearchExtendedTest.java:99)
	at java.base/java.lang.reflect.Method.invoke(Method.java:565)
	at java.base/java.util.concurrent.ForkJoinTask.doExec(ForkJoinTask.java:511)
	at java.base/java.util.concurrent.ForkJoinPool$WorkQueue.tryRemoveAndExec(ForkJoinPool.java:1490)
	at java.base/java.util.concurrent.ForkJoinPool.helpJoin(ForkJoinPool.java:2248)
	at java.base/java.util.concurrent.ForkJoinTask.awaitDone(ForkJoinTask.java:499)
	at java.base/java.util.concurrent.ForkJoinTask.join(ForkJoinTask.java:666)
	at java.base/java.util.concurrent.ForkJoinTask.doExec(ForkJoinTask.java:511)
	at java.base/java.util.concurrent.ForkJoinPool$WorkQueue.topLevelExec(ForkJoinPool.java:1450)
	at java.base/java.util.concurrent.ForkJoinPool.runWorker(ForkJoinPool.java:2019)
	at java.base/java.util.concurrent.ForkJoinWorkerThread.run(ForkJoinWorkerThread.java:187)

[INFO] Running org.fugazi.tests.SearchProductTest
[ForkJoinPool-11-worker-1] INFO org.fugazi.tests.SearchProductTest - === Setting up test ===
[ForkJoinPool-11-worker-1] INFO org.fugazi.factory.WebDriverFactory - Creating CHROME driver (headless: true)
[ForkJoinPool-11-worker-2] INFO org.fugazi.tests.SearchProductTest - === Setting up test ===
[ForkJoinPool-11-worker-2] INFO org.fugazi.factory.WebDriverFactory - Creating CHROME driver (headless: true)
[ForkJoinPool-11-worker-4] INFO org.fugazi.tests.SearchProductTest - === Setting up test ===
[ForkJoinPool-11-worker-4] INFO org.fugazi.factory.WebDriverFactory - Creating CHROME driver (headless: true)
[ForkJoinPool-11-worker-3] INFO org.fugazi.tests.SearchProductTest - === Setting up test ===
[ForkJoinPool-11-worker-5] INFO org.fugazi.tests.SearchProductTest - === Setting up test ===
[ForkJoinPool-11-worker-3] INFO org.fugazi.factory.WebDriverFactory - Creating CHROME driver (headless: true)
[ForkJoinPool-11-worker-5] INFO org.fugazi.factory.WebDriverFactory - Creating CHROME driver (headless: true)
[ForkJoinPool-11-worker-7] INFO org.fugazi.tests.SearchProductTest - === Setting up test ===
[ForkJoinPool-11-worker-7] INFO org.fugazi.factory.WebDriverFactory - Creating CHROME driver (headless: true)
[ForkJoinPool-11-worker-6] INFO org.fugazi.tests.SearchProductTest - === Setting up test ===
[ForkJoinPool-11-worker-6] INFO org.fugazi.factory.WebDriverFactory - Creating CHROME driver (headless: true)
ene 26, 2026 11:00:45 A. M. org.openqa.selenium.devtools.CdpVersionFinder findNearestMatch
ADVERTENCIA: Unable to find CDP implementation matching 144
ene 26, 2026 11:00:45 A. M. org.openqa.selenium.chromium.ChromiumDriver lambda$new$5
ADVERTENCIA: Unable to find version of CDP to use for 144.0.7559.96. You may need to include a dependency on a specific version of the CDP using something similar to `org.seleniumhq.selenium:selenium-devtools-v86:4.27.0` where the version ("v86") matches the version of the chromium-based browser you're using and the version number of the artifact is the same as Selenium's.
ene 26, 2026 11:00:45 A. M. org.openqa.selenium.devtools.CdpVersionFinder findNearestMatch
ADVERTENCIA: Unable to find CDP implementation matching 144
ene 26, 2026 11:00:45 A. M. org.openqa.selenium.devtools.CdpVersionFinder findNearestMatch
ADVERTENCIA: Unable to find CDP implementation matching 144
ene 26, 2026 11:00:45 A. M. org.openqa.selenium.chromium.ChromiumDriver lambda$new$5
ADVERTENCIA: Unable to find version of CDP to use for 144.0.7559.96. You may need to include a dependency on a specific version of the CDP using something similar to `org.seleniumhq.selenium:selenium-devtools-v86:4.27.0` where the version ("v86") matches the version of the chromium-based browser you're using and the version number of the artifact is the same as Selenium's.
ene 26, 2026 11:00:45 A. M. org.openqa.selenium.chromium.ChromiumDriver lambda$new$5
ADVERTENCIA: Unable to find version of CDP to use for 144.0.7559.96. You may need to include a dependency on a specific version of the CDP using something similar to `org.seleniumhq.selenium:selenium-devtools-v86:4.27.0` where the version ("v86") matches the version of the chromium-based browser you're using and the version number of the artifact is the same as Selenium's.
ene 26, 2026 11:00:45 A. M. org.openqa.selenium.devtools.CdpVersionFinder findNearestMatch
ADVERTENCIA: Unable to find CDP implementation matching 144
ene 26, 2026 11:00:45 A. M. org.openqa.selenium.chromium.ChromiumDriver lambda$new$5
ADVERTENCIA: Unable to find version of CDP to use for 144.0.7559.96. You may need to include a dependency on a specific version of the CDP using something similar to `org.seleniumhq.selenium:selenium-devtools-v86:4.27.0` where the version ("v86") matches the version of the chromium-based browser you're using and the version number of the artifact is the same as Selenium's.
ene 26, 2026 11:00:45 A. M. org.openqa.selenium.devtools.CdpVersionFinder findNearestMatch
ADVERTENCIA: Unable to find CDP implementation matching 144
ene 26, 2026 11:00:45 A. M. org.openqa.selenium.chromium.ChromiumDriver lambda$new$5
ADVERTENCIA: Unable to find version of CDP to use for 144.0.7559.96. You may need to include a dependency on a specific version of the CDP using something similar to `org.seleniumhq.selenium:selenium-devtools-v86:4.27.0` where the version ("v86") matches the version of the chromium-based browser you're using and the version number of the artifact is the same as Selenium's.
ene 26, 2026 11:00:45 A. M. org.openqa.selenium.devtools.CdpVersionFinder findNearestMatch
ADVERTENCIA: Unable to find CDP implementation matching 144
ene 26, 2026 11:00:45 A. M. org.openqa.selenium.chromium.ChromiumDriver lambda$new$5
ADVERTENCIA: Unable to find version of CDP to use for 144.0.7559.96. You may need to include a dependency on a specific version of the CDP using something similar to `org.seleniumhq.selenium:selenium-devtools-v86:4.27.0` where the version ("v86") matches the version of the chromium-based browser you're using and the version number of the artifact is the same as Selenium's.
ene 26, 2026 11:00:46 A. M. org.openqa.selenium.devtools.CdpVersionFinder findNearestMatch
ADVERTENCIA: Unable to find CDP implementation matching 144
ene 26, 2026 11:00:46 A. M. org.openqa.selenium.chromium.ChromiumDriver lambda$new$5
ADVERTENCIA: Unable to find version of CDP to use for 144.0.7559.96. You may need to include a dependency on a specific version of the CDP using something similar to `org.seleniumhq.selenium:selenium-devtools-v86:4.27.0` where the version ("v86") matches the version of the chromium-based browser you're using and the version number of the artifact is the same as Selenium's.
[ForkJoinPool-6-worker-7] INFO org.fugazi.pages.ProductsPage - Found 0 products in grid
[ForkJoinPool-11-worker-2] INFO org.fugazi.tests.SearchProductTest - Successfully navigated to base URL
[ForkJoinPool-11-worker-2] INFO org.fugazi.tests.SearchProductTest - Test setup completed - Browser: CHROME, URL: https://music-tech-shop.vercel.app
[ForkJoinPool-11-worker-2] INFO org.fugazi.pages.components.HeaderComponent - Searching for: music
[ForkJoinPool-11-worker-3] INFO org.fugazi.tests.SearchProductTest - Successfully navigated to base URL
[ForkJoinPool-11-worker-3] INFO org.fugazi.tests.SearchProductTest - Test setup completed - Browser: CHROME, URL: https://music-tech-shop.vercel.app
[ForkJoinPool-11-worker-6] INFO org.fugazi.tests.SearchProductTest - Successfully navigated to base URL
[ForkJoinPool-11-worker-6] INFO org.fugazi.tests.SearchProductTest - Test setup completed - Browser: CHROME, URL: https://music-tech-shop.vercel.app
[ForkJoinPool-11-worker-6] INFO org.fugazi.pages.components.HeaderComponent - Searching for: speaker
[ForkJoinPool-11-worker-7] INFO org.fugazi.tests.SearchProductTest - Successfully navigated to base URL
[ForkJoinPool-11-worker-7] INFO org.fugazi.tests.SearchProductTest - Test setup completed - Browser: CHROME, URL: https://music-tech-shop.vercel.app
[ForkJoinPool-11-worker-7] INFO org.fugazi.pages.components.HeaderComponent - Searching for: synthesizer
[ForkJoinPool-11-worker-4] INFO org.fugazi.tests.SearchProductTest - Successfully navigated to base URL
[ForkJoinPool-11-worker-4] INFO org.fugazi.tests.SearchProductTest - Test setup completed - Browser: CHROME, URL: https://music-tech-shop.vercel.app
[ForkJoinPool-11-worker-5] INFO org.fugazi.tests.SearchProductTest - Successfully navigated to base URL
[ForkJoinPool-11-worker-5] INFO org.fugazi.tests.SearchProductTest - Test setup completed - Browser: CHROME, URL: https://music-tech-shop.vercel.app
[ForkJoinPool-11-worker-5] INFO org.fugazi.pages.components.HeaderComponent - Searching for: keyboard
[ForkJoinPool-11-worker-4] INFO org.fugazi.pages.components.HeaderComponent - Searching for: RWK86719aln
[ForkJoinPool-11-worker-1] INFO org.fugazi.tests.SearchProductTest - Successfully navigated to base URL
[ForkJoinPool-11-worker-1] INFO org.fugazi.tests.SearchProductTest - Test setup completed - Browser: CHROME, URL: https://music-tech-shop.vercel.app
[ForkJoinPool-11-worker-6] INFO org.fugazi.pages.SearchResultsPage - Found 1 results in products grid
[ForkJoinPool-11-worker-3] INFO org.fugazi.tests.SearchProductTest - === Tearing down test ===
[ForkJoinPool-11-worker-3] INFO org.fugazi.tests.SearchProductTest - Test teardown completed
[ForkJoinPool-11-worker-3] INFO org.fugazi.listeners.AllureTestListener - ? Test PASSED: SearchProductTest.shouldTypeInSearchField
[ForkJoinPool-6-worker-7] INFO org.fugazi.pages.ProductsPage - Found 0 products in grid
[ForkJoinPool-6-worker-7] INFO org.fugazi.tests.ProductListingTest - Searched for 'xyznonexistent12345' - Found 0 products
[ForkJoinPool-6-worker-7] INFO org.fugazi.tests.ProductListingTest - === Tearing down test ===
[ForkJoinPool-6-worker-7] INFO org.fugazi.tests.ProductListingTest - Test teardown completed
[ForkJoinPool-6-worker-7] INFO org.fugazi.listeners.AllureTestListener - ? Test PASSED: ProductListingTest.shouldShowNoResultsForInvalidSearch
[INFO] Tests run: 19, Failures: 0, Errors: 0, Skipped: 0, Time elapsed: 82.13 s -- in org.fugazi.tests.ProductListingTest
[INFO] Running org.fugazi.tests.ThemeToggleTest
[ForkJoinPool-7-worker-4] INFO org.fugazi.tests.ThemeToggleTest - === Setting up test ===
[ForkJoinPool-7-worker-3] INFO org.fugazi.tests.ThemeToggleTest - === Setting up test ===
[ForkJoinPool-7-worker-6] INFO org.fugazi.tests.ThemeToggleTest - === Setting up test ===
[ForkJoinPool-7-worker-6] INFO org.fugazi.factory.WebDriverFactory - Creating CHROME driver (headless: true)
[ForkJoinPool-7-worker-5] INFO org.fugazi.tests.ThemeToggleTest - === Setting up test ===
[ForkJoinPool-7-worker-2] INFO org.fugazi.tests.ThemeToggleTest - === Setting up test ===
[ForkJoinPool-7-worker-1] INFO org.fugazi.tests.ThemeToggleTest - === Setting up test ===
[ForkJoinPool-7-worker-3] INFO org.fugazi.factory.WebDriverFactory - Creating CHROME driver (headless: true)
[ForkJoinPool-7-worker-1] INFO org.fugazi.factory.WebDriverFactory - Creating CHROME driver (headless: true)
[ForkJoinPool-7-worker-4] INFO org.fugazi.factory.WebDriverFactory - Creating CHROME driver (headless: true)
[ForkJoinPool-7-worker-5] INFO org.fugazi.factory.WebDriverFactory - Creating CHROME driver (headless: true)
[ForkJoinPool-7-worker-2] INFO org.fugazi.factory.WebDriverFactory - Creating CHROME driver (headless: true)
ene 26, 2026 11:00:53 A. M. org.openqa.selenium.devtools.CdpVersionFinder findNearestMatch
ADVERTENCIA: Unable to find CDP implementation matching 144
ene 26, 2026 11:00:53 A. M. org.openqa.selenium.chromium.ChromiumDriver lambda$new$5
ADVERTENCIA: Unable to find version of CDP to use for 144.0.7559.96. You may need to include a dependency on a specific version of the CDP using something similar to `org.seleniumhq.selenium:selenium-devtools-v86:4.27.0` where the version ("v86") matches the version of the chromium-based browser you're using and the version number of the artifact is the same as Selenium's.
ene 26, 2026 11:00:53 A. M. org.openqa.selenium.devtools.CdpVersionFinder findNearestMatch
ADVERTENCIA: Unable to find CDP implementation matching 144
ene 26, 2026 11:00:53 A. M. org.openqa.selenium.chromium.ChromiumDriver lambda$new$5
ADVERTENCIA: Unable to find version of CDP to use for 144.0.7559.96. You may need to include a dependency on a specific version of the CDP using something similar to `org.seleniumhq.selenium:selenium-devtools-v86:4.27.0` where the version ("v86") matches the version of the chromium-based browser you're using and the version number of the artifact is the same as Selenium's.
ene 26, 2026 11:00:53 A. M. org.openqa.selenium.devtools.CdpVersionFinder findNearestMatch
ADVERTENCIA: Unable to find CDP implementation matching 144
ene 26, 2026 11:00:53 A. M. org.openqa.selenium.chromium.ChromiumDriver lambda$new$5
ADVERTENCIA: Unable to find version of CDP to use for 144.0.7559.96. You may need to include a dependency on a specific version of the CDP using something similar to `org.seleniumhq.selenium:selenium-devtools-v86:4.27.0` where the version ("v86") matches the version of the chromium-based browser you're using and the version number of the artifact is the same as Selenium's.
ene 26, 2026 11:00:53 A. M. org.openqa.selenium.devtools.CdpVersionFinder findNearestMatch
ADVERTENCIA: Unable to find CDP implementation matching 144
ene 26, 2026 11:00:53 A. M. org.openqa.selenium.chromium.ChromiumDriver lambda$new$5
ADVERTENCIA: Unable to find version of CDP to use for 144.0.7559.96. You may need to include a dependency on a specific version of the CDP using something similar to `org.seleniumhq.selenium:selenium-devtools-v86:4.27.0` where the version ("v86") matches the version of the chromium-based browser you're using and the version number of the artifact is the same as Selenium's.
ene 26, 2026 11:00:53 A. M. org.openqa.selenium.devtools.CdpVersionFinder findNearestMatch
ADVERTENCIA: Unable to find CDP implementation matching 144
ene 26, 2026 11:00:53 A. M. org.openqa.selenium.chromium.ChromiumDriver lambda$new$5
ADVERTENCIA: Unable to find version of CDP to use for 144.0.7559.96. You may need to include a dependency on a specific version of the CDP using something similar to `org.seleniumhq.selenium:selenium-devtools-v86:4.27.0` where the version ("v86") matches the version of the chromium-based browser you're using and the version number of the artifact is the same as Selenium's.
ene 26, 2026 11:00:53 A. M. org.openqa.selenium.devtools.CdpVersionFinder findNearestMatch
ADVERTENCIA: Unable to find CDP implementation matching 144
ene 26, 2026 11:00:53 A. M. org.openqa.selenium.chromium.ChromiumDriver lambda$new$5
ADVERTENCIA: Unable to find version of CDP to use for 144.0.7559.96. You may need to include a dependency on a specific version of the CDP using something similar to `org.seleniumhq.selenium:selenium-devtools-v86:4.27.0` where the version ("v86") matches the version of the chromium-based browser you're using and the version number of the artifact is the same as Selenium's.
[ForkJoinPool-11-worker-5] INFO org.fugazi.pages.SearchResultsPage - Found 5 results in products grid
[ForkJoinPool-11-worker-5] INFO org.fugazi.pages.SearchResultsPage - Clicking on result at index 0
[ForkJoinPool-11-worker-7] INFO org.fugazi.pages.SearchResultsPage - Found 15 results in products grid
[ForkJoinPool-11-worker-7] INFO org.fugazi.tests.SearchProductTest - === Tearing down test ===
[ForkJoinPool-11-worker-2] INFO org.fugazi.pages.SearchResultsPage - Found 1 results in products grid
[ForkJoinPool-11-worker-2] INFO org.fugazi.tests.SearchProductTest - Found 1 results with titles
[ForkJoinPool-11-worker-2] INFO org.fugazi.tests.SearchProductTest - === Tearing down test ===
[ForkJoinPool-11-worker-5] INFO org.fugazi.tests.SearchProductTest - === Tearing down test ===
[ForkJoinPool-11-worker-6] INFO org.fugazi.pages.SearchResultsPage - Found 3 results in products grid
[ForkJoinPool-7-worker-4] INFO org.fugazi.tests.ThemeToggleTest - Successfully navigated to base URL
[ForkJoinPool-7-worker-4] INFO org.fugazi.tests.ThemeToggleTest - Test setup completed - Browser: CHROME, URL: https://music-tech-shop.vercel.app
[ForkJoinPool-7-worker-3] INFO org.fugazi.tests.ThemeToggleTest - Successfully navigated to base URL
[ForkJoinPool-7-worker-3] INFO org.fugazi.tests.ThemeToggleTest - Test setup completed - Browser: CHROME, URL: https://music-tech-shop.vercel.app
[ForkJoinPool-7-worker-4] INFO org.fugazi.tests.ThemeToggleTest - Theme toggle button is displayed
[ForkJoinPool-7-worker-4] INFO org.fugazi.tests.ThemeToggleTest - === Tearing down test ===
[ForkJoinPool-7-worker-5] INFO org.fugazi.tests.ThemeToggleTest - Successfully navigated to base URL
[ForkJoinPool-7-worker-5] INFO org.fugazi.tests.ThemeToggleTest - Test setup completed - Browser: CHROME, URL: https://music-tech-shop.vercel.app
[ForkJoinPool-7-worker-3] INFO org.fugazi.tests.ThemeToggleTest - Theme toggle has accessible label
[ForkJoinPool-7-worker-3] INFO org.fugazi.tests.ThemeToggleTest - === Tearing down test ===
[ForkJoinPool-7-worker-5] INFO org.fugazi.pages.components.HeaderComponent - Clicking theme toggle button
[ForkJoinPool-7-worker-6] INFO org.fugazi.tests.ThemeToggleTest - Successfully navigated to base URL
[ForkJoinPool-7-worker-6] INFO org.fugazi.tests.ThemeToggleTest - Test setup completed - Browser: CHROME, URL: https://music-tech-shop.vercel.app
[ForkJoinPool-7-worker-6] INFO org.fugazi.tests.ThemeToggleTest - HTML classes: geist_a71539c9-module__T19VSG__variable geist_mono_8d43a2aa-module__8Li5zG__variable antialiased light
[ForkJoinPool-7-worker-6] INFO org.fugazi.tests.ThemeToggleTest - === Tearing down test ===
[ForkJoinPool-7-worker-4] INFO org.fugazi.tests.ThemeToggleTest - Test teardown completed
[ForkJoinPool-7-worker-4] INFO org.fugazi.listeners.AllureTestListener - ? Test PASSED: ThemeToggleTest.shouldDisplayThemeToggleButton
[ForkJoinPool-7-worker-1] INFO org.fugazi.tests.ThemeToggleTest - Successfully navigated to base URL
[ForkJoinPool-7-worker-1] INFO org.fugazi.tests.ThemeToggleTest - Test setup completed - Browser: CHROME, URL: https://music-tech-shop.vercel.app
[ForkJoinPool-7-worker-2] INFO org.fugazi.tests.ThemeToggleTest - Successfully navigated to base URL
[ForkJoinPool-7-worker-2] INFO org.fugazi.tests.ThemeToggleTest - Test setup completed - Browser: CHROME, URL: https://music-tech-shop.vercel.app
[ForkJoinPool-7-worker-1] INFO org.fugazi.tests.ThemeToggleTest - HTML color-scheme: light, style: color-scheme: light;
[ForkJoinPool-7-worker-1] INFO org.fugazi.tests.ThemeToggleTest - === Tearing down test ===
[ForkJoinPool-7-worker-2] INFO org.fugazi.tests.ThemeToggleTest - Initial theme: light
[ForkJoinPool-7-worker-2] INFO org.fugazi.pages.components.HeaderComponent - Clicking theme toggle button
[ForkJoinPool-7-worker-3] INFO org.fugazi.tests.ThemeToggleTest - Test teardown completed
[ForkJoinPool-7-worker-3] INFO org.fugazi.listeners.AllureTestListener - ? Test PASSED: ThemeToggleTest.shouldHaveAccessibleLabelOnThemeToggle
[ForkJoinPool-7-worker-6] INFO org.fugazi.tests.ThemeToggleTest - Test teardown completed
[ForkJoinPool-7-worker-6] INFO org.fugazi.listeners.AllureTestListener - ? Test PASSED: ThemeToggleTest.shouldApplyThemeClassToHtmlElement
[ForkJoinPool-11-worker-2] INFO org.fugazi.tests.SearchProductTest - Test teardown completed
[ForkJoinPool-11-worker-2] INFO org.fugazi.listeners.AllureTestListener - ? Test PASSED: SearchProductTest.shouldDisplayResultTitles
[ForkJoinPool-11-worker-5] INFO org.fugazi.tests.SearchProductTest - Test teardown completed
[ForkJoinPool-11-worker-5] INFO org.fugazi.listeners.AllureTestListener - ? Test PASSED: SearchProductTest.shouldNavigateToProductDetailFromSearchResults
[ForkJoinPool-7-worker-5] INFO org.fugazi.pages.components.HeaderComponent - Clicking theme toggle button
[ForkJoinPool-11-worker-7] INFO org.fugazi.tests.SearchProductTest - Test teardown completed
[ForkJoinPool-11-worker-7] INFO org.fugazi.listeners.AllureTestListener - ? Test PASSED: SearchProductTest.shouldSearchAndFindProducts
[ForkJoinPool-7-worker-1] INFO org.fugazi.tests.ThemeToggleTest - Test teardown completed
[ForkJoinPool-7-worker-1] INFO org.fugazi.listeners.AllureTestListener - ? Test PASSED: ThemeToggleTest.shouldHaveColorSchemeMetaOrStyle
[ForkJoinPool-7-worker-2] INFO org.fugazi.tests.ThemeToggleTest - New theme after toggle: dark
[ForkJoinPool-7-worker-2] INFO org.fugazi.tests.ThemeToggleTest - === Tearing down test ===
[ForkJoinPool-7-worker-5] INFO org.fugazi.tests.ThemeToggleTest - Theme toggle cycle: light -> dark -> light
[ForkJoinPool-7-worker-5] INFO org.fugazi.tests.ThemeToggleTest - === Tearing down test ===
[ForkJoinPool-7-worker-2] INFO org.fugazi.tests.ThemeToggleTest - Test teardown completed
[ForkJoinPool-7-worker-2] INFO org.fugazi.listeners.AllureTestListener - ? Test PASSED: ThemeToggleTest.shouldToggleThemeWhenClickingButton
[ForkJoinPool-7-worker-5] INFO org.fugazi.tests.ThemeToggleTest - Test teardown completed
[ForkJoinPool-7-worker-5] INFO org.fugazi.listeners.AllureTestListener - ? Test PASSED: ThemeToggleTest.shouldToggleThemeBackToOriginal
[INFO] Tests run: 6, Failures: 0, Errors: 0, Skipped: 0, Time elapsed: 5.814 s -- in org.fugazi.tests.ThemeToggleTest
[INFO] Running org.fugazi.tests.UrlResilienceTest
[ForkJoinPool-8-worker-2] INFO org.fugazi.tests.UrlResilienceTest - === Setting up test ===
[ForkJoinPool-8-worker-1] INFO org.fugazi.tests.UrlResilienceTest - === Setting up test ===
[ForkJoinPool-8-worker-2] INFO org.fugazi.factory.WebDriverFactory - Creating CHROME driver (headless: true)
[ForkJoinPool-8-worker-1] INFO org.fugazi.factory.WebDriverFactory - Creating CHROME driver (headless: true)
[ForkJoinPool-8-worker-3] INFO org.fugazi.tests.UrlResilienceTest - === Setting up test ===
[ForkJoinPool-8-worker-3] INFO org.fugazi.factory.WebDriverFactory - Creating CHROME driver (headless: true)
[ForkJoinPool-8-worker-4] INFO org.fugazi.tests.UrlResilienceTest - === Setting up test ===
[ForkJoinPool-8-worker-4] INFO org.fugazi.factory.WebDriverFactory - Creating CHROME driver (headless: true)
[ForkJoinPool-8-worker-5] INFO org.fugazi.tests.UrlResilienceTest - === Setting up test ===
[ForkJoinPool-8-worker-5] INFO org.fugazi.factory.WebDriverFactory - Creating CHROME driver (headless: true)
[ForkJoinPool-8-worker-8] INFO org.fugazi.tests.UrlResilienceTest - === Setting up test ===
[ForkJoinPool-8-worker-8] INFO org.fugazi.factory.WebDriverFactory - Creating CHROME driver (headless: true)
[ForkJoinPool-8-worker-10] INFO org.fugazi.tests.UrlResilienceTest - === Setting up test ===
[ForkJoinPool-8-worker-10] INFO org.fugazi.factory.WebDriverFactory - Creating CHROME driver (headless: true)
[ForkJoinPool-8-worker-9] INFO org.fugazi.tests.UrlResilienceTest - === Setting up test ===
[ForkJoinPool-8-worker-9] INFO org.fugazi.factory.WebDriverFactory - Creating CHROME driver (headless: true)
[ForkJoinPool-8-worker-7] INFO org.fugazi.tests.UrlResilienceTest - === Setting up test ===
[ForkJoinPool-8-worker-6] INFO org.fugazi.tests.UrlResilienceTest - === Setting up test ===
[ForkJoinPool-8-worker-7] INFO org.fugazi.factory.WebDriverFactory - Creating CHROME driver (headless: true)
[ForkJoinPool-8-worker-6] INFO org.fugazi.factory.WebDriverFactory - Creating CHROME driver (headless: true)
[ForkJoinPool-11-worker-1] INFO org.fugazi.pages.SearchResultsPage - Found 16 results in products grid
[ForkJoinPool-11-worker-1] INFO org.fugazi.tests.SearchProductTest - === Tearing down test ===
[ForkJoinPool-11-worker-6] INFO org.fugazi.tests.SearchProductTest - First search 'speaker': 1 results, Second search 'headphones': 3 results
[ForkJoinPool-11-worker-6] INFO org.fugazi.tests.SearchProductTest - === Tearing down test ===
ene 26, 2026 11:01:00 A. M. org.openqa.selenium.devtools.CdpVersionFinder findNearestMatch
ADVERTENCIA: Unable to find CDP implementation matching 144
ene 26, 2026 11:01:00 A. M. org.openqa.selenium.chromium.ChromiumDriver lambda$new$5
ADVERTENCIA: Unable to find version of CDP to use for 144.0.7559.96. You may need to include a dependency on a specific version of the CDP using something similar to `org.seleniumhq.selenium:selenium-devtools-v86:4.27.0` where the version ("v86") matches the version of the chromium-based browser you're using and the version number of the artifact is the same as Selenium's.
ene 26, 2026 11:01:00 A. M. org.openqa.selenium.devtools.CdpVersionFinder findNearestMatch
ADVERTENCIA: Unable to find CDP implementation matching 144
ene 26, 2026 11:01:00 A. M. org.openqa.selenium.chromium.ChromiumDriver lambda$new$5
ADVERTENCIA: Unable to find version of CDP to use for 144.0.7559.96. You may need to include a dependency on a specific version of the CDP using something similar to `org.seleniumhq.selenium:selenium-devtools-v86:4.27.0` where the version ("v86") matches the version of the chromium-based browser you're using and the version number of the artifact is the same as Selenium's.
ene 26, 2026 11:01:00 A. M. org.openqa.selenium.devtools.CdpVersionFinder findNearestMatch
ADVERTENCIA: Unable to find CDP implementation matching 144
ene 26, 2026 11:01:00 A. M. org.openqa.selenium.chromium.ChromiumDriver lambda$new$5
ADVERTENCIA: Unable to find version of CDP to use for 144.0.7559.96. You may need to include a dependency on a specific version of the CDP using something similar to `org.seleniumhq.selenium:selenium-devtools-v86:4.27.0` where the version ("v86") matches the version of the chromium-based browser you're using and the version number of the artifact is the same as Selenium's.
ene 26, 2026 11:01:00 A. M. org.openqa.selenium.devtools.CdpVersionFinder findNearestMatch
ADVERTENCIA: Unable to find CDP implementation matching 144
ene 26, 2026 11:01:00 A. M. org.openqa.selenium.chromium.ChromiumDriver lambda$new$5
ADVERTENCIA: Unable to find version of CDP to use for 144.0.7559.96. You may need to include a dependency on a specific version of the CDP using something similar to `org.seleniumhq.selenium:selenium-devtools-v86:4.27.0` where the version ("v86") matches the version of the chromium-based browser you're using and the version number of the artifact is the same as Selenium's.
ene 26, 2026 11:01:00 A. M. org.openqa.selenium.devtools.CdpVersionFinder findNearestMatch
ADVERTENCIA: Unable to find CDP implementation matching 144
ene 26, 2026 11:01:00 A. M. org.openqa.selenium.chromium.ChromiumDriver lambda$new$5
ADVERTENCIA: Unable to find version of CDP to use for 144.0.7559.96. You may need to include a dependency on a specific version of the CDP using something similar to `org.seleniumhq.selenium:selenium-devtools-v86:4.27.0` where the version ("v86") matches the version of the chromium-based browser you're using and the version number of the artifact is the same as Selenium's.
ene 26, 2026 11:01:00 A. M. org.openqa.selenium.devtools.CdpVersionFinder findNearestMatch
ADVERTENCIA: Unable to find CDP implementation matching 144
ene 26, 2026 11:01:00 A. M. org.openqa.selenium.chromium.ChromiumDriver lambda$new$5
ADVERTENCIA: Unable to find version of CDP to use for 144.0.7559.96. You may need to include a dependency on a specific version of the CDP using something similar to `org.seleniumhq.selenium:selenium-devtools-v86:4.27.0` where the version ("v86") matches the version of the chromium-based browser you're using and the version number of the artifact is the same as Selenium's.
ene 26, 2026 11:01:00 A. M. org.openqa.selenium.devtools.CdpVersionFinder findNearestMatch
ADVERTENCIA: Unable to find CDP implementation matching 144
ene 26, 2026 11:01:00 A. M. org.openqa.selenium.chromium.ChromiumDriver lambda$new$5
ADVERTENCIA: Unable to find version of CDP to use for 144.0.7559.96. You may need to include a dependency on a specific version of the CDP using something similar to `org.seleniumhq.selenium:selenium-devtools-v86:4.27.0` where the version ("v86") matches the version of the chromium-based browser you're using and the version number of the artifact is the same as Selenium's.
ene 26, 2026 11:01:00 A. M. org.openqa.selenium.devtools.CdpVersionFinder findNearestMatch
ADVERTENCIA: Unable to find CDP implementation matching 144
ene 26, 2026 11:01:00 A. M. org.openqa.selenium.chromium.ChromiumDriver lambda$new$5
ADVERTENCIA: Unable to find version of CDP to use for 144.0.7559.96. You may need to include a dependency on a specific version of the CDP using something similar to `org.seleniumhq.selenium:selenium-devtools-v86:4.27.0` where the version ("v86") matches the version of the chromium-based browser you're using and the version number of the artifact is the same as Selenium's.
ene 26, 2026 11:01:01 A. M. org.openqa.selenium.devtools.CdpVersionFinder findNearestMatch
ADVERTENCIA: Unable to find CDP implementation matching 144
ene 26, 2026 11:01:01 A. M. org.openqa.selenium.chromium.ChromiumDriver lambda$new$5
ADVERTENCIA: Unable to find version of CDP to use for 144.0.7559.96. You may need to include a dependency on a specific version of the CDP using something similar to `org.seleniumhq.selenium:selenium-devtools-v86:4.27.0` where the version ("v86") matches the version of the chromium-based browser you're using and the version number of the artifact is the same as Selenium's.
ene 26, 2026 11:01:01 A. M. org.openqa.selenium.devtools.CdpVersionFinder findNearestMatch
ADVERTENCIA: Unable to find CDP implementation matching 144
ene 26, 2026 11:01:01 A. M. org.openqa.selenium.chromium.ChromiumDriver lambda$new$5
ADVERTENCIA: Unable to find version of CDP to use for 144.0.7559.96. You may need to include a dependency on a specific version of the CDP using something similar to `org.seleniumhq.selenium:selenium-devtools-v86:4.27.0` where the version ("v86") matches the version of the chromium-based browser you're using and the version number of the artifact is the same as Selenium's.
[ForkJoinPool-8-worker-2] INFO org.fugazi.tests.UrlResilienceTest - Successfully navigated to base URL
[ForkJoinPool-8-worker-2] INFO org.fugazi.tests.UrlResilienceTest - Test setup completed - Browser: CHROME, URL: https://music-tech-shop.vercel.app
[ForkJoinPool-8-worker-8] INFO org.fugazi.tests.UrlResilienceTest - Successfully navigated to base URL
[ForkJoinPool-8-worker-8] INFO org.fugazi.tests.UrlResilienceTest - Test setup completed - Browser: CHROME, URL: https://music-tech-shop.vercel.app
[ForkJoinPool-8-worker-4] INFO org.fugazi.tests.UrlResilienceTest - Successfully navigated to base URL
[ForkJoinPool-8-worker-4] INFO org.fugazi.tests.UrlResilienceTest - Test setup completed - Browser: CHROME, URL: https://music-tech-shop.vercel.app
[ForkJoinPool-8-worker-7] INFO org.fugazi.tests.UrlResilienceTest - Successfully navigated to base URL
[ForkJoinPool-8-worker-7] INFO org.fugazi.tests.UrlResilienceTest - Test setup completed - Browser: CHROME, URL: https://music-tech-shop.vercel.app
[ForkJoinPool-8-worker-6] INFO org.fugazi.tests.UrlResilienceTest - Successfully navigated to base URL
[ForkJoinPool-8-worker-6] INFO org.fugazi.tests.UrlResilienceTest - Test setup completed - Browser: CHROME, URL: https://music-tech-shop.vercel.app
[ForkJoinPool-11-worker-1] INFO org.fugazi.tests.SearchProductTest - Test teardown completed
[ForkJoinPool-11-worker-1] INFO org.fugazi.listeners.AllureTestListener - ? Test PASSED: SearchProductTest.shouldHandleEmptySearchGracefully
[ForkJoinPool-11-worker-6] INFO org.fugazi.tests.SearchProductTest - Test teardown completed
[ForkJoinPool-11-worker-6] INFO org.fugazi.listeners.AllureTestListener - ? Test PASSED: SearchProductTest.shouldPerformNewSearchFromResultsPage
[ForkJoinPool-8-worker-3] INFO org.fugazi.tests.UrlResilienceTest - Successfully navigated to base URL
[ForkJoinPool-8-worker-3] INFO org.fugazi.tests.UrlResilienceTest - Test setup completed - Browser: CHROME, URL: https://music-tech-shop.vercel.app
[ForkJoinPool-8-worker-1] INFO org.fugazi.tests.UrlResilienceTest - Successfully navigated to base URL
[ForkJoinPool-8-worker-1] INFO org.fugazi.tests.UrlResilienceTest - Test setup completed - Browser: CHROME, URL: https://music-tech-shop.vercel.app
[ForkJoinPool-8-worker-9] INFO org.fugazi.tests.UrlResilienceTest - Successfully navigated to base URL
[ForkJoinPool-8-worker-9] INFO org.fugazi.tests.UrlResilienceTest - Test setup completed - Browser: CHROME, URL: https://music-tech-shop.vercel.app
[ForkJoinPool-8-worker-9] INFO org.fugazi.tests.UrlResilienceTest - === Tearing down test ===
[ForkJoinPool-8-worker-10] INFO org.fugazi.tests.UrlResilienceTest - Successfully navigated to base URL
[ForkJoinPool-8-worker-10] INFO org.fugazi.tests.UrlResilienceTest - Test setup completed - Browser: CHROME, URL: https://music-tech-shop.vercel.app
[ForkJoinPool-8-worker-5] INFO org.fugazi.tests.UrlResilienceTest - Successfully navigated to base URL
[ForkJoinPool-8-worker-5] INFO org.fugazi.tests.UrlResilienceTest - Test setup completed - Browser: CHROME, URL: https://music-tech-shop.vercel.app
[ForkJoinPool-8-worker-8] INFO org.fugazi.tests.UrlResilienceTest - Non-numeric product ID handled
[ForkJoinPool-8-worker-8] INFO org.fugazi.tests.UrlResilienceTest - === Tearing down test ===
[ForkJoinPool-8-worker-9] INFO org.fugazi.tests.UrlResilienceTest - Test teardown completed
[ForkJoinPool-8-worker-9] ERROR org.fugazi.listeners.AllureTestListener - ? Test FAILED: UrlResilienceTest.shouldHandleNonExistentRouteGracefully - Reason: 
Multiple Failures (1 failure)
-- failure 1 --
[Should handle non-existent route gracefully] 
Expecting value to be true but was false
at UrlResilienceTest.lambda$shouldHandleNonExistentRouteGracefully$0(UrlResilienceTest.java:226)
[ForkJoinPool-8-worker-9] WARN org.fugazi.listeners.AllureTestListener - Cannot capture screenshot: WebDriver is not available
[ForkJoinPool-8-worker-3] INFO org.fugazi.tests.UrlResilienceTest - === Tearing down test ===
[ForkJoinPool-8-worker-8] INFO org.fugazi.tests.UrlResilienceTest - Test teardown completed
[ForkJoinPool-8-worker-8] INFO org.fugazi.listeners.AllureTestListener - ? Test PASSED: UrlResilienceTest.shouldHandleNonNumericProductIdGracefully
[ForkJoinPool-8-worker-3] INFO org.fugazi.tests.UrlResilienceTest - Test teardown completed
[ForkJoinPool-8-worker-3] ERROR org.fugazi.listeners.AllureTestListener - ? Test FAILED: UrlResilienceTest.shouldHandleMalformedUrlGracefully - Reason: 
Multiple Failures (1 failure)
-- failure 1 --
[Should handle malformed URL gracefully] 
Expecting value to be true but was false
at UrlResilienceTest.lambda$shouldHandleMalformedUrlGracefully$0(UrlResilienceTest.java:252)
[ForkJoinPool-8-worker-3] WARN org.fugazi.listeners.AllureTestListener - Cannot capture screenshot: WebDriver is not available
[ForkJoinPool-8-worker-5] INFO org.fugazi.tests.UrlResilienceTest - Deep link to product handled successfully
[ForkJoinPool-8-worker-5] INFO org.fugazi.tests.UrlResilienceTest - === Tearing down test ===
[ForkJoinPool-8-worker-5] INFO org.fugazi.tests.UrlResilienceTest - Test teardown completed
[ForkJoinPool-8-worker-5] INFO org.fugazi.listeners.AllureTestListener - ? Test PASSED: UrlResilienceTest.shouldHandleDeepLinkToProductWithRedirect
[ForkJoinPool-8-worker-1] INFO org.fugazi.tests.UrlResilienceTest - === Tearing down test ===
[ForkJoinPool-8-worker-7] INFO org.fugazi.tests.UrlResilienceTest - Invalid product ID handled - URL: https://music-tech-shop.vercel.app/products/999999
[ForkJoinPool-8-worker-7] INFO org.fugazi.tests.UrlResilienceTest - === Tearing down test ===
[ForkJoinPool-8-worker-1] INFO org.fugazi.tests.UrlResilienceTest - Test teardown completed
[ForkJoinPool-8-worker-1] ERROR org.fugazi.listeners.AllureTestListener - ? Test FAILED: UrlResilienceTest.shouldHandleNegativeProductIdGracefully - Reason: 
Multiple Failures (1 failure)
-- failure 1 --
[Should handle negative product ID gracefully] 
Expecting value to be true but was false
at UrlResilienceTest.lambda$shouldHandleNegativeProductIdGracefully$0(UrlResilienceTest.java:76)
[ForkJoinPool-8-worker-1] WARN org.fugazi.listeners.AllureTestListener - Cannot capture screenshot: WebDriver is not available
[ForkJoinPool-8-worker-7] INFO org.fugazi.tests.UrlResilienceTest - Test teardown completed
[ForkJoinPool-8-worker-7] ERROR org.fugazi.listeners.AllureTestListener - ? Test FAILED: UrlResilienceTest.shouldHandleInvalidProductIdGracefully - Reason: 
Multiple Failures (1 failure)
-- failure 1 --
[Should handle invalid product gracefully] 
Expecting value to be true but was false
at UrlResilienceTest.lambda$shouldHandleInvalidProductIdGracefully$0(UrlResilienceTest.java:44)
[ForkJoinPool-8-worker-7] WARN org.fugazi.listeners.AllureTestListener - Cannot capture screenshot: WebDriver is not available
[ForkJoinPool-11-worker-4] INFO org.fugazi.pages.SearchResultsPage - Found 0 results in products grid
[ForkJoinPool-11-worker-4] INFO org.fugazi.pages.SearchResultsPage - Found 0 results in products grid
[ForkJoinPool-11-worker-4] INFO org.fugazi.tests.SearchProductTest - Search for 'RWK86719aln' returned 0 results
[ForkJoinPool-11-worker-4] INFO org.fugazi.tests.SearchProductTest - === Tearing down test ===
[ForkJoinPool-11-worker-4] INFO org.fugazi.tests.SearchProductTest - Test teardown completed
[ForkJoinPool-11-worker-4] INFO org.fugazi.listeners.AllureTestListener - ? Test PASSED: SearchProductTest.shouldShowNoResultsForInvalidSearch
[INFO] Tests run: 7, Failures: 0, Errors: 0, Skipped: 0, Time elapsed: 35.00 s -- in org.fugazi.tests.SearchProductTest
[ForkJoinPool-8-worker-2] INFO org.fugazi.pages.ProductsPage - Found 16 products in grid
[ForkJoinPool-8-worker-2] INFO org.fugazi.pages.ProductsPage - Found 16 products in grid
[ForkJoinPool-8-worker-2] INFO org.fugazi.tests.UrlResilienceTest - Empty category parameter handled
[ForkJoinPool-8-worker-2] INFO org.fugazi.tests.UrlResilienceTest - === Tearing down test ===
[ForkJoinPool-8-worker-6] INFO org.fugazi.pages.ProductsPage - Found 5 products in grid
[ForkJoinPool-8-worker-6] INFO org.fugazi.tests.UrlResilienceTest - Deep link to category with pagination handled
[ForkJoinPool-8-worker-6] INFO org.fugazi.tests.UrlResilienceTest - === Tearing down test ===
[ForkJoinPool-8-worker-2] INFO org.fugazi.tests.UrlResilienceTest - Test teardown completed
[ForkJoinPool-8-worker-2] INFO org.fugazi.listeners.AllureTestListener - ? Test PASSED: UrlResilienceTest.shouldHandleEmptyCategoryParameter
[ForkJoinPool-8-worker-6] INFO org.fugazi.tests.UrlResilienceTest - Test teardown completed
[ForkJoinPool-8-worker-6] INFO org.fugazi.listeners.AllureTestListener - ? Test PASSED: UrlResilienceTest.shouldHandleDeepLinkToCategoryWithPagination
[ForkJoinPool-8-worker-10] INFO org.fugazi.pages.ProductsPage - Found 0 products in grid
[ForkJoinPool-8-worker-10] INFO org.fugazi.pages.ProductsPage - Found 0 products in grid
[ForkJoinPool-8-worker-4] INFO org.fugazi.pages.ProductsPage - Found 0 products in grid
[ForkJoinPool-8-worker-4] INFO org.fugazi.pages.ProductsPage - Found 0 products in grid
[ForkJoinPool-8-worker-4] INFO org.fugazi.pages.ProductsPage - Found 0 products in grid
[ForkJoinPool-8-worker-10] INFO org.fugazi.pages.ProductsPage - Found 0 products in grid
[ForkJoinPool-8-worker-4] INFO org.fugazi.pages.ProductsPage - Found 0 products in grid
[ForkJoinPool-8-worker-4] INFO org.fugazi.tests.UrlResilienceTest - Special characters in category handled safely
[ForkJoinPool-8-worker-4] INFO org.fugazi.tests.UrlResilienceTest - === Tearing down test ===
[ForkJoinPool-8-worker-4] INFO org.fugazi.tests.UrlResilienceTest - Test teardown completed
[ForkJoinPool-8-worker-4] INFO org.fugazi.listeners.AllureTestListener - ? Test PASSED: UrlResilienceTest.shouldHandleSpecialCharactersInCategoryParameter
[ForkJoinPool-8-worker-10] INFO org.fugazi.pages.ProductsPage - Found 0 products in grid
[ForkJoinPool-8-worker-10] INFO org.fugazi.pages.ProductsPage - Found 0 products in grid
[ForkJoinPool-8-worker-10] INFO org.fugazi.tests.UrlResilienceTest - Invalid category handled - Products: 0
[ForkJoinPool-8-worker-10] INFO org.fugazi.tests.UrlResilienceTest - === Tearing down test ===
[ForkJoinPool-8-worker-10] INFO org.fugazi.tests.UrlResilienceTest - Test teardown completed
[ForkJoinPool-8-worker-10] INFO org.fugazi.listeners.AllureTestListener - ? Test PASSED: UrlResilienceTest.shouldHandleInvalidCategoryQueryParameterGracefully
[ERROR] Tests run: 10, Failures: 4, Errors: 0, Skipped: 0, Time elapsed: 84.23 s <<< FAILURE! -- in org.fugazi.tests.UrlResilienceTest
[ERROR] org.fugazi.tests.UrlResilienceTest.shouldHandleNonExistentRouteGracefully -- Time elapsed: 6.426 s <<< FAILURE!
org.assertj.core.error.AssertJMultipleFailuresError: 

Multiple Failures (1 failure)
-- failure 1 --
[Should handle non-existent route gracefully] 
Expecting value to be true but was false
at UrlResilienceTest.lambda$shouldHandleNonExistentRouteGracefully$0(UrlResilienceTest.java:226)
	at org.fugazi.tests.UrlResilienceTest.shouldHandleNonExistentRouteGracefully(UrlResilienceTest.java:216)
	at java.base/java.lang.reflect.Method.invoke(Method.java:565)
	at java.base/java.util.concurrent.ForkJoinTask.doExec(ForkJoinTask.java:511)
	at java.base/java.util.concurrent.ForkJoinPool$WorkQueue.topLevelExec(ForkJoinPool.java:1450)
	at java.base/java.util.concurrent.ForkJoinPool.runWorker(ForkJoinPool.java:2019)
	at java.base/java.util.concurrent.ForkJoinWorkerThread.run(ForkJoinWorkerThread.java:187)

[ERROR] org.fugazi.tests.UrlResilienceTest.shouldHandleMalformedUrlGracefully -- Time elapsed: 7.156 s <<< FAILURE!
org.assertj.core.error.AssertJMultipleFailuresError: 

Multiple Failures (1 failure)
-- failure 1 --
[Should handle malformed URL gracefully] 
Expecting value to be true but was false
at UrlResilienceTest.lambda$shouldHandleMalformedUrlGracefully$0(UrlResilienceTest.java:252)
	at org.fugazi.tests.UrlResilienceTest.shouldHandleMalformedUrlGracefully(UrlResilienceTest.java:242)
	at java.base/java.lang.reflect.Method.invoke(Method.java:565)
	at java.base/java.util.concurrent.ForkJoinTask.doExec(ForkJoinTask.java:511)
	at java.base/java.util.concurrent.ForkJoinPool$WorkQueue.topLevelExec(ForkJoinPool.java:1450)
	at java.base/java.util.concurrent.ForkJoinPool.runWorker(ForkJoinPool.java:2019)
	at java.base/java.util.concurrent.ForkJoinWorkerThread.run(ForkJoinWorkerThread.java:187)

[ERROR] org.fugazi.tests.UrlResilienceTest.shouldHandleNegativeProductIdGracefully -- Time elapsed: 11.92 s <<< FAILURE!
org.assertj.core.error.AssertJMultipleFailuresError: 

Multiple Failures (1 failure)
-- failure 1 --
[Should handle negative product ID gracefully] 
Expecting value to be true but was false
at UrlResilienceTest.lambda$shouldHandleNegativeProductIdGracefully$0(UrlResilienceTest.java:76)
	at org.fugazi.tests.UrlResilienceTest.shouldHandleNegativeProductIdGracefully(UrlResilienceTest.java:66)
	at java.base/java.lang.reflect.Method.invoke(Method.java:565)
	at java.base/java.util.concurrent.ForkJoinTask.doExec(ForkJoinTask.java:511)
	at java.base/java.util.concurrent.ForkJoinPool$WorkQueue.tryRemoveAndExec(ForkJoinPool.java:1490)
	at java.base/java.util.concurrent.ForkJoinPool.helpJoin(ForkJoinPool.java:2248)
	at java.base/java.util.concurrent.ForkJoinTask.awaitDone(ForkJoinTask.java:499)
	at java.base/java.util.concurrent.ForkJoinTask.join(ForkJoinTask.java:666)
	at java.base/java.util.concurrent.ForkJoinTask.doExec(ForkJoinTask.java:511)
	at java.base/java.util.concurrent.ForkJoinPool$WorkQueue.topLevelExec(ForkJoinPool.java:1450)
	at java.base/java.util.concurrent.ForkJoinPool.runWorker(ForkJoinPool.java:2019)
	at java.base/java.util.concurrent.ForkJoinWorkerThread.run(ForkJoinWorkerThread.java:187)

[ERROR] org.fugazi.tests.UrlResilienceTest.shouldHandleInvalidProductIdGracefully -- Time elapsed: 12.38 s <<< FAILURE!
org.assertj.core.error.AssertJMultipleFailuresError: 

Multiple Failures (1 failure)
-- failure 1 --
[Should handle invalid product gracefully] 
Expecting value to be true but was false
at UrlResilienceTest.lambda$shouldHandleInvalidProductIdGracefully$0(UrlResilienceTest.java:44)
	at org.fugazi.tests.UrlResilienceTest.shouldHandleInvalidProductIdGracefully(UrlResilienceTest.java:31)
	at java.base/java.lang.reflect.Method.invoke(Method.java:565)
	at java.base/java.util.concurrent.ForkJoinTask.doExec(ForkJoinTask.java:511)
	at java.base/java.util.concurrent.ForkJoinPool$WorkQueue.topLevelExec(ForkJoinPool.java:1450)
	at java.base/java.util.concurrent.ForkJoinPool.runWorker(ForkJoinPool.java:2019)
	at java.base/java.util.concurrent.ForkJoinWorkerThread.run(ForkJoinWorkerThread.java:187)

[INFO] 
[INFO] Results:
[INFO] 
[ERROR] Failures: 
[ERROR]   AuthenticationRedirectTest.shouldPreserveRedirectParameterWhenNavigatingToLoginFromCart:62 
Multiple Failures (1 failure)
-- failure 1 --
[URL should contain redirect parameter] 
Expecting actual:
  "https://music-tech-shop.vercel.app/cart"
to contain:
  "redirect=/cart" 
at AuthenticationRedirectTest.lambda$shouldPreserveRedirectParameterWhenNavigatingToLoginFromCart$0(AuthenticationRedirectTest.java:65)
[ERROR]   AuthenticationRedirectTest.shouldRedirectToLoginWhenUnauthenticatedUserAccessesCart:30 
Multiple Failures (2 failures)
-- failure 1 --
[URL should contain /login] 
Expecting actual:
  "https://music-tech-shop.vercel.app/cart"
to contain:
  "/login" 
at AuthenticationRedirectTest.lambda$shouldRedirectToLoginWhenUnauthenticatedUserAccessesCart$0(AuthenticationRedirectTest.java:35)
-- failure 2 --
[URL should contain redirect=/cart parameter] 
Expecting actual:
  "https://music-tech-shop.vercel.app/cart"
to contain:
  "redirect=/cart" 
at AuthenticationRedirectTest.lambda$shouldRedirectToLoginWhenUnauthenticatedUserAccessesCart$0(AuthenticationRedirectTest.java:39)
[ERROR]   CartPersistenceTest.shouldPreserveCartItemsAfterPageRefresh:81 
Multiple Failures (1 failure)
-- failure 1 --
[Cart items should be preserved] 
Expecting actual:
  []
to contain exactly (and in same order):
  ["Casio CZ-101 Vintage Synthesizer"]
but could not find the following elements:
  ["Casio CZ-101 Vintage Synthesizer"]
at CartPersistenceTest.lambda$shouldPreserveCartItemsAfterPageRefresh$0(CartPersistenceTest.java:88)
[ERROR]   ProductDetailExtendedTest.shouldCalculateTotalPriceCorrectlyForMultipleQuantities:79 
Multiple Failures (2 failures)
-- failure 1 --
[Quantity should be set to 5] 
expected: 5
 but was: 1
at ProductDetailExtendedTest.lambda$shouldCalculateTotalPriceCorrectlyForMultipleQuantities$0(ProductDetailExtendedTest.java:82)
-- failure 2 --
[Total price should be unit × 5] 
Expecting actual:
  899.99
to be close to:
  4499.95
by less than 0.01 but difference was 3599.96.
(a difference of exactly 0.01 being considered valid)
at ProductDetailExtendedTest.lambda$shouldCalculateTotalPriceCorrectlyForMultipleQuantities$0(ProductDetailExtendedTest.java:90)
[ERROR]   ProductDetailExtendedTest.shouldUpdateTotalPriceWhenQuantityChanges:44 
Multiple Failures (1 failure)
-- failure 1 --
[Quantity should increase by 1] 
expected: 2
 but was: 1
at ProductDetailExtendedTest.lambda$shouldUpdateTotalPriceWhenQuantityChanges$0(ProductDetailExtendedTest.java:47)
[ERROR]   SearchExtendedTest.shouldTrimLeadingAndTrailingWhitespace:99 
Multiple Failures (1 failure)
-- failure 1 --
[Should trim whitespace and find results] 
Expecting value to be true but was false
at SearchExtendedTest.lambda$shouldTrimLeadingAndTrailingWhitespace$0(SearchExtendedTest.java:109)
[ERROR]   UrlResilienceTest.shouldHandleInvalidProductIdGracefully:31 
Multiple Failures (1 failure)
-- failure 1 --
[Should handle invalid product gracefully] 
Expecting value to be true but was false
at UrlResilienceTest.lambda$shouldHandleInvalidProductIdGracefully$0(UrlResilienceTest.java:44)
[ERROR]   UrlResilienceTest.shouldHandleMalformedUrlGracefully:242 
Multiple Failures (1 failure)
-- failure 1 --
[Should handle malformed URL gracefully] 
Expecting value to be true but was false
at UrlResilienceTest.lambda$shouldHandleMalformedUrlGracefully$0(UrlResilienceTest.java:252)
[ERROR]   UrlResilienceTest.shouldHandleNegativeProductIdGracefully:66 
Multiple Failures (1 failure)
-- failure 1 --
[Should handle negative product ID gracefully] 
Expecting value to be true but was false
at UrlResilienceTest.lambda$shouldHandleNegativeProductIdGracefully$0(UrlResilienceTest.java:76)
[ERROR]   UrlResilienceTest.shouldHandleNonExistentRouteGracefully:216 
Multiple Failures (1 failure)
-- failure 1 --
[Should handle non-existent route gracefully] 
Expecting value to be true but was false
at UrlResilienceTest.lambda$shouldHandleNonExistentRouteGracefully$0(UrlResilienceTest.java:226)
[ERROR] Errors: 
[ERROR]   AuthenticationRedirectTest.shouldNotRedirectToLoginWhenUserIsAlreadyAuthenticated:82 » Timeout Expected condition failed: waiting for visibility of element located by By.cssSelector: [data-testid='login-email-input'] (tried for 10 second(s) with 500 milliseconds interval)
Build info: version: '4.27.0', revision: 'd6e718d134'
System info: os.name: 'Windows 11', os.arch: 'amd64', os.version: '10.0', java.version: '25'
Driver info: org.openqa.selenium.chrome.ChromeDriver
Capabilities {acceptInsecureCerts: false, browserName: chrome, browserVersion: 144.0.7559.96, chrome: {chromedriverVersion: 144.0.7559.96 (d7b80622cfab..., userDataDir: C:\Users\dougl\AppData\Loca...}, fedcm:accounts: true, goog:chromeOptions: {debuggerAddress: localhost:54992}, goog:processID: 48176, networkConnectionEnabled: false, pageLoadStrategy: normal, platformName: windows, proxy: Proxy(), se:cdp: ws://localhost:54992/devtoo..., se:cdpVersion: 144.0.7559.96, setWindowRect: true, strictFileInteractability: false, timeouts: {implicit: 0, pageLoad: 300000, script: 30000}, unhandledPromptBehavior: dismiss and notify, webauthn:extension:credBlob: true, webauthn:extension:largeBlob: true, webauthn:extension:minPinLength: true, webauthn:extension:prf: true, webauthn:virtualAuthenticators: true}
Session ID: efc1ab492ac609f1e30775bd7df8045a
[INFO] 
[ERROR] Tests run: 185, Failures: 10, Errors: 1, Skipped: 7
[INFO] 
[INFO] ------------------------------------------------------------------------
[INFO] BUILD FAILURE
[INFO] ------------------------------------------------------------------------
[INFO] Total time:  05:22 min
[INFO] Finished at: 2026-01-26T11:02:22-05:00
[INFO] ------------------------------------------------------------------------
[ERROR] Failed to execute goal org.apache.maven.plugins:maven-surefire-plugin:3.2.5:test (default-test) on project selenium-automation-shop-app: There are test failures.
[ERROR] 
[ERROR] Please refer to C:\Douglas\Automation\Proyectos\Selenium\AI\selenium-automation-shop-app\target\surefire-reports for the individual test results.
[ERROR] Please refer to dump files (if any exist) [date].dump, [date]-jvmRun[N].dump and [date].dumpstream.
[ERROR] -> [Help 1]
[ERROR] 
[ERROR] To see the full stack trace of the errors, re-run Maven with the -e switch.
[ERROR] Re-run Maven using the -X switch to enable full debug logging.
[ERROR] 
[ERROR] For more information about the errors and possible solutions, please read the following articles:
[ERROR] [Help 1] http://cwiki.apache.org/confluence/display/MAVEN/MojoFailureException
